Product: MDK-ARM Professional 5.10
Component: ARM Compiler 5.04 update 1 (build 49)
Tool: armlink [5040049]

==============================================================================

Section Cross References

    main.o(.text) refers to misc.o(.text) for NVIC_PriorityGroupConfig
    main.o(.text) refers to exti.o(.text) for EXTIX_Init
    main.o(.text) refers to delay.o(.text) for delay_init
    main.o(.text) refers to usart.o(.text) for uart_init
    main.o(.text) refers to pwm.o(.text) for TIM1_GPIO_Config
    main.o(.text) refers to 128s085.o(.text) for Dac128S_Init
    main.o(.text) refers to moto.o(.text) for Y1Y2Reset
    main.o(.text) refers to adc.o(.text) for bsp_InitADC
    main.o(.text) refers to timer.o(.text) for TIM5_Int_Init
    main.o(.text) refers to stm32f4xx_tim.o(.text) for TIM_Cmd
    main.o(.text) refers to stm32f4xx_gpio.o(.text) for GPIO_ReadInputDataBit
    main.o(.text) refers to rt_memclr.o(.text) for __aeabi_memclr
    main.o(.text) refers to devicevibration.o(.text) for MovProcess
    main.o(.text) refers to usart.o(.data) for lll
    main.o(.text) refers to main.o(.data) for Flag_run
    main.o(.text) refers to usart.o(.bss) for USART_RX_BUF
    main.o(.text) refers to moto.o(.data) for Y1RSTOV
    main.o(.text) refers to adc.o(.data) for JRFlag
    main.o(.text) refers to main.o(.bss) for SendBackBuff
    system_stm32f4xx.o(.text) refers to system_stm32f4xx.o(.data) for SystemCoreClock
    exti.o(.text) refers to delay.o(.text) for delay_ms
    exti.o(.text) refers to stm32f4xx_gpio.o(.text) for GPIO_ReadInputDataBit
    exti.o(.text) refers to stm32f4xx_tim.o(.text) for TIM_Cmd
    exti.o(.text) refers to stm32f4xx_exti.o(.text) for EXTI_ClearITPendingBit
    exti.o(.text) refers to usart.o(.text) for Send_Str
    exti.o(.text) refers to stm32f4xx_rcc.o(.text) for RCC_AHB1PeriphClockCmd
    exti.o(.text) refers to stm32f4xx_syscfg.o(.text) for SYSCFG_EXTILineConfig
    exti.o(.text) refers to misc.o(.text) for NVIC_Init
    exti.o(.text) refers to moto.o(.data) for X0RSTOV
    exti.o(.text) refers to main.o(.data) for Flag_run
    exti.o(.text) refers to exti.o(.data) for TIM1_enable_door
    spi.o(.text) refers to stm32f4xx_spi.o(.text) for SPI_I2S_GetFlagStatus
    spi.o(.text) refers to stm32f4xx_rcc.o(.text) for RCC_AHB1PeriphClockCmd
    spi.o(.text) refers to stm32f4xx_gpio.o(.text) for GPIO_Init
    timer.o(.text) refers to _printf_percent.o(.ARM.Collect$$_printf_percent$$00000000) for _printf_percent
    timer.o(.text) refers to _printf_f.o(.ARM.Collect$$_printf_percent$$00000003) for _printf_f
    timer.o(.text) refers to printf1.o(x$fpl$printf1) for _printf_fp_dec
    timer.o(.text) refers to stm32f4xx_rcc.o(.text) for RCC_APB1PeriphClockCmd
    timer.o(.text) refers to stm32f4xx_tim.o(.text) for TIM_TimeBaseStructInit
    timer.o(.text) refers to misc.o(.text) for NVIC_Init
    timer.o(.text) refers to adc.o(.text) for filters
    timer.o(.text) refers to f2d.o(x$fpl$f2d) for __aeabi_f2d
    timer.o(.text) refers to __2printf.o(.text) for __2printf
    timer.o(.text) refers to moto.o(.data) for MotorY1Vib_t
    timer.o(.text) refers to timer.o(.data) for timcunt
    timer.o(.text) refers to adc.o(.data) for JRFlag
    timer.o(.text) refers to adc.o(.bss) for ad
    pwm.o(.text) refers to stm32f4xx_rcc.o(.text) for RCC_AHB1PeriphClockCmd
    pwm.o(.text) refers to stm32f4xx_gpio.o(.text) for GPIO_PinAFConfig
    pwm.o(.text) refers to stm32f4xx_tim.o(.text) for TIM_TimeBaseInit
    pwm.o(.text) refers to misc.o(.text) for NVIC_Init
    pwm.o(.text) refers to pwm.o(.data) for PWMX_Num
    pwm.o(.text) refers to moto.o(.bss) for srdx
    pwm.o(.text) refers to moto.o(.data) for XResetFlag
    moto.o(.text) refers to stm32f4xx_tim.o(.text) for TIM_Cmd
    moto.o(.text) refers to moto.o(.data) for XResetFlag
    moto.o(.text) refers to moto.o(.bss) for srdx
    moto.o(.text) refers to pwm.o(.data) for PWMY1_Num
    moto.o(.text) refers to usart.o(.data) for suspend_vib_command
    moto.o(.text) refers to exti.o(.data) for suspend_vib_door
    moto.o(.text) refers to stm32f4xx_gpio.o(.text) for GPIO_ReadInputDataBit
    moto.o(.text) refers to delay.o(.text) for delay_ms
    moto.o(.text) refers to main.o(.data) for Flag_run
    string_deal.o(.text) refers to dflt_clz.o(x$fpl$dflt) for __aeabi_i2d
    string_deal.o(.text) refers to f2d.o(x$fpl$f2d) for __aeabi_f2d
    string_deal.o(.text) refers to dmul.o(x$fpl$dmul) for __aeabi_dmul
    string_deal.o(.text) refers to daddsub_clz.o(x$fpl$dadd) for __aeabi_dadd
    string_deal.o(.text) refers to d2f.o(x$fpl$d2f) for __aeabi_d2f
    string_deal.o(.text) refers to dflt_clz.o(x$fpl$dfltu) for __aeabi_ui2d
    string_deal.o(.text) refers to pow.o(i.__hardfp_pow) for __hardfp_pow
    string_deal.o(.text) refers to dfix.o(x$fpl$dfix) for __aeabi_d2iz
    string_deal.o(.text) refers to ddiv.o(x$fpl$ddiv) for __aeabi_ddiv
    adc.o(.text) refers to stm32f4xx_rcc.o(.text) for RCC_AHB1PeriphClockCmd
[...]
    Send_Str                                 0x08012d4f   Thumb Code    22  usart.o(.text)
    USART1_IRQHandler                        0x08012d65   Thumb Code   674  usart.o(.text)
    SendOneByte_uart4                        0x08013007   Thumb Code    28  usart.o(.text)
    Send_Str_uart4                           0x08013023   Thumb Code    22  usart.o(.text)
    Package                                  0x08013039   Thumb Code   206  usart.o(.text)
    SendBack_S                               0x08013107   Thumb Code   162  usart.o(.text)
    SendBack_T                               0x080131a9   Thumb Code   432  usart.o(.text)
    SendBack_3                               0x08013359   Thumb Code   580  usart.o(.text)
    SendBack_2                               0x0801359d   Thumb Code   432  usart.o(.text)
    SendBack_1                               0x0801374d   Thumb Code   432  usart.o(.text)
    SendBack_J                               0x080138fd   Thumb Code   602  usart.o(.text)
    SendBack_H                               0x08013b57   Thumb Code   462  usart.o(.text)
    SendBack_L                               0x08013d25   Thumb Code   252  usart.o(.text)
    my_atoi                                  0x08013e21   Thumb Code   236  usart.o(.text)
    FrameCopyDeal                            0x08013f0d   Thumb Code  1604  usart.o(.text)
    USART1_Send_Data                         0x08014551   Thumb Code    56  usart.o(.text)
    DataCheck                                0x08014589   Thumb Code   248  usart.o(.text)
    SendBack                                 0x08014681   Thumb Code    36  usart.o(.text)
    Reset_Handler                            0x080146f1   Thumb Code     8  startup_stm32f40_41xxx.o(.text)
    ADC_IRQHandler                           0x0801470b   Thumb Code     0  startup_stm32f40_41xxx.o(.text)
    CAN1_RX0_IRQHandler                      0x0801470b   Thumb Code     0  startup_stm32f40_41xxx.o(.text)
    CAN1_RX1_IRQHandler                      0x0801470b   Thumb Code     0  startup_stm32f40_41xxx.o(.text)
    CAN1_SCE_IRQHandler                      0x0801470b   Thumb Code     0  startup_stm32f40_41xxx.o(.text)
    CAN1_TX_IRQHandler                       0x0801470b   Thumb Code     0  startup_stm32f40_41xxx.o(.text)
    CAN2_RX0_IRQHandler                      0x0801470b   Thumb Code     0  startup_stm32f40_41xxx.o(.text)
    CAN2_RX1_IRQHandler                      0x0801470b   Thumb Code     0  startup_stm32f40_41xxx.o(.text)
    CAN2_SCE_IRQHandler                      0x0801470b   Thumb Code     0  startup_stm32f40_41xxx.o(.text)
    CAN2_TX_IRQHandler                       0x0801470b   Thumb Code     0  startup_stm32f40_41xxx.o(.text)
    CRYP_IRQHandler                          0x0801470b   Thumb Code     0  startup_stm32f40_41xxx.o(.text)
    DCMI_IRQHandler                          0x0801470b   Thumb Code     0  startup_stm32f40_41xxx.o(.text)
    DMA1_Stream0_IRQHandler                  0x0801470b   Thumb Code     0  startup_stm32f40_41xxx.o(.text)
    DMA1_Stream1_IRQHandler                  0x0801470b   Thumb Code     0  startup_stm32f40_41xxx.o(.text)
    DMA1_Stream2_IRQHandler                  0x0801470b   Thumb Code     0  startup_stm32f40_41xxx.o(.text)
    DMA1_Stream3_IRQHandler                  0x0801470b   Thumb Code     0  startup_stm32f40_41xxx.o(.text)
    DMA1_Stream4_IRQHandler                  0x0801470b   Thumb Code     0  startup_stm32f40_41xxx.o(.text)
    DMA1_Stream5_IRQHandler                  0x0801470b   Thumb Code     0  startup_stm32f40_41xxx.o(.text)
    DMA1_Stream7_IRQHandler                  0x0801470b   Thumb Code     0  startup_stm32f40_41xxx.o(.text)
    DMA2_Stream1_IRQHandler                  0x0801470b   Thumb Code     0  startup_stm32f40_41xxx.o(.text)
    DMA2_Stream2_IRQHandler                  0x0801470b   Thumb Code     0  startup_stm32f40_41xxx.o(.text)
    DMA2_Stream3_IRQHandler                  0x0801470b   Thumb Code     0  startup_stm32f40_41xxx.o(.text)
    DMA2_Stream4_IRQHandler                  0x0801470b   Thumb Code     0  startup_stm32f40_41xxx.o(.text)
    DMA2_Stream5_IRQHandler                  0x0801470b   Thumb Code     0  startup_stm32f40_41xxx.o(.text)
    DMA2_Stream6_IRQHandler                  0x0801470b   Thumb Code     0  startup_stm32f40_41xxx.o(.text)
    DMA2_Stream7_IRQHandler                  0x0801470b   Thumb Code     0  startup_stm32f40_41xxx.o(.text)
    ETH_IRQHandler                           0x0801470b   Thumb Code     0  startup_stm32f40_41xxx.o(.text)
    ETH_WKUP_IRQHandler                      0x0801470b   Thumb Code     0  startup_stm32f40_41xxx.o(.text)
    EXTI0_IRQHandler                         0x0801470b   Thumb Code     0  startup_stm32f40_41xxx.o(.text)
    EXTI15_10_IRQHandler                     0x0801470b   Thumb Code     0  startup_stm32f40_41xxx.o(.text)
    EXTI1_IRQHandler                         0x0801470b   Thumb Code     0  startup_stm32f40_41xxx.o(.text)
    FLASH_IRQHandler                         0x0801470b   Thumb Code     0  startup_stm32f40_41xxx.o(.text)
    FPU_IRQHandler                           0x0801470b   Thumb Code     0  startup_stm32f40_41xxx.o(.text)
    FSMC_IRQHandler                          0x0801470b   Thumb Code     0  startup_stm32f40_41xxx.o(.text)
    HASH_RNG_IRQHandler                      0x0801470b   Thumb Code     0  startup_stm32f40_41xxx.o(.text)
    I2C1_ER_IRQHandler                       0x0801470b   Thumb Code     0  startup_stm32f40_41xxx.o(.text)
    I2C1_EV_IRQHandler                       0x0801470b   Thumb Code     0  startup_stm32f40_41xxx.o(.text)
    I2C2_ER_IRQHandler                       0x0801470b   Thumb Code     0  startup_stm32f40_41xxx.o(.text)
    I2C2_EV_IRQHandler                       0x0801470b   Thumb Code     0  startup_stm32f40_41xxx.o(.text)
    I2C3_ER_IRQHandler                       0x0801470b   Thumb Code     0  startup_stm32f40_41xxx.o(.text)
    I2C3_EV_IRQHandler                       0x0801470b   Thumb Code     0  startup_stm32f40_41xxx.o(.text)
    OTG_FS_IRQHandler                        0x0801470b   Thumb Code     0  startup_stm32f40_41xxx.o(.text)
    OTG_FS_WKUP_IRQHandler                   0x0801470b   Thumb Code     0  startup_stm32f40_41xxx.o(.text)
    OTG_HS_EP1_IN_IRQHandler                 0x0801470b   Thumb Code     0  startup_stm32f40_41xxx.o(.text)
    OTG_HS_EP1_OUT_IRQHandler                0x0801470b   Thumb Code     0  startup_stm32f40_41xxx.o(.text)
    OTG_HS_IRQHandler                        0x0801470b   Thumb Code     0  startup_stm32f40_41xxx.o(.text)
    OTG_HS_WKUP_IRQHandler                   0x0801470b   Thumb Code     0  startup_stm32f40_41xxx.o(.text)
    PVD_IRQHandler                           0x0801470b   Thumb Code     0  startup_stm32f40_41xxx.o(.text)
    RCC_IRQHandler                           0x0801470b   Thumb Code     0  startup_stm32f40_41xxx.o(.text)
    RTC_Alarm_IRQHandler                     0x0801470b   Thumb Code     0  startup_stm32f40_41xxx.o(.text)
    RTC_WKUP_IRQHandler                      0x0801470b   Thumb Code     0  startup_stm32f40_41xxx.o(.text)
    SDIO_IRQHandler                          0x0801470b   Thumb Code     0  startup_stm32f40_41xxx.o(.text)
    SPI1_IRQHandler                          0x0801470b   Thumb Code     0  startup_stm32f40_41xxx.o(.text)
    SPI2_IRQHandler                          0x0801470b   Thumb Code     0  startup_stm32f40_41xxx.o(.text)
    SPI3_IRQHandler                          0x0801470b   Thumb Code     0  startup_stm32f40_41xxx.o(.text)
    TAMP_STAMP_IRQHandler                    0x0801470b   Thumb Code     0  startup_stm32f40_41xxx.o(.text)
    TIM1_BRK_TIM9_IRQHandler                 0x0801470b   Thumb Code     0  startup_stm32f40_41xxx.o(.text)
    TIM1_CC_IRQHandler                       0x0801470b   Thumb Code     0  startup_stm32f40_41xxx.o(.text)
    TIM1_TRG_COM_TIM11_IRQHandler            0x0801470b   Thumb Code     0  startup_stm32f40_41xxx.o(.text)
    TIM2_IRQHandler                          0x0801470b   Thumb Code     0  startup_stm32f40_41xxx.o(.text)
    TIM4_IRQHandler                          0x0801470b   Thumb Code     0  startup_stm32f40_41xxx.o(.text)
    TIM6_DAC_IRQHandler                      0x0801470b   Thumb Code     0  startup_stm32f40_41xxx.o(.text)
    TIM8_BRK_TIM12_IRQHandler                0x0801470b   Thumb Code     0  startup_stm32f40_41xxx.o(.text)
    TIM8_CC_IRQHandler                       0x0801470b   Thumb Code     0  startup_stm32f40_41xxx.o(.text)
    TIM8_TRG_COM_TIM14_IRQHandler            0x0801470b   Thumb Code     0  startup_stm32f40_41xxx.o(.text)
    UART4_IRQHandler                         0x0801470b   Thumb Code     0  startup_stm32f40_41xxx.o(.text)
    UART5_IRQHandler                         0x0801470b   Thumb Code     0  startup_stm32f40_41xxx.o(.text)
    USART2_IRQHandler                        0x0801470b   Thumb Code     0  startup_stm32f40_41xxx.o(.text)
    USART6_IRQHandler                        0x0801470b   Thumb Code     0  startup_stm32f40_41xxx.o(.text)
    WWDG_IRQHandler                          0x0801470b   Thumb Code     0  startup_stm32f40_41xxx.o(.text)
    __user_initial_stackheap                 0x0801470d   Thumb Code     0  startup_stm32f40_41xxx.o(.text)
    NVIC_PriorityGroupConfig                 0x08014731   Thumb Code    10  misc.o(.text)
    NVIC_Init                                0x0801473b   Thumb Code   106  misc.o(.text)
    NVIC_SetVectorTable                      0x080147a5   Thumb Code    14  misc.o(.text)
    NVIC_SystemLPConfig                      0x080147b3   Thumb Code    34  misc.o(.text)
    SysTick_CLKSourceConfig                  0x080147d5   Thumb Code    40  misc.o(.text)
    GPIO_DeInit                              0x08014811   Thumb Code   268  stm32f4xx_gpio.o(.text)
    GPIO_Init                                0x0801491d   Thumb Code   144  stm32f4xx_gpio.o(.text)
    GPIO_StructInit                          0x080149ad   Thumb Code    18  stm32f4xx_gpio.o(.text)
    GPIO_PinLockConfig                       0x080149bf   Thumb Code    34  stm32f4xx_gpio.o(.text)
    GPIO_ReadInputDataBit                    0x080149e1   Thumb Code    18  stm32f4xx_gpio.o(.text)
    GPIO_ReadInputData                       0x080149f3   Thumb Code     8  stm32f4xx_gpio.o(.text)
    GPIO_ReadOutputDataBit                   0x080149fb   Thumb Code    18  stm32f4xx_gpio.o(.text)
    GPIO_ReadOutputData                      0x08014a0d   Thumb Code     8  stm32f4xx_gpio.o(.text)
    GPIO_SetBits                             0x08014a15   Thumb Code     4  stm32f4xx_gpio.o(.text)
    GPIO_ResetBits                           0x08014a19   Thumb Code     4  stm32f4xx_gpio.o(.text)
    GPIO_WriteBit                            0x08014a1d   Thumb Code    10  stm32f4xx_gpio.o(.text)
    GPIO_Write                               0x08014a27   Thumb Code     4  stm32f4xx_gpio.o(.text)
    GPIO_ToggleBits                          0x08014a2b   Thumb Code     8  stm32f4xx_gpio.o(.text)
    GPIO_PinAFConfig                         0x08014a33   Thumb Code    70  stm32f4xx_gpio.o(.text)
    RCC_DeInit                               0x08014aa5   Thumb Code    82  stm32f4xx_rcc.o(.text)
    RCC_HSEConfig                            0x08014af7   Thumb Code    14  stm32f4xx_rcc.o(.text)
    RCC_GetFlagStatus                        0x08014b05   Thumb Code    60  stm32f4xx_rcc.o(.text)
    RCC_WaitForHSEStartUp                    0x08014b41   Thumb Code    56  stm32f4xx_rcc.o(.text)
    RCC_AdjustHSICalibrationValue            0x08014b79   Thumb Code    20  stm32f4xx_rcc.o(.text)
    RCC_HSICmd                               0x08014b8d   Thumb Code     6  stm32f4xx_rcc.o(.text)
    RCC_LSEConfig                            0x08014b93   Thumb Code    46  stm32f4xx_rcc.o(.text)
    RCC_LSICmd                               0x08014bc1   Thumb Code     6  stm32f4xx_rcc.o(.text)
    RCC_PLLConfig                            0x08014bc7   Thumb Code    32  stm32f4xx_rcc.o(.text)
    RCC_PLLCmd                               0x08014be7   Thumb Code     6  stm32f4xx_rcc.o(.text)
    RCC_PLLI2SConfig                         0x08014bed   Thumb Code    14  stm32f4xx_rcc.o(.text)
    RCC_PLLI2SCmd                            0x08014bfb   Thumb Code     6  stm32f4xx_rcc.o(.text)
    RCC_PLLSAIConfig                         0x08014c01   Thumb Code    20  stm32f4xx_rcc.o(.text)
    RCC_PLLSAICmd                            0x08014c15   Thumb Code     6  stm32f4xx_rcc.o(.text)
    RCC_ClockSecuritySystemCmd               0x08014c1b   Thumb Code     6  stm32f4xx_rcc.o(.text)
    RCC_MCO1Config                           0x08014c21   Thumb Code    28  stm32f4xx_rcc.o(.text)
    RCC_MCO2Config                           0x08014c3d   Thumb Code    28  stm32f4xx_rcc.o(.text)
    RCC_SYSCLKConfig                         0x08014c59   Thumb Code    20  stm32f4xx_rcc.o(.text)
    RCC_GetSYSCLKSource                      0x08014c6d   Thumb Code    12  stm32f4xx_rcc.o(.text)
    RCC_HCLKConfig                           0x08014c79   Thumb Code    20  stm32f4xx_rcc.o(.text)
    RCC_PCLK1Config                          0x08014c8d   Thumb Code    20  stm32f4xx_rcc.o(.text)
    RCC_PCLK2Config                          0x08014ca1   Thumb Code    22  stm32f4xx_rcc.o(.text)
    RCC_GetClocksFreq                        0x08014cb7   Thumb Code   222  stm32f4xx_rcc.o(.text)
    RCC_RTCCLKConfig                         0x08014d95   Thumb Code    54  stm32f4xx_rcc.o(.text)
    RCC_RTCCLKCmd                            0x08014dcb   Thumb Code     8  stm32f4xx_rcc.o(.text)
    RCC_BackupResetCmd                       0x08014dd3   Thumb Code     8  stm32f4xx_rcc.o(.text)
    RCC_I2SCLKConfig                         0x08014ddb   Thumb Code     6  stm32f4xx_rcc.o(.text)
    RCC_SAIPLLI2SClkDivConfig                0x08014de1   Thumb Code    26  stm32f4xx_rcc.o(.text)
    RCC_SAIPLLSAIClkDivConfig                0x08014dfb   Thumb Code    28  stm32f4xx_rcc.o(.text)
    RCC_SAIBlockACLKConfig                   0x08014e17   Thumb Code    20  stm32f4xx_rcc.o(.text)
    RCC_SAIBlockBCLKConfig                   0x08014e2b   Thumb Code    20  stm32f4xx_rcc.o(.text)
    RCC_LTDCCLKDivConfig                     0x08014e3f   Thumb Code    20  stm32f4xx_rcc.o(.text)
    RCC_TIMCLKPresConfig                     0x08014e53   Thumb Code     6  stm32f4xx_rcc.o(.text)
    RCC_AHB1PeriphClockCmd                   0x08014e59   Thumb Code    34  stm32f4xx_rcc.o(.text)
    RCC_AHB2PeriphClockCmd                   0x08014e7b   Thumb Code    78  stm32f4xx_rcc.o(.text)
    RCC_AHB3PeriphClockCmd                   0x08014ec9   Thumb Code    34  stm32f4xx_rcc.o(.text)
    RCC_APB1PeriphClockCmd                   0x08014eeb   Thumb Code    34  stm32f4xx_rcc.o(.text)
    RCC_APB2PeriphClockCmd                   0x08014f0d   Thumb Code    34  stm32f4xx_rcc.o(.text)
    RCC_AHB1PeriphResetCmd                   0x08014f2f   Thumb Code    34  stm32f4xx_rcc.o(.text)
    RCC_AHB2PeriphResetCmd                   0x08014f51   Thumb Code    34  stm32f4xx_rcc.o(.text)
    RCC_AHB3PeriphResetCmd                   0x08014f73   Thumb Code    34  stm32f4xx_rcc.o(.text)
    RCC_APB1PeriphResetCmd                   0x08014f95   Thumb Code    34  stm32f4xx_rcc.o(.text)
    RCC_APB2PeriphResetCmd                   0x08014fb7   Thumb Code    34  stm32f4xx_rcc.o(.text)
    RCC_AHB1PeriphClockLPModeCmd             0x08014fd9   Thumb Code    34  stm32f4xx_rcc.o(.text)
    RCC_AHB2PeriphClockLPModeCmd             0x08014ffb   Thumb Code    34  stm32f4xx_rcc.o(.text)
    RCC_AHB3PeriphClockLPModeCmd             0x0801501d   Thumb Code    34  stm32f4xx_rcc.o(.text)
    RCC_APB1PeriphClockLPModeCmd             0x0801503f   Thumb Code    34  stm32f4xx_rcc.o(.text)
    RCC_APB2PeriphClockLPModeCmd             0x08015061   Thumb Code    34  stm32f4xx_rcc.o(.text)
    RCC_LSEModeConfig                        0x08015083   Thumb Code    40  stm32f4xx_rcc.o(.text)
    RCC_ITConfig                             0x080150ab   Thumb Code    34  stm32f4xx_rcc.o(.text)
    RCC_ClearFlag                            0x080150cd   Thumb Code    18  stm32f4xx_rcc.o(.text)
    RCC_GetITStatus                          0x080150df   Thumb Code    22  stm32f4xx_rcc.o(.text)
    RCC_ClearITPendingBit                    0x080150f5   Thumb Code     8  stm32f4xx_rcc.o(.text)
    SYSCFG_DeInit                            0x08015101   Thumb Code    22  stm32f4xx_syscfg.o(.text)
    SYSCFG_MemoryRemapConfig                 0x08015117   Thumb Code     6  stm32f4xx_syscfg.o(.text)
    SYSCFG_MemorySwappingBank                0x0801511d   Thumb Code     6  stm32f4xx_syscfg.o(.text)
    SYSCFG_EXTILineConfig                    0x08015123   Thumb Code    66  stm32f4xx_syscfg.o(.text)
    SYSCFG_ETH_MediaInterfaceConfig          0x08015165   Thumb Code     8  stm32f4xx_syscfg.o(.text)
    SYSCFG_CompensationCellCmd               0x0801516d   Thumb Code     6  stm32f4xx_syscfg.o(.text)
    SYSCFG_GetCompensationCellStatus         0x08015173   Thumb Code    22  stm32f4xx_syscfg.o(.text)
    USART_DeInit                             0x08015195   Thumb Code   206  stm32f4xx_usart.o(.text)
    USART_Init                               0x08015263   Thumb Code   204  stm32f4xx_usart.o(.text)
    USART_StructInit                         0x0801532f   Thumb Code    24  stm32f4xx_usart.o(.text)
    USART_ClockInit                          0x08015347   Thumb Code    32  stm32f4xx_usart.o(.text)
    USART_ClockStructInit                    0x08015367   Thumb Code    12  stm32f4xx_usart.o(.text)
    USART_Cmd                                0x08015373   Thumb Code    24  stm32f4xx_usart.o(.text)
    USART_SetPrescaler                       0x0801538b   Thumb Code    16  stm32f4xx_usart.o(.text)
    USART_OverSampling8Cmd                   0x0801539b   Thumb Code    22  stm32f4xx_usart.o(.text)
    USART_OneBitMethodCmd                    0x080153b1   Thumb Code    24  stm32f4xx_usart.o(.text)
    USART_SendData                           0x080153c9   Thumb Code     8  stm32f4xx_usart.o(.text)
    USART_ReceiveData                        0x080153d1   Thumb Code    10  stm32f4xx_usart.o(.text)
    USART_SetAddress                         0x080153db   Thumb Code    18  stm32f4xx_usart.o(.text)
    USART_ReceiverWakeUpCmd                  0x080153ed   Thumb Code    24  stm32f4xx_usart.o(.text)
    USART_WakeUpConfig                       0x08015405   Thumb Code    18  stm32f4xx_usart.o(.text)
    USART_LINBreakDetectLengthConfig         0x08015417   Thumb Code    18  stm32f4xx_usart.o(.text)
    USART_LINCmd                             0x08015429   Thumb Code    24  stm32f4xx_usart.o(.text)
    USART_SendBreak                          0x08015441   Thumb Code    10  stm32f4xx_usart.o(.text)
    USART_HalfDuplexCmd                      0x0801544b   Thumb Code    24  stm32f4xx_usart.o(.text)
    USART_SetGuardTime                       0x08015463   Thumb Code    16  stm32f4xx_usart.o(.text)
    USART_SmartCardCmd                       0x08015473   Thumb Code    24  stm32f4xx_usart.o(.text)
    USART_SmartCardNACKCmd                   0x0801548b   Thumb Code    24  stm32f4xx_usart.o(.text)
    USART_IrDAConfig                         0x080154a3   Thumb Code    18  stm32f4xx_usart.o(.text)
    USART_IrDACmd                            0x080154b5   Thumb Code    24  stm32f4xx_usart.o(.text)
    USART_DMACmd                             0x080154cd   Thumb Code    18  stm32f4xx_usart.o(.text)
    USART_ITConfig                           0x080154df   Thumb Code    74  stm32f4xx_usart.o(.text)
    USART_GetFlagStatus                      0x08015529   Thumb Code    26  stm32f4xx_usart.o(.text)
    USART_ClearFlag                          0x08015543   Thumb Code    18  stm32f4xx_usart.o(.text)
    USART_GetITStatus                        0x08015555   Thumb Code   118  stm32f4xx_usart.o(.text)
    USART_ClearITPendingBit                  0x080155cb   Thumb Code    30  stm32f4xx_usart.o(.text)
    DMA_DeInit                               0x080155e9   Thumb Code   324  stm32f4xx_dma.o(.text)
    DMA_Init                                 0x0801572d   Thumb Code    82  stm32f4xx_dma.o(.text)
    DMA_StructInit                           0x0801577f   Thumb Code    34  stm32f4xx_dma.o(.text)
    DMA_Cmd                                  0x080157a1   Thumb Code    22  stm32f4xx_dma.o(.text)
    DMA_PeriphIncOffsetSizeConfig            0x080157b7   Thumb Code    22  stm32f4xx_dma.o(.text)
    DMA_FlowControllerConfig                 0x080157cd   Thumb Code    22  stm32f4xx_dma.o(.text)
    DMA_SetCurrDataCounter                   0x080157e3   Thumb Code     4  stm32f4xx_dma.o(.text)
    DMA_GetCurrDataCounter                   0x080157e7   Thumb Code     8  stm32f4xx_dma.o(.text)
    DMA_DoubleBufferModeConfig               0x080157ef   Thumb Code    24  stm32f4xx_dma.o(.text)
    DMA_DoubleBufferModeCmd                  0x08015807   Thumb Code    22  stm32f4xx_dma.o(.text)
    DMA_MemoryTargetConfig                   0x0801581d   Thumb Code    10  stm32f4xx_dma.o(.text)
    DMA_GetCurrentMemoryTarget               0x08015827   Thumb Code    20  stm32f4xx_dma.o(.text)
    DMA_GetCmdStatus                         0x0801583b   Thumb Code    20  stm32f4xx_dma.o(.text)
    DMA_GetFIFOStatus                        0x0801584f   Thumb Code    12  stm32f4xx_dma.o(.text)
    DMA_GetFlagStatus                        0x0801585b   Thumb Code    56  stm32f4xx_dma.o(.text)
    DMA_ClearFlag                            0x08015893   Thumb Code    40  stm32f4xx_dma.o(.text)
    DMA_ITConfig                             0x080158bb   Thumb Code    58  stm32f4xx_dma.o(.text)
    DMA_GetITStatus                          0x080158f5   Thumb Code    84  stm32f4xx_dma.o(.text)
    DMA_ClearITPendingBit                    0x08015949   Thumb Code    40  stm32f4xx_dma.o(.text)
    EXTI_DeInit                              0x08015991   Thumb Code    28  stm32f4xx_exti.o(.text)
    EXTI_Init                                0x080159ad   Thumb Code   142  stm32f4xx_exti.o(.text)
    EXTI_StructInit                          0x08015a3b   Thumb Code    16  stm32f4xx_exti.o(.text)
    EXTI_GenerateSWInterrupt                 0x08015a4b   Thumb Code    16  stm32f4xx_exti.o(.text)
    EXTI_GetFlagStatus                       0x08015a5b   Thumb Code    22  stm32f4xx_exti.o(.text)
    EXTI_ClearFlag                           0x08015a71   Thumb Code     8  stm32f4xx_exti.o(.text)
    EXTI_GetITStatus                         0x08015a79   Thumb Code    22  stm32f4xx_exti.o(.text)
    EXTI_ClearITPendingBit                   0x08015a8f   Thumb Code     8  stm32f4xx_exti.o(.text)
    TIM_DeInit                               0x08015aa1   Thumb Code   346  stm32f4xx_tim.o(.text)
    TIM_TimeBaseInit                         0x08015bfb   Thumb Code   104  stm32f4xx_tim.o(.text)
    TIM_TimeBaseStructInit                   0x08015c63   Thumb Code    18  stm32f4xx_tim.o(.text)
    TIM_PrescalerConfig                      0x08015c75   Thumb Code     6  stm32f4xx_tim.o(.text)
    TIM_CounterModeConfig                    0x08015c7b   Thumb Code    18  stm32f4xx_tim.o(.text)
    TIM_SetCounter                           0x08015c8d   Thumb Code     4  stm32f4xx_tim.o(.text)
    TIM_SetAutoreload                        0x08015c91   Thumb Code     4  stm32f4xx_tim.o(.text)
    TIM_GetCounter                           0x08015c95   Thumb Code     6  stm32f4xx_tim.o(.text)
    TIM_GetPrescaler                         0x08015c9b   Thumb Code     6  stm32f4xx_tim.o(.text)
    TIM_UpdateDisableConfig                  0x08015ca1   Thumb Code    24  stm32f4xx_tim.o(.text)
    TIM_UpdateRequestConfig                  0x08015cb9   Thumb Code    24  stm32f4xx_tim.o(.text)
    TIM_ARRPreloadConfig                     0x08015cd1   Thumb Code    24  stm32f4xx_tim.o(.text)
    TIM_SelectOnePulseMode                   0x08015ce9   Thumb Code    18  stm32f4xx_tim.o(.text)
    TIM_SetClockDivision                     0x08015cfb   Thumb Code    18  stm32f4xx_tim.o(.text)
    TIM_Cmd                                  0x08015d0d   Thumb Code    24  stm32f4xx_tim.o(.text)
    TIM_OC1Init                              0x08015d25   Thumb Code   114  stm32f4xx_tim.o(.text)
    TIM_OC2Init                              0x08015d97   Thumb Code   154  stm32f4xx_tim.o(.text)
    TIM_OC3Init                              0x08015e31   Thumb Code   204  stm32f4xx_tim.o(.text)
    TIM_OC4Init                              0x08015efd   Thumb Code   112  stm32f4xx_tim.o(.text)
    TIM_OCStructInit                         0x08015f6d   Thumb Code    20  stm32f4xx_tim.o(.text)
    TIM_SelectOCxM                           0x08015f81   Thumb Code    86  stm32f4xx_tim.o(.text)
    TIM_SetCompare1                          0x08015fd7   Thumb Code     4  stm32f4xx_tim.o(.text)
    TIM_SetCompare2                          0x08015fdb   Thumb Code     4  stm32f4xx_tim.o(.text)
    TIM_SetCompare3                          0x08015fdf   Thumb Code     4  stm32f4xx_tim.o(.text)
    TIM_SetCompare4                          0x08015fe3   Thumb Code     4  stm32f4xx_tim.o(.text)
    TIM_ForcedOC1Config                      0x08015fe7   Thumb Code    18  stm32f4xx_tim.o(.text)
    TIM_ForcedOC2Config                      0x08015ff9   Thumb Code    26  stm32f4xx_tim.o(.text)
    TIM_ForcedOC3Config                      0x08016013   Thumb Code    18  stm32f4xx_tim.o(.text)
    TIM_ForcedOC4Config                      0x08016025   Thumb Code    26  stm32f4xx_tim.o(.text)
    TIM_OC1PreloadConfig                     0x0801603f   Thumb Code    18  stm32f4xx_tim.o(.text)
    TIM_OC2PreloadConfig                     0x08016051   Thumb Code    26  stm32f4xx_tim.o(.text)
    TIM_OC3PreloadConfig                     0x0801606b   Thumb Code    18  stm32f4xx_tim.o(.text)
    TIM_OC4PreloadConfig                     0x0801607d   Thumb Code    26  stm32f4xx_tim.o(.text)
    TIM_OC1FastConfig                        0x08016097   Thumb Code    18  stm32f4xx_tim.o(.text)
    TIM_OC2FastConfig                        0x080160a9   Thumb Code    26  stm32f4xx_tim.o(.text)
    TIM_OC3FastConfig                        0x080160c3   Thumb Code    18  stm32f4xx_tim.o(.text)
    TIM_OC4FastConfig                        0x080160d5   Thumb Code    26  stm32f4xx_tim.o(.text)
    TIM_ClearOC1Ref                          0x080160ef   Thumb Code    18  stm32f4xx_tim.o(.text)
    TIM_ClearOC2Ref                          0x08016101   Thumb Code    24  stm32f4xx_tim.o(.text)
    TIM_ClearOC3Ref                          0x08016119   Thumb Code    18  stm32f4xx_tim.o(.text)
    TIM_ClearOC4Ref                          0x0801612b   Thumb Code    24  stm32f4xx_tim.o(.text)
    TIM_OC1PolarityConfig                    0x08016143   Thumb Code    18  stm32f4xx_tim.o(.text)
    TIM_OC1NPolarityConfig                   0x08016155   Thumb Code    18  stm32f4xx_tim.o(.text)
    TIM_OC2PolarityConfig                    0x08016167   Thumb Code    26  stm32f4xx_tim.o(.text)
    TIM_OC2NPolarityConfig                   0x08016181   Thumb Code    26  stm32f4xx_tim.o(.text)
    TIM_OC3PolarityConfig                    0x0801619b   Thumb Code    26  stm32f4xx_tim.o(.text)
    TIM_OC3NPolarityConfig                   0x080161b5   Thumb Code    26  stm32f4xx_tim.o(.text)
    TIM_OC4PolarityConfig                    0x080161cf   Thumb Code    26  stm32f4xx_tim.o(.text)
    TIM_CCxCmd                               0x080161e9   Thumb Code    30  stm32f4xx_tim.o(.text)
    TIM_CCxNCmd                              0x08016207   Thumb Code    30  stm32f4xx_tim.o(.text)
    TIM_SetIC4Prescaler                      0x08016225   Thumb Code    26  stm32f4xx_tim.o(.text)
    TIM_SetIC3Prescaler                      0x0801628f   Thumb Code    18  stm32f4xx_tim.o(.text)
    TIM_SetIC2Prescaler                      0x080162e9   Thumb Code    26  stm32f4xx_tim.o(.text)
    TIM_SetIC1Prescaler                      0x0801635d   Thumb Code    18  stm32f4xx_tim.o(.text)
    TIM_ICInit                               0x080163a9   Thumb Code   110  stm32f4xx_tim.o(.text)
    TIM_ICStructInit                         0x08016417   Thumb Code    18  stm32f4xx_tim.o(.text)
    TIM_PWMIConfig                           0x08016429   Thumb Code   124  stm32f4xx_tim.o(.text)
    TIM_GetCapture1                          0x080164a5   Thumb Code     6  stm32f4xx_tim.o(.text)
    TIM_GetCapture2                          0x080164ab   Thumb Code     6  stm32f4xx_tim.o(.text)
    TIM_GetCapture3                          0x080164b1   Thumb Code     6  stm32f4xx_tim.o(.text)
    TIM_GetCapture4                          0x080164b7   Thumb Code     6  stm32f4xx_tim.o(.text)
    TIM_BDTRConfig                           0x080164bd   Thumb Code    32  stm32f4xx_tim.o(.text)
    TIM_BDTRStructInit                       0x080164dd   Thumb Code    18  stm32f4xx_tim.o(.text)
    TIM_CtrlPWMOutputs                       0x080164ef   Thumb Code    30  stm32f4xx_tim.o(.text)
    TIM_SelectCOM                            0x0801650d   Thumb Code    24  stm32f4xx_tim.o(.text)
    TIM_CCPreloadControl                     0x08016525   Thumb Code    24  stm32f4xx_tim.o(.text)
    TIM_ITConfig                             0x0801653d   Thumb Code    18  stm32f4xx_tim.o(.text)
    TIM_GenerateEvent                        0x0801654f   Thumb Code     4  stm32f4xx_tim.o(.text)
    TIM_GetFlagStatus                        0x08016553   Thumb Code    18  stm32f4xx_tim.o(.text)
    TIM_ClearFlag                            0x08016565   Thumb Code     6  stm32f4xx_tim.o(.text)
    TIM_GetITStatus                          0x0801656b   Thumb Code    34  stm32f4xx_tim.o(.text)
    TIM_ClearITPendingBit                    0x0801658d   Thumb Code     6  stm32f4xx_tim.o(.text)
    TIM_DMAConfig                            0x08016593   Thumb Code    10  stm32f4xx_tim.o(.text)
    TIM_DMACmd                               0x0801659d   Thumb Code    18  stm32f4xx_tim.o(.text)
    TIM_SelectCCDMA                          0x080165af   Thumb Code    24  stm32f4xx_tim.o(.text)
    TIM_InternalClockConfig                  0x080165c7   Thumb Code    12  stm32f4xx_tim.o(.text)
    TIM_SelectInputTrigger                   0x080165d3   Thumb Code    18  stm32f4xx_tim.o(.text)
    TIM_ITRxExternalClockConfig              0x080165e5   Thumb Code    24  stm32f4xx_tim.o(.text)
    TIM_TIxExternalClockConfig               0x080165fd   Thumb Code    62  stm32f4xx_tim.o(.text)
    TIM_ETRConfig                            0x0801663b   Thumb Code    28  stm32f4xx_tim.o(.text)
    TIM_ETRClockMode1Config                  0x08016657   Thumb Code    54  stm32f4xx_tim.o(.text)
    TIM_ETRClockMode2Config                  0x0801668d   Thumb Code    32  stm32f4xx_tim.o(.text)
    TIM_SelectOutputTrigger                  0x080166ad   Thumb Code    18  stm32f4xx_tim.o(.text)
    TIM_SelectSlaveMode                      0x080166bf   Thumb Code    18  stm32f4xx_tim.o(.text)
    TIM_SelectMasterSlaveMode                0x080166d1   Thumb Code    18  stm32f4xx_tim.o(.text)
    TIM_EncoderInterfaceConfig               0x080166e3   Thumb Code    66  stm32f4xx_tim.o(.text)
    TIM_SelectHallSensor                     0x08016725   Thumb Code    24  stm32f4xx_tim.o(.text)
    TIM_RemapConfig                          0x0801673d   Thumb Code     6  stm32f4xx_tim.o(.text)
    SPI_I2S_DeInit                           0x08016745   Thumb Code   152  stm32f4xx_spi.o(.text)
    SPI_Init                                 0x080167dd   Thumb Code    60  stm32f4xx_spi.o(.text)
    I2S_Init                                 0x08016819   Thumb Code   396  stm32f4xx_spi.o(.text)
    SPI_StructInit                           0x080169a5   Thumb Code    24  stm32f4xx_spi.o(.text)
    I2S_StructInit                           0x080169bd   Thumb Code    20  stm32f4xx_spi.o(.text)
    SPI_Cmd                                  0x080169d1   Thumb Code    24  stm32f4xx_spi.o(.text)
    I2S_Cmd                                  0x080169e9   Thumb Code    24  stm32f4xx_spi.o(.text)
    SPI_DataSizeConfig                       0x08016a01   Thumb Code    18  stm32f4xx_spi.o(.text)
    SPI_BiDirectionalLineConfig              0x08016a13   Thumb Code    28  stm32f4xx_spi.o(.text)
    SPI_NSSInternalSoftwareConfig            0x08016a2f   Thumb Code    30  stm32f4xx_spi.o(.text)
    SPI_SSOutputCmd                          0x08016a4d   Thumb Code    24  stm32f4xx_spi.o(.text)
    SPI_TIModeCmd                            0x08016a65   Thumb Code    24  stm32f4xx_spi.o(.text)
    I2S_FullDuplexConfig                     0x08016a7d   Thumb Code    80  stm32f4xx_spi.o(.text)
    SPI_I2S_ReceiveData                      0x08016acd   Thumb Code     6  stm32f4xx_spi.o(.text)
    SPI_I2S_SendData                         0x08016ad3   Thumb Code     4  stm32f4xx_spi.o(.text)
    SPI_CalculateCRC                         0x08016ad7   Thumb Code    24  stm32f4xx_spi.o(.text)
    SPI_TransmitCRC                          0x08016aef   Thumb Code    10  stm32f4xx_spi.o(.text)
    SPI_GetCRC                               0x08016af9   Thumb Code    16  stm32f4xx_spi.o(.text)
    SPI_GetCRCPolynomial                     0x08016b09   Thumb Code     6  stm32f4xx_spi.o(.text)
    SPI_I2S_DMACmd                           0x08016b0f   Thumb Code    18  stm32f4xx_spi.o(.text)
    SPI_I2S_ITConfig                         0x08016b21   Thumb Code    68  stm32f4xx_spi.o(.text)
    SPI_I2S_GetFlagStatus                    0x08016b65   Thumb Code    18  stm32f4xx_spi.o(.text)
    SPI_I2S_ClearFlag                        0x08016b77   Thumb Code     6  stm32f4xx_spi.o(.text)
    SPI_I2S_GetITStatus                      0x08016b7d   Thumb Code    52  stm32f4xx_spi.o(.text)
    SPI_I2S_ClearITPendingBit                0x08016bb1   Thumb Code    20  stm32f4xx_spi.o(.text)
    ADC_DeInit                               0x08016bc5   Thumb Code    22  stm32f4xx_adc.o(.text)
    ADC_Init                                 0x08016bdb   Thumb Code    74  stm32f4xx_adc.o(.text)
    ADC_StructInit                           0x08016c25   Thumb Code    20  stm32f4xx_adc.o(.text)
    ADC_CommonInit                           0x08016c39   Thumb Code    34  stm32f4xx_adc.o(.text)
    ADC_CommonStructInit                     0x08016c5b   Thumb Code    12  stm32f4xx_adc.o(.text)
    ADC_Cmd                                  0x08016c67   Thumb Code    22  stm32f4xx_adc.o(.text)
    ADC_AnalogWatchdogCmd                    0x08016c7d   Thumb Code    16  stm32f4xx_adc.o(.text)
    ADC_AnalogWatchdogThresholdsConfig       0x08016c8d   Thumb Code     6  stm32f4xx_adc.o(.text)
    ADC_AnalogWatchdogSingleChannelConfig    0x08016c93   Thumb Code    16  stm32f4xx_adc.o(.text)
    ADC_TempSensorVrefintCmd                 0x08016ca3   Thumb Code    34  stm32f4xx_adc.o(.text)
    ADC_VBATCmd                              0x08016cc5   Thumb Code    34  stm32f4xx_adc.o(.text)
    ADC_RegularChannelConfig                 0x08016ce7   Thumb Code   184  stm32f4xx_adc.o(.text)
    ADC_SoftwareStartConv                    0x08016d9f   Thumb Code    10  stm32f4xx_adc.o(.text)
    ADC_GetSoftwareStartConvStatus           0x08016da9   Thumb Code    20  stm32f4xx_adc.o(.text)
    ADC_EOCOnEachRegularChannelCmd           0x08016dbd   Thumb Code    22  stm32f4xx_adc.o(.text)
    ADC_ContinuousModeCmd                    0x08016dd3   Thumb Code    22  stm32f4xx_adc.o(.text)
    ADC_DiscModeChannelCountConfig           0x08016de9   Thumb Code    24  stm32f4xx_adc.o(.text)
    ADC_DiscModeCmd                          0x08016e01   Thumb Code    22  stm32f4xx_adc.o(.text)
    ADC_GetConversionValue                   0x08016e17   Thumb Code     8  stm32f4xx_adc.o(.text)
    ADC_GetMultiModeConversionValue          0x08016e1f   Thumb Code     8  stm32f4xx_adc.o(.text)
    ADC_DMACmd                               0x08016e27   Thumb Code    22  stm32f4xx_adc.o(.text)
    ADC_DMARequestAfterLastTransferCmd       0x08016e3d   Thumb Code    22  stm32f4xx_adc.o(.text)
    ADC_MultiModeDMARequestAfterLastTransferCmd 0x08016e53   Thumb Code    34  stm32f4xx_adc.o(.text)
    ADC_InjectedChannelConfig                0x08016e75   Thumb Code   130  stm32f4xx_adc.o(.text)
    ADC_InjectedSequencerLengthConfig        0x08016ef7   Thumb Code    24  stm32f4xx_adc.o(.text)
    ADC_SetInjectedOffset                    0x08016f0f   Thumb Code    20  stm32f4xx_adc.o(.text)
    ADC_ExternalTrigInjectedConvConfig       0x08016f23   Thumb Code    16  stm32f4xx_adc.o(.text)
    ADC_ExternalTrigInjectedConvEdgeConfig   0x08016f33   Thumb Code    16  stm32f4xx_adc.o(.text)
    ADC_SoftwareStartInjectedConv            0x08016f43   Thumb Code    10  stm32f4xx_adc.o(.text)
    ADC_GetSoftwareStartInjectedConvCmdStatus 0x08016f4d   Thumb Code    20  stm32f4xx_adc.o(.text)
    ADC_AutoInjectedConvCmd                  0x08016f61   Thumb Code    22  stm32f4xx_adc.o(.text)
    ADC_InjectedDiscModeCmd                  0x08016f77   Thumb Code    22  stm32f4xx_adc.o(.text)
    ADC_GetInjectedConversionValue           0x08016f8d   Thumb Code    28  stm32f4xx_adc.o(.text)
    ADC_ITConfig                             0x08016fa9   Thumb Code    56  stm32f4xx_adc.o(.text)
    ADC_GetFlagStatus                        0x08016fe1   Thumb Code    18  stm32f4xx_adc.o(.text)
    ADC_ClearFlag                            0x08016ff3   Thumb Code     6  stm32f4xx_adc.o(.text)
    ADC_GetITStatus                          0x08016ff9   Thumb Code    38  stm32f4xx_adc.o(.text)
    ADC_ClearITPendingBit                    0x0801701f   Thumb Code    10  stm32f4xx_adc.o(.text)
    Delay                                    0x08017029   Thumb Code    26  devicevibration.o(.text)
    MovProcess                               0x08017043   Thumb Code  2562  devicevibration.o(.text)
    __use_no_semihosting                     0x08017a71   Thumb Code     2  use_no_semi_2.o(.text)
    __c89vsprintf                            0x08017a75   Thumb Code    32  c89vsprintf.o(.text)
    __2printf                                0x08017a99   Thumb Code    20  __2printf.o(.text)
    __2sprintf                               0x08017ab1   Thumb Code    38  __2sprintf.o(.text)
    _printf_pre_padding                      0x08017add   Thumb Code    44  _printf_pad.o(.text)
    _printf_post_padding                     0x08017b09   Thumb Code    34  _printf_pad.o(.text)
    _printf_str                              0x08017b2b   Thumb Code    82  _printf_str.o(.text)
    _printf_int_dec                          0x08017b7d   Thumb Code   100  _printf_dec.o(.text)
    _printf_longlong_hex                     0x08017bf1   Thumb Code    86  _printf_hex_int_ll_ptr.o(.text)
    _printf_int_hex                          0x08017c47   Thumb Code    28  _printf_hex_int_ll_ptr.o(.text)
    _printf_ll_hex                           0x08017c63   Thumb Code    12  _printf_hex_int_ll_ptr.o(.text)
    _printf_hex_ptr                          0x08017c6f   Thumb Code    18  _printf_hex_int_ll_ptr.o(.text)
    __printf                                 0x08017c85   Thumb Code   388  __printf_flags_ss_wp.o(.text)
    strchr                                   0x08017e0d   Thumb Code    20  strchr.o(.text)
    strstr                                   0x08017e21   Thumb Code    36  strstr.o(.text)
    strcpy                                   0x08017e45   Thumb Code    72  strcpy.o(.text)
    strlen                                   0x08017e8d   Thumb Code    62  strlen.o(.text)
    strcat                                   0x08017ecb   Thumb Code    24  strcat.o(.text)
    __aeabi_memclr                           0x08017ee3   Thumb Code     0  rt_memclr.o(.text)
    __rt_memclr                              0x08017ee3   Thumb Code    68  rt_memclr.o(.text)
    _memset                                  0x08017ee7   Thumb Code     0  rt_memclr.o(.text)
    strcmp                                   0x08017f29   Thumb Code   128  strcmpv7m.o(.text)
    __use_two_region_memory                  0x08017fa9   Thumb Code     2  heapauxi.o(.text)
    __rt_heap_escrow$2region                 0x08017fab   Thumb Code     2  heapauxi.o(.text)
    __rt_heap_expand$2region                 0x08017fad   Thumb Code     2  heapauxi.o(.text)
    __I$use$semihosting                      0x08017faf   Thumb Code     0  use_no_semi.o(.text)
    __use_no_semihosting_swi                 0x08017faf   Thumb Code     2  use_no_semi.o(.text)
    _printf_truncate_signed                  0x08017fb1   Thumb Code    18  _printf_truncate.o(.text)
    _printf_truncate_unsigned                0x08017fc3   Thumb Code    18  _printf_truncate.o(.text)
    _printf_int_common                       0x08017fd5   Thumb Code   178  _printf_intcommon.o(.text)
    _printf_charcount                        0x08018087   Thumb Code    40  _printf_charcount.o(.text)
    __lib_sel_fp_printf                      0x080180af   Thumb Code     2  _printf_fp_dec.o(.text)
    _printf_fp_dec_real                      0x0801825d   Thumb Code   616  _printf_fp_dec.o(.text)
    _printf_char_common                      0x080184cf   Thumb Code    32  _printf_char_common.o(.text)
    _sputc                                   0x080184f5   Thumb Code    10  _sputc.o(.text)
    _printf_cs_common                        0x080184ff   Thumb Code    20  _printf_char.o(.text)
    _printf_char                             0x08018513   Thumb Code    16  _printf_char.o(.text)
    _printf_string                           0x08018523   Thumb Code     8  _printf_char.o(.text)
    _printf_char_file                        0x0801852d   Thumb Code    32  _printf_char_file.o(.text)
    _printf_wctomb                           0x08018551   Thumb Code   182  _printf_wctomb.o(.text)
    _printf_longlong_dec                     0x0801860d   Thumb Code   104  _printf_longlong_dec.o(.text)
    _printf_longlong_oct                     0x08018685   Thumb Code    68  _printf_oct_int_ll.o(.text)
    _printf_int_oct                          0x080186c9   Thumb Code    24  _printf_oct_int_ll.o(.text)
    _printf_ll_oct                           0x080186e1   Thumb Code    12  _printf_oct_int_ll.o(.text)
    __aeabi_memclr4                          0x080186f5   Thumb Code     0  rt_memclr_w.o(.text)
    __aeabi_memclr8                          0x080186f5   Thumb Code     0  rt_memclr_w.o(.text)
    __rt_memclr_w                            0x080186f5   Thumb Code    78  rt_memclr_w.o(.text)
    _memset_w                                0x080186f9   Thumb Code     0  rt_memclr_w.o(.text)
    __rt_locale                              0x08018745   Thumb Code     8  rt_locale_intlibspace.o(.text)
    _ll_udiv10                               0x0801874d   Thumb Code   138  lludiv10.o(.text)
    _printf_fp_infnan                        0x080187d9   Thumb Code   112  _printf_fp_infnan.o(.text)
    _printf_lcs_common                       0x08018859   Thumb Code    20  _printf_wchar.o(.text)
    _printf_wchar                            0x0801886d   Thumb Code    16  _printf_wchar.o(.text)
    _printf_wstring                          0x0801887d   Thumb Code     8  _printf_wchar.o(.text)
    _btod_etento                             0x08018885   Thumb Code   212  bigflt0.o(.text)
    ferror                                   0x0801895d   Thumb Code     8  ferror.o(.text)
    _wcrtomb                                 0x08018965   Thumb Code    64  _wcrtomb.o(.text)
    __user_libspace                          0x080189a5   Thumb Code     8  libspace.o(.text)
    __user_perproc_libspace                  0x080189a5   Thumb Code     0  libspace.o(.text)
    __user_perthread_libspace                0x080189a5   Thumb Code     0  libspace.o(.text)
    __user_setup_stackheap                   0x080189ad   Thumb Code    74  sys_stackheap_outer.o(.text)
    __rt_ctype_table                         0x080189f9   Thumb Code    16  rt_ctype_table.o(.text)
    exit                                     0x08018a09   Thumb Code    12  exit.o(.text)
    _btod_d2e                                0x08018a15   Thumb Code    62  btod.o(CL$$btod_d2e)
    _d2e_denorm_low                          0x08018a53   Thumb Code    70  btod.o(CL$$btod_d2e_denorm_low)
    _d2e_norm_op1                            0x08018a99   Thumb Code    96  btod.o(CL$$btod_d2e_norm_op1)
    __btod_div_common                        0x08018af9   Thumb Code   696  btod.o(CL$$btod_div_common)
    _e2e                                     0x08018e31   Thumb Code   198  btod.o(CL$$btod_e2e)
    _btod_ediv                               0x08018ef7   Thumb Code    40  btod.o(CL$$btod_ediv)
    _btod_emul                               0x08018f1f   Thumb Code    40  btod.o(CL$$btod_emul)
    __btod_mult_common                       0x08018f47   Thumb Code   580  btod.o(CL$$btod_mult_common)
    __ARM_fpclassify                         0x0801918b   Thumb Code    48  fpclassify.o(i.__ARM_fpclassify)
    __hardfp_floor                           0x080191c1   Thumb Code   252  floor.o(i.__hardfp_floor)
    _is_digit                                0x080192d9   Thumb Code    14  __printf_wp.o(i._is_digit)
    floor                                    0x080192e7   Thumb Code    16  floor.o(i.floor)
    _get_lc_numeric                          0x080192f9   Thumb Code    44  lc_numeric_c.o(locale$$code)
    _get_lc_ctype                            0x08019325   Thumb Code    44  lc_ctype_c.o(locale$$code)
    __aeabi_dadd                             0x08019351   Thumb Code     0  daddsub_clz.o(x$fpl$dadd)
    _dadd                                    0x08019351   Thumb Code   332  daddsub_clz.o(x$fpl$dadd)
    __fpl_dcmp_Inf                           0x080194a1   Thumb Code    24  dcmpi.o(x$fpl$dcmpinf)
    __aeabi_d2uiz                            0x080194b9   Thumb Code     0  dfixu.o(x$fpl$dfixu)
    _dfixu                                   0x080194b9   Thumb Code    90  dfixu.o(x$fpl$dfixu)
    __aeabi_ui2d                             0x08019513   Thumb Code     0  dflt_clz.o(x$fpl$dfltu)
    _dfltu                                   0x08019513   Thumb Code    38  dflt_clz.o(x$fpl$dfltu)
    __aeabi_cdcmple                          0x08019539   Thumb Code     0  dleqf.o(x$fpl$dleqf)
    _dcmple                                  0x08019539   Thumb Code   120  dleqf.o(x$fpl$dleqf)
    __fpl_dcmple_InfNaN                      0x0801959b   Thumb Code     0  dleqf.o(x$fpl$dleqf)
    __aeabi_dmul                             0x080195b1   Thumb Code     0  dmul.o(x$fpl$dmul)
    _dmul                                    0x080195b1   Thumb Code   332  dmul.o(x$fpl$dmul)
    __fpl_dnaninf                            0x08019705   Thumb Code   156  dnaninf.o(x$fpl$dnaninf)
    __fpl_dretinf                            0x080197a1   Thumb Code    12  dretinf.o(x$fpl$dretinf)
    __aeabi_cdrcmple                         0x080197ad   Thumb Code     0  drleqf.o(x$fpl$drleqf)
    _drcmple                                 0x080197ad   Thumb Code   108  drleqf.o(x$fpl$drleqf)
    __aeabi_drsub                            0x08019819   Thumb Code     0  daddsub_clz.o(x$fpl$drsb)
    _drsb                                    0x08019819   Thumb Code    22  daddsub_clz.o(x$fpl$drsb)
    __aeabi_dsub                             0x08019831   Thumb Code     0  daddsub_clz.o(x$fpl$dsub)
    _dsub                                    0x08019831   Thumb Code   464  daddsub_clz.o(x$fpl$dsub)
    __aeabi_f2d                              0x08019a05   Thumb Code     0  f2d.o(x$fpl$f2d)
    _f2d                                     0x08019a05   Thumb Code    86  f2d.o(x$fpl$f2d)
    __fpl_fnaninf                            0x08019a5b   Thumb Code   140  fnaninf.o(x$fpl$fnaninf)
    _fp_init                                 0x08019ae7   Thumb Code    10  fpinit.o(x$fpl$fpinit)
    __fplib_config_fpu_vfp                   0x08019aef   Thumb Code     0  fpinit.o(x$fpl$fpinit)
    __fplib_config_pureend_doubles           0x08019aef   Thumb Code     0  fpinit.o(x$fpl$fpinit)
    _printf_fp_dec                           0x08019af1   Thumb Code     4  printf1.o(x$fpl$printf1)
    __I$use$fp                               0x08019af4   Number         0  usenofp.o(x$fpl$usenofp)
    Region$$Table$$Base                      0x08019bcc   Number         0  anon$$obj.o(Region$$Table)
    Region$$Table$$Limit                     0x08019bec   Number         0  anon$$obj.o(Region$$Table)
    __ctype                                  0x08019c15   Data           0  lc_ctype_c.o(locale$$data)
    Flag_run                                 0x20000000   Data           1  main.o(.data)
    read                                     0x20000001   Data           1  main.o(.data)
    SystemCoreClock                          0x20000004   Data           4  system_stm32f4xx.o(.data)
    AHBPrescTable                            0x20000008   Data          16  system_stm32f4xx.o(.data)
    AB_cnt                                   0x20000018   Data           4  exti.o(.data)
    Current_zcnt                             0x2000001c   Data           2  exti.o(.data)
    Z_cnt                                    0x2000001e   Data           2  exti.o(.data)
    TIM1_enable_door                         0x20000020   Data           1  exti.o(.data)
    TIM3_enable_door                         0x20000021   Data           1  exti.o(.data)
    TIM8_enable_door                         0x20000022   Data           1  exti.o(.data)
    suspend_vib_door                         0x20000023   Data           1  exti.o(.data)
    Flag_Hatch                               0x20000028   Data           1  timer.o(.data)
    Count_TIMER3_Interupter                  0x2000002c   Data           4  timer.o(.data)
    ADCFlag                                  0x20000030   Data           1  timer.o(.data)
    tim                                      0x20000031   Data           1  timer.o(.data)
    DialogBoxT1                              0x20000032   Data          17  timer.o(.data)
    DialogBoxT2                              0x20000043   Data          17  timer.o(.data)
    DialogBoxT3                              0x20000054   Data          17  timer.o(.data)
    DialogBoxT4                              0x20000065   Data          17  timer.o(.data)
    DialogBoxT5                              0x20000076   Data          17  timer.o(.data)
    DialogBoxT6                              0x20000087   Data          17  timer.o(.data)
    DialogBoxT7                              0x20000098   Data          17  timer.o(.data)
    DialogBoxT8                              0x200000a9   Data          17  timer.o(.data)
    PWMX_Num                                 0x200000bc   Data           4  pwm.o(.data)
    PWMY1_Num                                0x200000c0   Data           4  pwm.o(.data)
    PWMY2_Num                                0x200000c4   Data           4  pwm.o(.data)
    XACC                                     0x200000c8   Data         160  moto.o(.data)
    XACCReset                                0x20000168   Data         160  moto.o(.data)
    YACC                                     0x20000208   Data         144  moto.o(.data)
    Y1SFlag                                  0x20000298   Data           1  moto.o(.data)
    XResetFlag                               0x20000299   Data           1  moto.o(.data)
    Y1ResFlag                                0x2000029a   Data           1  moto.o(.data)
    Y2ResFlag                                0x2000029b   Data           1  moto.o(.data)
    Y1Y2ACC                                  0x2000029c   Data          12  moto.o(.data)
    Y1RSTOV                                  0x200002a8   Data           1  moto.o(.data)
    Y2RSTOV                                  0x200002a9   Data           1  moto.o(.data)
    X0RSTOV                                  0x200002aa   Data           1  moto.o(.data)
    Y1Y2RSTOV                                0x200002ab   Data           1  moto.o(.data)
    RSTALARM                                 0x200002ac   Data           1  moto.o(.data)
    door                                     0x200002ad   Data           1  moto.o(.data)
    Vib                                      0x200002ae   Data           1  moto.o(.data)
    XStopFlag                                0x200002af   Data           1  moto.o(.data)
    YStopFlag                                0x200002b0   Data           1  moto.o(.data)
    Y1Y2_state                               0x200002b1   Data           1  moto.o(.data)
    MotorY1Vib_t                             0x200002b2   Data           2  moto.o(.data)
    TableAdc                                 0x200002ba   Data        1152  adc.o(.data)
    TableDac                                 0x2000073a   Data        1152  adc.o(.data)
    TempLast                                 0x20000bba   Data           8  adc.o(.data)
    FlagDMA                                  0x20000bc2   Data           1  adc.o(.data)
    JRFlag                                   0x20000bc3   Data           1  adc.o(.data)
    JRTime                                   0x20000bc4   Data           2  adc.o(.data)
    USART3_RX_STA                            0x20000bc6   Data           2  usart3.o(.data)
    __stdout                                 0x20000bcc   Data           4  usart.o(.data)
    USART_RX_STA                             0x20000bd0   Data           2  usart.o(.data)
    Sending                                  0x20000bd2   Data           1  usart.o(.data)
    dat_ok                                   0x20000bd3   Data           1  usart.o(.data)
    HeadOk                                   0x20000bd4   Data           1  usart.o(.data)
    HeadPosition                             0x20000bd6   Data           2  usart.o(.data)
    HeaderOk                                 0x20000bd8   Data           1  usart.o(.data)
    reving                                   0x20000bd9   Data           1  usart.o(.data)
    WriteP                                   0x20000bda   Data           2  usart.o(.data)
    ReadP                                    0x20000bdc   Data           2  usart.o(.data)
    t1k                                      0x20000bde   Data           1  usart.o(.data)
    t2k                                      0x20000bdf   Data           1  usart.o(.data)
    t3k                                      0x20000be0   Data           1  usart.o(.data)
    t4k                                      0x20000be1   Data           1  usart.o(.data)
    t5k                                      0x20000be2   Data           1  usart.o(.data)
    t6k                                      0x20000be3   Data           1  usart.o(.data)
    t7k                                      0x20000be4   Data           1  usart.o(.data)
    t0k                                      0x20000be5   Data           1  usart.o(.data)
    w0r                                      0x20000be6   Data           1  usart.o(.data)
    w1r                                      0x20000be7   Data           1  usart.o(.data)
    w2r                                      0x20000be8   Data           1  usart.o(.data)
    w3r                                      0x20000be9   Data           1  usart.o(.data)
    w4r                                      0x20000bea   Data           1  usart.o(.data)
    w5r                                      0x20000beb   Data           1  usart.o(.data)
    w6r                                      0x20000bec   Data           1  usart.o(.data)
    w7r                                      0x20000bed   Data           1  usart.o(.data)
    vibbottom0                               0x20000bee   Data           1  usart.o(.data)
    vibbottom1                               0x20000bef   Data           1  usart.o(.data)
    vibbottom2                               0x20000bf0   Data           1  usart.o(.data)
    vibbottom3                               0x20000bf1   Data           1  usart.o(.data)
    vibbottom4                               0x20000bf2   Data           1  usart.o(.data)
    vibbottom5                               0x20000bf3   Data           1  usart.o(.data)
    vibbottom6                               0x20000bf4   Data           1  usart.o(.data)
    vibbottom7                               0x20000bf5   Data           1  usart.o(.data)
    vibbottom8                               0x20000bf6   Data           1  usart.o(.data)
    FrameLen                                 0x20000bf8   Data           2  usart.o(.data)
    sss                                      0x20000bfa   Data           1  usart.o(.data)
    ppp                                      0x20000bfb   Data           1  usart.o(.data)
    lll                                      0x20000bfc   Data           2  usart.o(.data)
    uuu                                      0x20000bfe   Data           2  usart.o(.data)
    tzw                                      0x20000c00   Data           2  usart.o(.data)
    s0p                                      0x20000c02   Data           2  usart.o(.data)
    s1p                                      0x20000c04   Data           2  usart.o(.data)
    s2p                                      0x20000c06   Data           2  usart.o(.data)
    s3p                                      0x20000c08   Data           2  usart.o(.data)
    s4p                                      0x20000c0a   Data           2  usart.o(.data)
    s5p                                      0x20000c0c   Data           2  usart.o(.data)
    usy                                      0x20000c0e   Data           2  usart.o(.data)
    xdelt                                    0x20000c10   Data           2  usart.o(.data)
    y1firstmov                               0x20000c12   Data           2  usart.o(.data)
    y2firstmov                               0x20000c14   Data           2  usart.o(.data)
    BufId                                    0x20000c16   Data           5  usart.o(.data)
    BufValue                                 0x20000c1b   Data           5  usart.o(.data)
    NumValue                                 0x20000c20   Data           2  usart.o(.data)
    WorkStatusBuf1                           0x20000c22   Data          15  usart.o(.data)
    WorkStatusBuf2                           0x20000c31   Data          15  usart.o(.data)
    WorkStatusBuf3                           0x20000c40   Data          15  usart.o(.data)
    WorkStatusBuf4                           0x20000c4f   Data          15  usart.o(.data)
    WorkStatusBuf5                           0x20000c5e   Data          15  usart.o(.data)
    WorkStatusBuf6                           0x20000c6d   Data          15  usart.o(.data)
    WorkStatusBuf7                           0x20000c7c   Data          15  usart.o(.data)
    WorkStatusBuf8                           0x20000c8b   Data          15  usart.o(.data)
    WorkStatusBuf9                           0x20000c9a   Data          15  usart.o(.data)
    WorkStatusBuf10                          0x20000ca9   Data          15  usart.o(.data)
    WorkStatusBuf11                          0x20000cb8   Data          18  usart.o(.data)
    WorkStatusBuf12                          0x20000cca   Data          15  usart.o(.data)
    RS232_RX_CNT                             0x20000cda   Data           2  usart.o(.data)
    Flag_Deal                                0x20000cdc   Data           2  usart.o(.data)
    Circle_Frame_REC                         0x20000cde   Data           2  usart.o(.data)
    Circle_Frame_Deal                        0x20000ce0   Data           2  usart.o(.data)
    SeqNum_Frame_REC                         0x20000ce2   Data           1  usart.o(.data)
    SeqNum_Frame_Deal                        0x20000ce3   Data           1  usart.o(.data)
    suspend_vib_command                      0x20000ce4   Data           1  usart.o(.data)
    TIM1_enable_usart                        0x20000ce5   Data           1  usart.o(.data)
    TIM3_enable_usart                        0x20000ce6   Data           1  usart.o(.data)
    TIM8_enable_usart                        0x20000ce7   Data           1  usart.o(.data)
    RunFlag                                  0x20000cf8   Data           1  devicevibration.o(.data)
    SendBackBuff                             0x20000cfc   Data          20  main.o(.bss)
    YACCReset                                0x20000d10   Data          24  moto.o(.bss)
    srdx                                     0x20000d28   Data          20  moto.o(.bss)
    srd1y                                    0x20000d3c   Data          20  moto.o(.bss)
    srd2y                                    0x20000d50   Data          20  moto.o(.bss)
    ad                                       0x20000d64   Data          32  adc.o(.bss)
    aADCDualConvertedValue                   0x20000d84   Data        1024  adc.o(.bss)
    TempNow                                  0x20001184   Data          32  adc.o(.bss)
    ConvertedValue                           0x200011a4   Data        1536  adc.o(.bss)
    BDDac                                    0x200017a4   Data          16  adc.o(.bss)
    BDAdc                                    0x200017b4   Data          16  adc.o(.bss)
    USART3_TX_BUF                            0x200017c8   Data         128  usart3.o(.bss)
    USART3_RX_BUF                            0x20001848   Data         128  usart3.o(.bss)
    USART_RX_BUF                             0x200018c8   Data         300  usart.o(.bss)
    EEprom                                   0x200019f4   Data         100  usart.o(.bss)
    FrameDeal                                0x20001a58   Data          16  usart.o(.bss)
    SendBackBuf                              0x20001a68   Data          20  usart.o(.bss)
    Frame_Store                              0x20001a7c   Data         768  usart.o(.bss)
    RS232_RX_BUF                             0x20001d7c   Data          16  usart.o(.bss)
    __libspace_start                         0x20001d8c   Data          96  libspace.o(.bss)
    __temporary_stack_top$libspace           0x20001dec   Data           0  libspace.o(.bss)



==============================================================================

Memory Map of the image

  Image Entry point : 0x08010189

  Load Region LR_IROM1 (Base: 0x08010000, Size: 0x0000aa14, Max: 0x000f0000, ABSOLUTE, COMPRESSED[0x0000a804])

    Execution Region ER_IROM1 (Base: 0x08010000, Size: 0x00009d18, Max: 0x000f0000, ABSOLUTE)

    Base Addr    Size         Type   Attr      Idx    E Section Name        Object

    0x08010000   0x00000188   Data   RO          738    RESET               startup_stm32f40_41xxx.o
    0x08010188   0x00000008   Code   RO         1181  * !!!main             c_w.l(__main.o)
    0x08010190   0x00000034   Code   RO         1548    !!!scatter          c_w.l(__scatter.o)
    0x080101c4   0x00000064   Code   RO         1546    !!dclz77c           c_w.l(__dclz77c.o)
    0x08010228   0x0000001c   Code   RO         1550    !!handler_zi        c_w.l(__scatter_zi.o)
    0x08010244   0x00000000   Code   RO         1164    .ARM.Collect$$_printf_percent$$00000000  c_w.l(_printf_percent.o)
    0x08010244   0x00000006   Code   RO         1268    .ARM.Collect$$_printf_percent$$00000001  c_w.l(_printf_n.o)
    0x0801024a   0x00000006   Code   RO         1269    .ARM.Collect$$_printf_percent$$00000002  c_w.l(_printf_p.o)
    0x08010250   0x00000006   Code   RO         1163    .ARM.Collect$$_printf_percent$$00000003  c_w.l(_printf_f.o)
    0x08010256   0x00000006   Code   RO         1273    .ARM.Collect$$_printf_percent$$00000004  c_w.l(_printf_e.o)
    0x0801025c   0x00000006   Code   RO         1274    .ARM.Collect$$_printf_percent$$00000005  c_w.l(_printf_g.o)
    0x08010262   0x00000006   Code   RO         1275    .ARM.Collect$$_printf_percent$$00000006  c_w.l(_printf_a.o)
    0x08010268   0x0000000a   Code   RO         1280    .ARM.Collect$$_printf_percent$$00000007  c_w.l(_printf_ll.o)
    0x08010272   0x00000006   Code   RO         1271    .ARM.Collect$$_printf_percent$$00000008  c_w.l(_printf_i.o)
    0x08010278   0x00000006   Code   RO         1162    .ARM.Collect$$_printf_percent$$00000009  c_w.l(_printf_d.o)
    0x0801027e   0x00000006   Code   RO         1272    .ARM.Collect$$_printf_percent$$0000000A  c_w.l(_printf_u.o)
    0x08010284   0x00000006   Code   RO         1270    .ARM.Collect$$_printf_percent$$0000000B  c_w.l(_printf_o.o)
    0x0801028a   0x00000006   Code   RO         1161    .ARM.Collect$$_printf_percent$$0000000C  c_w.l(_printf_x.o)
    0x08010290   0x00000006   Code   RO         1277    .ARM.Collect$$_printf_percent$$0000000D  c_w.l(_printf_lli.o)
    0x08010296   0x00000006   Code   RO         1278    .ARM.Collect$$_printf_percent$$0000000E  c_w.l(_printf_lld.o)
    0x0801029c   0x00000006   Code   RO         1279    .ARM.Collect$$_printf_percent$$0000000F  c_w.l(_printf_llu.o)
    0x080102a2   0x00000006   Code   RO         1284    .ARM.Collect$$_printf_percent$$00000010  c_w.l(_printf_llo.o)
    0x080102a8   0x00000006   Code   RO         1285    .ARM.Collect$$_printf_percent$$00000011  c_w.l(_printf_llx.o)
    0x080102ae   0x0000000a   Code   RO         1281    .ARM.Collect$$_printf_percent$$00000012  c_w.l(_printf_l.o)
    0x080102b8   0x00000006   Code   RO         1267    .ARM.Collect$$_printf_percent$$00000013  c_w.l(_printf_c.o)
    0x080102be   0x00000006   Code   RO         1160    .ARM.Collect$$_printf_percent$$00000014  c_w.l(_printf_s.o)
    0x080102c4   0x00000006   Code   RO         1282    .ARM.Collect$$_printf_percent$$00000015  c_w.l(_printf_lc.o)
    0x080102ca   0x00000006   Code   RO         1283    .ARM.Collect$$_printf_percent$$00000016  c_w.l(_printf_ls.o)
    0x080102d0   0x00000004   Code   RO         1276    .ARM.Collect$$_printf_percent$$00000017  c_w.l(_printf_percent_end.o)
    0x080102d4   0x00000002   Code   RO         1417    .ARM.Collect$$libinit$$00000000  c_w.l(libinit.o)
    0x080102d6   0x00000004   Code   RO         1418    .ARM.Collect$$libinit$$00000001  c_w.l(libinit2.o)
    0x080102da   0x00000000   Code   RO         1422    .ARM.Collect$$libinit$$00000008  c_w.l(libinit2.o)
    0x080102da   0x00000000   Code   RO         1424    .ARM.Collect$$libinit$$0000000A  c_w.l(libinit2.o)
    0x080102da   0x00000000   Code   RO         1426    .ARM.Collect$$libinit$$0000000C  c_w.l(libinit2.o)
    0x080102da   0x00000006   Code   RO         1427    .ARM.Collect$$libinit$$0000000D  c_w.l(libinit2.o)
    0x080102e0   0x00000000   Code   RO         1429    .ARM.Collect$$libinit$$0000000F  c_w.l(libinit2.o)
    0x080102e0   0x0000000c   Code   RO         1430    .ARM.Collect$$libinit$$00000010  c_w.l(libinit2.o)
    0x080102ec   0x00000000   Code   RO         1431    .ARM.Collect$$libinit$$00000011  c_w.l(libinit2.o)
    0x080102ec   0x00000000   Code   RO         1433    .ARM.Collect$$libinit$$00000013  c_w.l(libinit2.o)
    0x080102ec   0x0000000a   Code   RO         1434    .ARM.Collect$$libinit$$00000014  c_w.l(libinit2.o)
    0x080102f6   0x00000000   Code   RO         1435    .ARM.Collect$$libinit$$00000015  c_w.l(libinit2.o)
    0x080102f6   0x00000000   Code   RO         1437    .ARM.Collect$$libinit$$00000017  c_w.l(libinit2.o)
    0x080102f6   0x00000000   Code   RO         1439    .ARM.Collect$$libinit$$00000019  c_w.l(libinit2.o)
    0x080102f6   0x00000000   Code   RO         1441    .ARM.Collect$$libinit$$0000001B  c_w.l(libinit2.o)
    0x080102f6   0x00000000   Code   RO         1443    .ARM.Collect$$libinit$$0000001D  c_w.l(libinit2.o)
    0x080102f6   0x00000000   Code   RO         1445    .ARM.Collect$$libinit$$0000001F  c_w.l(libinit2.o)
    0x080102f6   0x00000000   Code   RO         1447    .ARM.Collect$$libinit$$00000021  c_w.l(libinit2.o)
    0x080102f6   0x00000000   Code   RO         1449    .ARM.Collect$$libinit$$00000023  c_w.l(libinit2.o)
    0x080102f6   0x00000000   Code   RO         1453    .ARM.Collect$$libinit$$0000002A  c_w.l(libinit2.o)
    0x080102f6   0x00000000   Code   RO         1455    .ARM.Collect$$libinit$$0000002C  c_w.l(libinit2.o)
    0x080102f6   0x00000000   Code   RO         1457    .ARM.Collect$$libinit$$0000002E  c_w.l(libinit2.o)
    0x080102f6   0x00000000   Code   RO         1459    .ARM.Collect$$libinit$$00000030  c_w.l(libinit2.o)
    0x080102f6   0x00000002   Code   RO         1460    .ARM.Collect$$libinit$$00000031  c_w.l(libinit2.o)
    0x080102f8   0x00000002   Code   RO         1497    .ARM.Collect$$libshutdown$$00000000  c_w.l(libshutdown.o)
    0x080102fa   0x00000000   Code   RO         1507    .ARM.Collect$$libshutdown$$00000003  c_w.l(libshutdown2.o)
    0x080102fa   0x00000000   Code   RO         1510    .ARM.Collect$$libshutdown$$00000006  c_w.l(libshutdown2.o)
    0x080102fa   0x00000000   Code   RO         1513    .ARM.Collect$$libshutdown$$00000009  c_w.l(libshutdown2.o)
    0x080102fa   0x00000000   Code   RO         1515    .ARM.Collect$$libshutdown$$0000000B  c_w.l(libshutdown2.o)
    0x080102fa   0x00000000   Code   RO         1518    .ARM.Collect$$libshutdown$$0000000E  c_w.l(libshutdown2.o)
    0x080102fa   0x00000002   Code   RO         1519    .ARM.Collect$$libshutdown$$0000000F  c_w.l(libshutdown2.o)
    0x080102fc   0x00000000   Code   RO         1237    .ARM.Collect$$rtentry$$00000000  c_w.l(rtentry.o)
    0x080102fc   0x00000000   Code   RO         1329    .ARM.Collect$$rtentry$$00000002  c_w.l(rtentry2.o)
    0x080102fc   0x00000006   Code   RO         1341    .ARM.Collect$$rtentry$$00000004  c_w.l(rtentry4.o)
    0x08010302   0x00000000   Code   RO         1331    .ARM.Collect$$rtentry$$00000009  c_w.l(rtentry2.o)
    0x08010302   0x00000004   Code   RO         1332    .ARM.Collect$$rtentry$$0000000A  c_w.l(rtentry2.o)
    0x08010306   0x00000000   Code   RO         1334    .ARM.Collect$$rtentry$$0000000C  c_w.l(rtentry2.o)
    0x08010306   0x00000008   Code   RO         1335    .ARM.Collect$$rtentry$$0000000D  c_w.l(rtentry2.o)
    0x0801030e   0x00000002   Code   RO         1465    .ARM.Collect$$rtexit$$00000000  c_w.l(rtexit.o)
    0x08010310   0x00000000   Code   RO         1477    .ARM.Collect$$rtexit$$00000002  c_w.l(rtexit2.o)
    0x08010310   0x00000004   Code   RO         1478    .ARM.Collect$$rtexit$$00000003  c_w.l(rtexit2.o)
    0x08010314   0x00000006   Code   RO         1479    .ARM.Collect$$rtexit$$00000004  c_w.l(rtexit2.o)
    0x0801031a   0x00000002   PAD
    0x0801031c   0x000007ec   Code   RO            3    .text               main.o
    0x08010b08   0x0000001a   Code   RO          181    .text               stm32f4xx_it.o
    0x08010b22   0x00000002   PAD
    0x08010b24   0x00000210   Code   RO          305    .text               system_stm32f4xx.o
    0x08010d34   0x0000030c   Code   RO          331    .text               exti.o
    0x08011040   0x00000334   Code   RO          436    .text               timer.o
    0x08011374   0x00000574   Code   RO          474    .text               pwm.o
    0x080118e8   0x00000800   Code   RO          500    .text               moto.o
    0x080120e8   0x000005fc   Code   RO          574    .text               adc.o
    0x080126e4   0x0000027c   Code   RO          601    .text               usart3.o
    0x08012960   0x00000204   Code   RO          639    .text               128s085.o
    0x08012b64   0x00000104   Code   RO          659    .text               delay.o
    0x08012c68   0x00001a88   Code   RO          699    .text               usart.o
    0x080146f0   0x00000040   Code   RO          739    .text               startup_stm32f40_41xxx.o
    0x08014730   0x000000e0   Code   RO          745    .text               misc.o
    0x08014810   0x00000294   Code   RO          765    .text               stm32f4xx_gpio.o
    0x08014aa4   0x0000065c   Code   RO          808    .text               stm32f4xx_rcc.o
    0x08015100   0x00000094   Code   RO          830    .text               stm32f4xx_syscfg.o
    0x08015194   0x00000454   Code   RO          850    .text               stm32f4xx_usart.o
    0x080155e8   0x000003a8   Code   RO          890    .text               stm32f4xx_dma.o
    0x08015990   0x00000110   Code   RO          910    .text               stm32f4xx_exti.o
    0x08015aa0   0x00000ca2   Code   RO          970    .text               stm32f4xx_tim.o
    0x08016742   0x00000002   PAD
    0x08016744   0x00000480   Code   RO          990    .text               stm32f4xx_spi.o
    0x08016bc4   0x00000464   Code   RO         1010    .text               stm32f4xx_adc.o
    0x08017028   0x00000a48   Code   RO         1067    .text               devicevibration.o
    0x08017a70   0x00000002   Code   RO         1099    .text               c_w.l(use_no_semi_2.o)
    0x08017a72   0x00000002   PAD
    0x08017a74   0x00000024   Code   RO         1101    .text               c_w.l(c89vsprintf.o)
    0x08017a98   0x00000018   Code   RO         1103    .text               c_w.l(__2printf.o)
    0x08017ab0   0x0000002c   Code   RO         1105    .text               c_w.l(__2sprintf.o)
    0x08017adc   0x0000004e   Code   RO         1113    .text               c_w.l(_printf_pad.o)
    0x08017b2a   0x00000052   Code   RO         1115    .text               c_w.l(_printf_str.o)
    0x08017b7c   0x00000074   Code   RO         1117    .text               c_w.l(_printf_dec.o)
    0x08017bf0   0x00000094   Code   RO         1137    .text               c_w.l(_printf_hex_int_ll_ptr.o)
    0x08017c84   0x00000188   Code   RO         1157    .text               c_w.l(__printf_flags_ss_wp.o)
    0x08017e0c   0x00000014   Code   RO         1165    .text               c_w.l(strchr.o)
    0x08017e20   0x00000024   Code   RO         1167    .text               c_w.l(strstr.o)
    0x08017e44   0x00000048   Code   RO         1169    .text               c_w.l(strcpy.o)
    0x08017e8c   0x0000003e   Code   RO         1171    .text               c_w.l(strlen.o)
    0x08017eca   0x00000018   Code   RO         1173    .text               c_w.l(strcat.o)
    0x08017ee2   0x00000044   Code   RO         1175    .text               c_w.l(rt_memclr.o)
    0x08017f26   0x00000002   PAD
    0x08017f28   0x00000080   Code   RO         1177    .text               c_w.l(strcmpv7m.o)
    0x08017fa8   0x00000006   Code   RO         1179    .text               c_w.l(heapauxi.o)
    0x08017fae   0x00000002   Code   RO         1235    .text               c_w.l(use_no_semi.o)
    0x08017fb0   0x00000024   Code   RO         1240    .text               c_w.l(_printf_truncate.o)
    0x08017fd4   0x000000b2   Code   RO         1242    .text               c_w.l(_printf_intcommon.o)
    0x08018086   0x00000028   Code   RO         1244    .text               c_w.l(_printf_charcount.o)
    0x080180ae   0x00000416   Code   RO         1246    .text               c_w.l(_printf_fp_dec.o)
    0x080184c4   0x00000030   Code   RO         1248    .text               c_w.l(_printf_char_common.o)
    0x080184f4   0x0000000a   Code   RO         1250    .text               c_w.l(_sputc.o)
    0x080184fe   0x0000002c   Code   RO         1252    .text               c_w.l(_printf_char.o)
    0x0801852a   0x00000002   PAD
    0x0801852c   0x00000024   Code   RO         1254    .text               c_w.l(_printf_char_file.o)
    0x08018550   0x000000bc   Code   RO         1256    .text               c_w.l(_printf_wctomb.o)
    0x0801860c   0x00000078   Code   RO         1259    .text               c_w.l(_printf_longlong_dec.o)
    0x08018684   0x00000070   Code   RO         1265    .text               c_w.l(_printf_oct_int_ll.o)
    0x080186f4   0x0000004e   Code   RO         1286    .text               c_w.l(rt_memclr_w.o)
    0x08018742   0x00000002   PAD
    0x08018744   0x00000008   Code   RO         1346    .text               c_w.l(rt_locale_intlibspace.o)
    0x0801874c   0x0000008a   Code   RO         1353    .text               c_w.l(lludiv10.o)
    0x080187d6   0x00000002   PAD
    0x080187d8   0x00000080   Code   RO         1355    .text               c_w.l(_printf_fp_infnan.o)
    0x08018858   0x0000002c   Code   RO         1359    .text               c_w.l(_printf_wchar.o)
    0x08018884   0x000000d8   Code   RO         1361    .text               c_w.l(bigflt0.o)
    0x0801895c   0x00000008   Code   RO         1386    .text               c_w.l(ferror.o)
    0x08018964   0x00000040   Code   RO         1390    .text               c_w.l(_wcrtomb.o)
    0x080189a4   0x00000008   Code   RO         1403    .text               c_w.l(libspace.o)
    0x080189ac   0x0000004a   Code   RO         1406    .text               c_w.l(sys_stackheap_outer.o)
    0x080189f6   0x00000002   PAD
    0x080189f8   0x00000010   Code   RO         1408    .text               c_w.l(rt_ctype_table.o)
    0x08018a08   0x0000000c   Code   RO         1410    .text               c_w.l(exit.o)
    0x08018a14   0x0000003e   Code   RO         1364    CL$$btod_d2e        c_w.l(btod.o)
    0x08018a52   0x00000046   Code   RO         1366    CL$$btod_d2e_denorm_low  c_w.l(btod.o)
    0x08018a98   0x00000060   Code   RO         1365    CL$$btod_d2e_norm_op1  c_w.l(btod.o)
    0x08018af8   0x00000338   Code   RO         1374    CL$$btod_div_common  c_w.l(btod.o)
    0x08018e30   0x000000c6   Code   RO         1371    CL$$btod_e2e        c_w.l(btod.o)
    0x08018ef6   0x00000028   Code   RO         1368    CL$$btod_ediv       c_w.l(btod.o)
    0x08018f1e   0x00000028   Code   RO         1367    CL$$btod_emul       c_w.l(btod.o)
    0x08018f46   0x00000244   Code   RO         1373    CL$$btod_mult_common  c_w.l(btod.o)
    0x0801918a   0x00000030   Code   RO         1311    i.__ARM_fpclassify  m_wm.l(fpclassify.o)
    0x080191ba   0x00000006   PAD
    0x080191c0   0x00000118   Code   RO         1215    i.__hardfp_floor    m_wm.l(floor.o)
    0x080192d8   0x0000000e   Code   RO         1150    i._is_digit         c_w.l(__printf_wp.o)
    0x080192e6   0x00000010   Code   RO         1217    i.floor             m_wm.l(floor.o)
    0x080192f6   0x00000002   PAD
    0x080192f8   0x0000002c   Code   RO         1393    locale$$code        c_w.l(lc_numeric_c.o)
    0x08019324   0x0000002c   Code   RO         1468    locale$$code        c_w.l(lc_ctype_c.o)
    0x08019350   0x00000150   Code   RO         1185    x$fpl$dadd          fz_wm.l(daddsub_clz.o)
    0x080194a0   0x00000018   Code   RO         1461    x$fpl$dcmpinf       fz_wm.l(dcmpi.o)
    0x080194b8   0x0000005a   Code   RO         1199    x$fpl$dfixu         fz_wm.l(dfixu.o)
    0x08019512   0x00000026   Code   RO         1203    x$fpl$dfltu         fz_wm.l(dflt_clz.o)
    0x08019538   0x00000078   Code   RO         1397    x$fpl$dleqf         fz_wm.l(dleqf.o)
    0x080195b0   0x00000154   Code   RO         1209    x$fpl$dmul          fz_wm.l(dmul.o)
    0x08019704   0x0000009c   Code   RO         1290    x$fpl$dnaninf       fz_wm.l(dnaninf.o)
    0x080197a0   0x0000000c   Code   RO         1292    x$fpl$dretinf       fz_wm.l(dretinf.o)
    0x080197ac   0x0000006c   Code   RO         1294    x$fpl$drleqf        fz_wm.l(drleqf.o)
    0x08019818   0x00000016   Code   RO         1186    x$fpl$drsb          fz_wm.l(daddsub_clz.o)
    0x0801982e   0x00000002   PAD
    0x08019830   0x000001d4   Code   RO         1187    x$fpl$dsub          fz_wm.l(daddsub_clz.o)
    0x08019a04   0x00000056   Code   RO         1211    x$fpl$f2d           fz_wm.l(f2d.o)
    0x08019a5a   0x0000008c   Code   RO         1296    x$fpl$fnaninf       fz_wm.l(fnaninf.o)
    0x08019ae6   0x0000000a   Code   RO         1472    x$fpl$fpinit        fz_wm.l(fpinit.o)
    0x08019af0   0x00000004   Code   RO         1213    x$fpl$printf1       fz_wm.l(printf1.o)
    0x08019af4   0x00000000   Code   RO         1302    x$fpl$usenofp       fz_wm.l(usenofp.o)
    0x08019af4   0x00000028   Data   RO         1138    .constdata          c_w.l(_printf_hex_int_ll_ptr.o)
    0x08019b1c   0x00000011   Data   RO         1158    .constdata          c_w.l(__printf_flags_ss_wp.o)
    0x08019b2d   0x00000003   PAD
    0x08019b30   0x00000008   Data   RO         1257    .constdata          c_w.l(_printf_wctomb.o)
    0x08019b38   0x00000094   Data   RO         1362    .constdata          c_w.l(bigflt0.o)
    0x08019bcc   0x00000020   Data   RO         1544    Region$$Table       anon$$obj.o
    0x08019bec   0x0000001c   Data   RO         1392    locale$$data        c_w.l(lc_numeric_c.o)
    0x08019c08   0x00000110   Data   RO         1467    locale$$data        c_w.l(lc_ctype_c.o)


    Execution Region RW_IRAM1 (Base: 0x20000000, Size: 0x000023f0, Max: 0x00020000, ABSOLUTE, COMPRESSED[0x00000aec])

    Base Addr    Size         Type   Attr      Idx    E Section Name        Object

    0x20000000   0x00000002   Data   RW            5    .data               main.o
    0x20000002   0x00000002   PAD
    0x20000004   0x00000014   Data   RW          306    .data               system_stm32f4xx.o
    0x20000018   0x0000000d   Data   RW          332    .data               exti.o
    0x20000025   0x00000003   PAD
    0x20000028   0x00000094   Data   RW          437    .data               timer.o
    0x200000bc   0x0000000c   Data   RW          475    .data               pwm.o
    0x200000c8   0x000001f1   Data   RW          502    .data               moto.o
    0x200002b9   0x00000001   PAD
    0x200002ba   0x0000090c   Data   RW          576    .data               adc.o
    0x20000bc6   0x00000002   Data   RW          603    .data               usart3.o
    0x20000bc8   0x00000004   Data   RW          660    .data               delay.o
    0x20000bcc   0x0000011c   Data   RW          701    .data               usart.o
    0x20000ce8   0x00000010   Data   RW          809    .data               stm32f4xx_rcc.o
    0x20000cf8   0x00000001   Data   RW         1069    .data               devicevibration.o
    0x20000cf9   0x00000003   PAD
    0x20000cfc   0x00000014   Zero   RW            4    .bss                main.o
    0x20000d10   0x00000054   Zero   RW          501    .bss                moto.o
    0x20000d64   0x00000a60   Zero   RW          575    .bss                adc.o
    0x200017c4   0x00000004   PAD
    0x200017c8   0x00000100   Zero   RW          602    .bss                usart3.o
    0x200018c8   0x000004c4   Zero   RW          700    .bss                usart.o
    0x20001d8c   0x00000060   Zero   RW         1404    .bss                c_w.l(libspace.o)
    0x20001dec   0x00000004   PAD
    0x20001df0   0x00000200   Zero   RW          737    HEAP                startup_stm32f40_41xxx.o
    0x20001ff0   0x00000400   Zero   RW          736    STACK               startup_stm32f40_41xxx.o


==============================================================================

Image component sizes


      Code (inc. data)   RO Data    RW Data    ZI Data      Debug   Object Name

       516         18          0          0          0       1746   128s085.o
      1532         50          0       2316       2656       5392   adc.o
       260          8          0          4          0       1481   delay.o
      2632        242          0          1          0       2892   devicevibration.o
       780         88          0         13          0     247634   exti.o
      2028        252          0          2         20     262163   main.o
       224         20          0          0          0       1861   misc.o
      2048        234          0        497         84       6971   moto.o
      1396         98          0         12          0       2886   pwm.o
        64         26        392          0       1536        836   startup_stm32f40_41xxx.o
      1124         24          0          0          0      10538   stm32f4xx_adc.o
       936         32          0          0          0       6337   stm32f4xx_dma.o
       272         10          0          0          0       2307   stm32f4xx_exti.o
       660         44          0          0          0       4137   stm32f4xx_gpio.o
        26          0          0          0          0      69950   stm32f4xx_it.o
      1628         52          0         16          0      12948   stm32f4xx_rcc.o
      1152         36          0          0          0       6889   stm32f4xx_spi.o
       148         12          0          0          0       1865   stm32f4xx_syscfg.o
      3234         60          0          0          0      22344   stm32f4xx_tim.o
      1108         34          0          0          0       7840   stm32f4xx_usart.o
       528         46          0         20          0       1843   system_stm32f4xx.o
       820        140          0        148          0       2675   timer.o
      6792        932          0        284       1220      41665   usart.o
       636         30          0          2        256       3797   usart3.o

    ----------------------------------------------------------------------
     30548       2488        424       3324       5776     728997   Object Totals
         0          0         32          0          0          0   (incl. Generated)
         4          0          0          9          4          0   (incl. Padding)

    ----------------------------------------------------------------------

      Code (inc. data)   RO Data    RW Data    ZI Data      Debug   Library Member Name

        24          4          0          0          0         84   __2printf.o
        44          6          0          0          0         84   __2sprintf.o
       100          0          0          0          0          0   __dclz77c.o
         8          0          0          0          0         68   __main.o
       392          4         17          0          0         92   __printf_flags_ss_wp.o
        14          0          0          0          0         68   __printf_wp.o
        52          8          0          0          0          0   __scatter.o
        28          0          0          0          0          0   __scatter_zi.o
         6          0          0          0          0          0   _printf_a.o
         6          0          0          0          0          0   _printf_c.o
        44          0          0          0          0        108   _printf_char.o
        48          6          0          0          0         96   _printf_char_common.o
        36          4          0          0          0         80   _printf_char_file.o
        40          0          0          0          0         68   _printf_charcount.o
         6          0          0          0          0          0   _printf_d.o
       116         16          0          0          0         92   _printf_dec.o
         6          0          0          0          0          0   _printf_e.o
         6          0          0          0          0          0   _printf_f.o
      1046          0          0          0          0        216   _printf_fp_dec.o
       128         16          0          0          0         84   _printf_fp_infnan.o
         6          0          0          0          0          0   _printf_g.o
       148          4         40          0          0        160   _printf_hex_int_ll_ptr.o
         6          0          0          0          0          0   _printf_i.o
       178          0          0          0          0         88   _printf_intcommon.o
        10          0          0          0          0          0   _printf_l.o
         6          0          0          0          0          0   _printf_lc.o
        10          0          0          0          0          0   _printf_ll.o
         6          0          0          0          0          0   _printf_lld.o
         6          0          0          0          0          0   _printf_lli.o
         6          0          0          0          0          0   _printf_llo.o
         6          0          0          0          0          0   _printf_llu.o
         6          0          0          0          0          0   _printf_llx.o
       120         16          0          0          0         92   _printf_longlong_dec.o
         6          0          0          0          0          0   _printf_ls.o
         6          0          0          0          0          0   _printf_n.o
         6          0          0          0          0          0   _printf_o.o
       112          8          0          0          0        124   _printf_oct_int_ll.o
         6          0          0          0          0          0   _printf_p.o
        78          0          0          0          0        108   _printf_pad.o
         0          0          0          0          0          0   _printf_percent.o
         4          0          0          0          0          0   _printf_percent_end.o
         6          0          0          0          0          0   _printf_s.o
        82          0          0          0          0         80   _printf_str.o
        36          0          0          0          0         84   _printf_truncate.o
         6          0          0          0          0          0   _printf_u.o
        44          0          0          0          0        108   _printf_wchar.o
       188          6          8          0          0         92   _printf_wctomb.o
         6          0          0          0          0          0   _printf_x.o
        10          0          0          0          0         68   _sputc.o
        64          0          0          0          0         92   _wcrtomb.o
       216          4        148          0          0         96   bigflt0.o
      1910        128          0          0          0        672   btod.o
        36          4          0          0          0         76   c89vsprintf.o
        12          0          0          0          0         72   exit.o
         8          0          0          0          0         68   ferror.o
         6          0          0          0          0        152   heapauxi.o
        44         10        272          0          0         76   lc_ctype_c.o
        44         10         28          0          0         76   lc_numeric_c.o
         2          0          0          0          0          0   libinit.o
        34          0          0          0          0          0   libinit2.o
         2          0          0          0          0          0   libshutdown.o
         2          0          0          0          0          0   libshutdown2.o
         8          4          0          0         96         68   libspace.o
       138          0          0          0          0         80   lludiv10.o
        16          4          0          0          0         76   rt_ctype_table.o
         8          4          0          0          0         68   rt_locale_intlibspace.o
        68          0          0          0          0         68   rt_memclr.o
        78          0          0          0          0         80   rt_memclr_w.o
         0          0          0          0          0          0   rtentry.o
        12          0          0          0          0          0   rtentry2.o
         6          0          0          0          0          0   rtentry4.o
         2          0          0          0          0          0   rtexit.o
        10          0          0          0          0          0   rtexit2.o
        24          0          0          0          0         68   strcat.o
        20          0          0          0          0         68   strchr.o
       128          0          0          0          0         68   strcmpv7m.o
        72          0          0          0          0         80   strcpy.o
        62          0          0          0          0         76   strlen.o
        36          0          0          0          0         80   strstr.o
        74          0          0          0          0         80   sys_stackheap_outer.o
         2          0          0          0          0         68   use_no_semi.o
         2          0          0          0          0         68   use_no_semi_2.o
       826         16          0          0          0        492   daddsub_clz.o
        24          0          0          0          0        116   dcmpi.o
        90          4          0          0          0        140   dfixu.o
        38          0          0          0          0        116   dflt_clz.o
       120          4          0          0          0        140   dleqf.o
       340         12          0          0          0        152   dmul.o
       156          4          0          0          0        140   dnaninf.o
        12          0          0          0          0        116   dretinf.o
       108          0          0          0          0        128   drleqf.o
        86          4          0          0          0        132   f2d.o
       140          4          0          0          0        132   fnaninf.o
        10          0          0          0          0        116   fpinit.o
         4          0          0          0          0        116   printf1.o
         0          0          0          0          0          0   usenofp.o
       296         28          0          0          0        280   floor.o
        48          0          0          0          0        124   fpclassify.o

    ----------------------------------------------------------------------
      8728        342        516          0        100       7060   Library Totals
        24          0          3          0          4          0   (incl. Padding)

    ----------------------------------------------------------------------

      Code (inc. data)   RO Data    RW Data    ZI Data      Debug   Library Name

      6406        266        513          0         96       4620   c_w.l
      1954         48          0          0          0       2036   fz_wm.l
       344         28          0          0          0        404   m_wm.l

    ----------------------------------------------------------------------
      8728        342        516          0        100       7060   Library Totals

    ----------------------------------------------------------------------

==============================================================================


      Code (inc. data)   RO Data    RW Data    ZI Data      Debug   

     39276       2830        940       3324       5876     726557   Grand Totals
     39276       2830        940       2796       5876     726557   ELF Image Totals (compressed)
     39276       2830        940       2796          0          0   ROM Totals

==============================================================================

    Total RO  Size (Code + RO Data)                40216 (  39.27kB)
    Total RW  Size (RW Data + ZI Data)              9200 (   8.98kB)
    Total ROM Size (Code + RO Data + RW Data)      43012 (  42.00kB)

==============================================================================

