Product: MDK-ARM Professional 5.10
Component: ARM Compiler 5.04 update 1 (build 49)
Tool: armlink [5040049]

==============================================================================

Section Cross References

    main.o(.text) refers to misc.o(.text) for NVIC_PriorityGroupConfig
    main.o(.text) refers to exti.o(.text) for EXTIX_Init
    main.o(.text) refers to delay.o(.text) for delay_init
    main.o(.text) refers to usart.o(.text) for uart_init
    main.o(.text) refers to pwm.o(.text) for TIM1_GPIO_Config
    main.o(.text) refers to moto.o(.text) for Y1Y2Reset
    main.o(.text) refers to 128s085.o(.text) for Dac128S_Init
    main.o(.text) refers to adc.o(.text) for bsp_InitADC
    main.o(.text) refers to timer.o(.text) for TIM5_Int_Init
    main.o(.text) refers to stm32f4xx_tim.o(.text) for TIM_Cmd
    main.o(.text) refers to stm32f4xx_gpio.o(.text) for GPIO_ReadInputDataBit
    main.o(.text) refers to rt_memclr.o(.text) for __aeabi_memclr
    main.o(.text) refers to devicevibration.o(.text) for MovProcess
    main.o(.text) refers to usart.o(.data) for lll
    main.o(.text) refers to main.o(.data) for Flag_run
    main.o(.text) refers to main.o(.bss) for SendBackBuff
    main.o(.text) refers to usart.o(.bss) for USART_RX_BUF
    main.o(.text) refers to moto.o(.data) for Y1RSTOV
    main.o(.text) refers to dflt_clz.o(x$fpl$dfltu) for __aeabi_ui2d
    main.o(.text) refers to dmul.o(x$fpl$dmul) for __aeabi_dmul
    main.o(.text) refers to dfixu.o(x$fpl$dfixu) for __aeabi_d2uiz
    main.o(.text) refers to adc.o(.bss) for ad
    system_stm32f4xx.o(.text) refers to system_stm32f4xx.o(.data) for SystemCoreClock
    exti.o(.text) refers to delay.o(.text) for delay_ms
    exti.o(.text) refers to stm32f4xx_gpio.o(.text) for GPIO_ReadInputDataBit
    exti.o(.text) refers to stm32f4xx_tim.o(.text) for TIM_Cmd
    exti.o(.text) refers to stm32f4xx_exti.o(.text) for EXTI_ClearITPendingBit
    exti.o(.text) refers to usart.o(.text) for Package
    exti.o(.text) refers to stm32f4xx_rcc.o(.text) for RCC_AHB1PeriphClockCmd
    exti.o(.text) refers to stm32f4xx_syscfg.o(.text) for SYSCFG_EXTILineConfig
    exti.o(.text) refers to misc.o(.text) for NVIC_Init
    exti.o(.text) refers to moto.o(.data) for X0RSTOV
    exti.o(.text) refers to main.o(.data) for Flag_run
    exti.o(.text) refers to main.o(.bss) for SendBackBuff
    exti.o(.text) refers to exti.o(.data) for TIM1_enable_door
    spi.o(.text) refers to stm32f4xx_spi.o(.text) for SPI_I2S_GetFlagStatus
    spi.o(.text) refers to stm32f4xx_rcc.o(.text) for RCC_AHB1PeriphClockCmd
    spi.o(.text) refers to stm32f4xx_gpio.o(.text) for GPIO_Init
    timer.o(.text) refers to _printf_percent.o(.ARM.Collect$$_printf_percent$$00000000) for _printf_percent
    timer.o(.text) refers to _printf_f.o(.ARM.Collect$$_printf_percent$$00000003) for _printf_f
    timer.o(.text) refers to printf1.o(x$fpl$printf1) for _printf_fp_dec
    timer.o(.text) refers to stm32f4xx_rcc.o(.text) for RCC_APB1PeriphClockCmd
    timer.o(.text) refers to stm32f4xx_tim.o(.text) for TIM_TimeBaseStructInit
    timer.o(.text) refers to misc.o(.text) for NVIC_Init
    timer.o(.text) refers to __2sprintf.o(.text) for __2sprintf
    timer.o(.text) refers to usart.o(.text) for Package
    timer.o(.text) refers to adc.o(.text) for filters
    timer.o(.text) refers to f2d.o(x$fpl$f2d) for __aeabi_f2d
    timer.o(.text) refers to moto.o(.data) for MotorY1Vib_t
    timer.o(.text) refers to timer.o(.data) for timcunt
    timer.o(.text) refers to main.o(.data) for Flag_run
    timer.o(.text) refers to adc.o(.data) for JRFlag
    timer.o(.text) refers to usart.o(.data) for uart_lock_tim5
    timer.o(.text) refers to main.o(.bss) for SendBackBuff
    timer.o(.text) refers to adc.o(.bss) for ad
    pwm.o(.text) refers to stm32f4xx_rcc.o(.text) for RCC_AHB1PeriphClockCmd
    pwm.o(.text) refers to stm32f4xx_gpio.o(.text) for GPIO_PinAFConfig
    pwm.o(.text) refers to stm32f4xx_tim.o(.text) for TIM_TimeBaseInit
    pwm.o(.text) refers to misc.o(.text) for NVIC_Init
    pwm.o(.text) refers to pwm.o(.data) for PWMX_Num
    pwm.o(.text) refers to moto.o(.bss) for srdx
    pwm.o(.text) refers to moto.o(.data) for XResetFlag
    moto.o(.text) refers to stm32f4xx_tim.o(.text) for TIM_Cmd
    moto.o(.text) refers to moto.o(.data) for XResetFlag
    moto.o(.text) refers to moto.o(.bss) for srdx
    moto.o(.text) refers to main.o(.data) for Flag_run
    moto.o(.text) refers to pwm.o(.data) for PWMY1_Num
    moto.o(.text) refers to usart.o(.data) for suspend_vib_command
    moto.o(.text) refers to exti.o(.data) for suspend_vib_door
    moto.o(.text) refers to stm32f4xx_gpio.o(.text) for GPIO_ReadInputDataBit
    moto.o(.text) refers to delay.o(.text) for delay_ms
    string_deal.o(.text) refers to dflt_clz.o(x$fpl$dflt) for __aeabi_i2d
    string_deal.o(.text) refers to f2d.o(x$fpl$f2d) for __aeabi_f2d
    string_deal.o(.text) refers to dmul.o(x$fpl$dmul) for __aeabi_dmul
[...]
    SendOneByte_uart4                        0x0800373d   Thumb Code    28  usart.o(.text)
    Send_Str_uart4                           0x08003759   Thumb Code    22  usart.o(.text)
    my_atoi                                  0x0800376f   Thumb Code   102  usart.o(.text)
    FrameCopyDeal                            0x080037d5   Thumb Code  1640  usart.o(.text)
    USART1_Send_Data                         0x08003e3d   Thumb Code   216  usart.o(.text)
    DataCheck                                0x08003f15   Thumb Code   248  usart.o(.text)
    SendBack_L                               0x0800400d   Thumb Code   240  usart.o(.text)
    SendBack_H                               0x080040fd   Thumb Code   440  usart.o(.text)
    SendBack_J                               0x080042b5   Thumb Code   548  usart.o(.text)
    SendBack_1                               0x080044d9   Thumb Code   432  usart.o(.text)
    SendBack_2                               0x08004689   Thumb Code   602  usart.o(.text)
    SendBack_3                               0x080048e3   Thumb Code   444  usart.o(.text)
    SendBack_T                               0x08004a9f   Thumb Code   614  usart.o(.text)
    SendBack_S                               0x08004d05   Thumb Code   170  usart.o(.text)
    SendBack                                 0x08004daf   Thumb Code    36  usart.o(.text)
    Reset_Handler                            0x08004df5   Thumb Code     8  startup_stm32f40_41xxx.o(.text)
    ADC_IRQHandler                           0x08004e0f   Thumb Code     0  startup_stm32f40_41xxx.o(.text)
    CAN1_RX0_IRQHandler                      0x08004e0f   Thumb Code     0  startup_stm32f40_41xxx.o(.text)
    CAN1_RX1_IRQHandler                      0x08004e0f   Thumb Code     0  startup_stm32f40_41xxx.o(.text)
    CAN1_SCE_IRQHandler                      0x08004e0f   Thumb Code     0  startup_stm32f40_41xxx.o(.text)
    CAN1_TX_IRQHandler                       0x08004e0f   Thumb Code     0  startup_stm32f40_41xxx.o(.text)
    CAN2_RX0_IRQHandler                      0x08004e0f   Thumb Code     0  startup_stm32f40_41xxx.o(.text)
    CAN2_RX1_IRQHandler                      0x08004e0f   Thumb Code     0  startup_stm32f40_41xxx.o(.text)
    CAN2_SCE_IRQHandler                      0x08004e0f   Thumb Code     0  startup_stm32f40_41xxx.o(.text)
    CAN2_TX_IRQHandler                       0x08004e0f   Thumb Code     0  startup_stm32f40_41xxx.o(.text)
    CRYP_IRQHandler                          0x08004e0f   Thumb Code     0  startup_stm32f40_41xxx.o(.text)
    DCMI_IRQHandler                          0x08004e0f   Thumb Code     0  startup_stm32f40_41xxx.o(.text)
    DMA1_Stream0_IRQHandler                  0x08004e0f   Thumb Code     0  startup_stm32f40_41xxx.o(.text)
    DMA1_Stream1_IRQHandler                  0x08004e0f   Thumb Code     0  startup_stm32f40_41xxx.o(.text)
    DMA1_Stream2_IRQHandler                  0x08004e0f   Thumb Code     0  startup_stm32f40_41xxx.o(.text)
    DMA1_Stream3_IRQHandler                  0x08004e0f   Thumb Code     0  startup_stm32f40_41xxx.o(.text)
    DMA1_Stream4_IRQHandler                  0x08004e0f   Thumb Code     0  startup_stm32f40_41xxx.o(.text)
    DMA1_Stream5_IRQHandler                  0x08004e0f   Thumb Code     0  startup_stm32f40_41xxx.o(.text)
    DMA1_Stream7_IRQHandler                  0x08004e0f   Thumb Code     0  startup_stm32f40_41xxx.o(.text)
    DMA2_Stream1_IRQHandler                  0x08004e0f   Thumb Code     0  startup_stm32f40_41xxx.o(.text)
    DMA2_Stream2_IRQHandler                  0x08004e0f   Thumb Code     0  startup_stm32f40_41xxx.o(.text)
    DMA2_Stream3_IRQHandler                  0x08004e0f   Thumb Code     0  startup_stm32f40_41xxx.o(.text)
    DMA2_Stream4_IRQHandler                  0x08004e0f   Thumb Code     0  startup_stm32f40_41xxx.o(.text)
    DMA2_Stream5_IRQHandler                  0x08004e0f   Thumb Code     0  startup_stm32f40_41xxx.o(.text)
    DMA2_Stream6_IRQHandler                  0x08004e0f   Thumb Code     0  startup_stm32f40_41xxx.o(.text)
    DMA2_Stream7_IRQHandler                  0x08004e0f   Thumb Code     0  startup_stm32f40_41xxx.o(.text)
    ETH_IRQHandler                           0x08004e0f   Thumb Code     0  startup_stm32f40_41xxx.o(.text)
    ETH_WKUP_IRQHandler                      0x08004e0f   Thumb Code     0  startup_stm32f40_41xxx.o(.text)
    EXTI0_IRQHandler                         0x08004e0f   Thumb Code     0  startup_stm32f40_41xxx.o(.text)
    EXTI15_10_IRQHandler                     0x08004e0f   Thumb Code     0  startup_stm32f40_41xxx.o(.text)
    EXTI1_IRQHandler                         0x08004e0f   Thumb Code     0  startup_stm32f40_41xxx.o(.text)
    FLASH_IRQHandler                         0x08004e0f   Thumb Code     0  startup_stm32f40_41xxx.o(.text)
    FPU_IRQHandler                           0x08004e0f   Thumb Code     0  startup_stm32f40_41xxx.o(.text)
    FSMC_IRQHandler                          0x08004e0f   Thumb Code     0  startup_stm32f40_41xxx.o(.text)
    HASH_RNG_IRQHandler                      0x08004e0f   Thumb Code     0  startup_stm32f40_41xxx.o(.text)
    I2C1_ER_IRQHandler                       0x08004e0f   Thumb Code     0  startup_stm32f40_41xxx.o(.text)
    I2C1_EV_IRQHandler                       0x08004e0f   Thumb Code     0  startup_stm32f40_41xxx.o(.text)
    I2C2_ER_IRQHandler                       0x08004e0f   Thumb Code     0  startup_stm32f40_41xxx.o(.text)
    I2C2_EV_IRQHandler                       0x08004e0f   Thumb Code     0  startup_stm32f40_41xxx.o(.text)
    I2C3_ER_IRQHandler                       0x08004e0f   Thumb Code     0  startup_stm32f40_41xxx.o(.text)
    I2C3_EV_IRQHandler                       0x08004e0f   Thumb Code     0  startup_stm32f40_41xxx.o(.text)
    OTG_FS_IRQHandler                        0x08004e0f   Thumb Code     0  startup_stm32f40_41xxx.o(.text)
    OTG_FS_WKUP_IRQHandler                   0x08004e0f   Thumb Code     0  startup_stm32f40_41xxx.o(.text)
    OTG_HS_EP1_IN_IRQHandler                 0x08004e0f   Thumb Code     0  startup_stm32f40_41xxx.o(.text)
    OTG_HS_EP1_OUT_IRQHandler                0x08004e0f   Thumb Code     0  startup_stm32f40_41xxx.o(.text)
    OTG_HS_IRQHandler                        0x08004e0f   Thumb Code     0  startup_stm32f40_41xxx.o(.text)
    OTG_HS_WKUP_IRQHandler                   0x08004e0f   Thumb Code     0  startup_stm32f40_41xxx.o(.text)
    PVD_IRQHandler                           0x08004e0f   Thumb Code     0  startup_stm32f40_41xxx.o(.text)
    RCC_IRQHandler                           0x08004e0f   Thumb Code     0  startup_stm32f40_41xxx.o(.text)
    RTC_Alarm_IRQHandler                     0x08004e0f   Thumb Code     0  startup_stm32f40_41xxx.o(.text)
    RTC_WKUP_IRQHandler                      0x08004e0f   Thumb Code     0  startup_stm32f40_41xxx.o(.text)
    SDIO_IRQHandler                          0x08004e0f   Thumb Code     0  startup_stm32f40_41xxx.o(.text)
    SPI1_IRQHandler                          0x08004e0f   Thumb Code     0  startup_stm32f40_41xxx.o(.text)
    SPI2_IRQHandler                          0x08004e0f   Thumb Code     0  startup_stm32f40_41xxx.o(.text)
    SPI3_IRQHandler                          0x08004e0f   Thumb Code     0  startup_stm32f40_41xxx.o(.text)
    TAMP_STAMP_IRQHandler                    0x08004e0f   Thumb Code     0  startup_stm32f40_41xxx.o(.text)
    TIM1_BRK_TIM9_IRQHandler                 0x08004e0f   Thumb Code     0  startup_stm32f40_41xxx.o(.text)
    TIM1_CC_IRQHandler                       0x08004e0f   Thumb Code     0  startup_stm32f40_41xxx.o(.text)
    TIM1_TRG_COM_TIM11_IRQHandler            0x08004e0f   Thumb Code     0  startup_stm32f40_41xxx.o(.text)
    TIM2_IRQHandler                          0x08004e0f   Thumb Code     0  startup_stm32f40_41xxx.o(.text)
    TIM4_IRQHandler                          0x08004e0f   Thumb Code     0  startup_stm32f40_41xxx.o(.text)
    TIM6_DAC_IRQHandler                      0x08004e0f   Thumb Code     0  startup_stm32f40_41xxx.o(.text)
    TIM8_BRK_TIM12_IRQHandler                0x08004e0f   Thumb Code     0  startup_stm32f40_41xxx.o(.text)
    TIM8_CC_IRQHandler                       0x08004e0f   Thumb Code     0  startup_stm32f40_41xxx.o(.text)
    TIM8_TRG_COM_TIM14_IRQHandler            0x08004e0f   Thumb Code     0  startup_stm32f40_41xxx.o(.text)
    UART4_IRQHandler                         0x08004e0f   Thumb Code     0  startup_stm32f40_41xxx.o(.text)
    UART5_IRQHandler                         0x08004e0f   Thumb Code     0  startup_stm32f40_41xxx.o(.text)
    USART2_IRQHandler                        0x08004e0f   Thumb Code     0  startup_stm32f40_41xxx.o(.text)
    USART6_IRQHandler                        0x08004e0f   Thumb Code     0  startup_stm32f40_41xxx.o(.text)
    WWDG_IRQHandler                          0x08004e0f   Thumb Code     0  startup_stm32f40_41xxx.o(.text)
    __user_initial_stackheap                 0x08004e11   Thumb Code     0  startup_stm32f40_41xxx.o(.text)
    NVIC_PriorityGroupConfig                 0x08004e35   Thumb Code    10  misc.o(.text)
    NVIC_Init                                0x08004e3f   Thumb Code   106  misc.o(.text)
    NVIC_SetVectorTable                      0x08004ea9   Thumb Code    14  misc.o(.text)
    NVIC_SystemLPConfig                      0x08004eb7   Thumb Code    34  misc.o(.text)
    SysTick_CLKSourceConfig                  0x08004ed9   Thumb Code    40  misc.o(.text)
    GPIO_DeInit                              0x08004f15   Thumb Code   268  stm32f4xx_gpio.o(.text)
    GPIO_Init                                0x08005021   Thumb Code   144  stm32f4xx_gpio.o(.text)
    GPIO_StructInit                          0x080050b1   Thumb Code    18  stm32f4xx_gpio.o(.text)
    GPIO_PinLockConfig                       0x080050c3   Thumb Code    34  stm32f4xx_gpio.o(.text)
    GPIO_ReadInputDataBit                    0x080050e5   Thumb Code    18  stm32f4xx_gpio.o(.text)
    GPIO_ReadInputData                       0x080050f7   Thumb Code     8  stm32f4xx_gpio.o(.text)
    GPIO_ReadOutputDataBit                   0x080050ff   Thumb Code    18  stm32f4xx_gpio.o(.text)
    GPIO_ReadOutputData                      0x08005111   Thumb Code     8  stm32f4xx_gpio.o(.text)
    GPIO_SetBits                             0x08005119   Thumb Code     4  stm32f4xx_gpio.o(.text)
    GPIO_ResetBits                           0x0800511d   Thumb Code     4  stm32f4xx_gpio.o(.text)
    GPIO_WriteBit                            0x08005121   Thumb Code    10  stm32f4xx_gpio.o(.text)
    GPIO_Write                               0x0800512b   Thumb Code     4  stm32f4xx_gpio.o(.text)
    GPIO_ToggleBits                          0x0800512f   Thumb Code     8  stm32f4xx_gpio.o(.text)
    GPIO_PinAFConfig                         0x08005137   Thumb Code    70  stm32f4xx_gpio.o(.text)
    RCC_DeInit                               0x080051a9   Thumb Code    82  stm32f4xx_rcc.o(.text)
    RCC_HSEConfig                            0x080051fb   Thumb Code    14  stm32f4xx_rcc.o(.text)
    RCC_GetFlagStatus                        0x08005209   Thumb Code    60  stm32f4xx_rcc.o(.text)
    RCC_WaitForHSEStartUp                    0x08005245   Thumb Code    56  stm32f4xx_rcc.o(.text)
    RCC_AdjustHSICalibrationValue            0x0800527d   Thumb Code    20  stm32f4xx_rcc.o(.text)
    RCC_HSICmd                               0x08005291   Thumb Code     6  stm32f4xx_rcc.o(.text)
    RCC_LSEConfig                            0x08005297   Thumb Code    46  stm32f4xx_rcc.o(.text)
    RCC_LSICmd                               0x080052c5   Thumb Code     6  stm32f4xx_rcc.o(.text)
    RCC_PLLConfig                            0x080052cb   Thumb Code    32  stm32f4xx_rcc.o(.text)
    RCC_PLLCmd                               0x080052eb   Thumb Code     6  stm32f4xx_rcc.o(.text)
    RCC_PLLI2SConfig                         0x080052f1   Thumb Code    14  stm32f4xx_rcc.o(.text)
    RCC_PLLI2SCmd                            0x080052ff   Thumb Code     6  stm32f4xx_rcc.o(.text)
    RCC_PLLSAIConfig                         0x08005305   Thumb Code    20  stm32f4xx_rcc.o(.text)
    RCC_PLLSAICmd                            0x08005319   Thumb Code     6  stm32f4xx_rcc.o(.text)
    RCC_ClockSecuritySystemCmd               0x0800531f   Thumb Code     6  stm32f4xx_rcc.o(.text)
    RCC_MCO1Config                           0x08005325   Thumb Code    28  stm32f4xx_rcc.o(.text)
    RCC_MCO2Config                           0x08005341   Thumb Code    28  stm32f4xx_rcc.o(.text)
    RCC_SYSCLKConfig                         0x0800535d   Thumb Code    20  stm32f4xx_rcc.o(.text)
    RCC_GetSYSCLKSource                      0x08005371   Thumb Code    12  stm32f4xx_rcc.o(.text)
    RCC_HCLKConfig                           0x0800537d   Thumb Code    20  stm32f4xx_rcc.o(.text)
    RCC_PCLK1Config                          0x08005391   Thumb Code    20  stm32f4xx_rcc.o(.text)
    RCC_PCLK2Config                          0x080053a5   Thumb Code    22  stm32f4xx_rcc.o(.text)
    RCC_GetClocksFreq                        0x080053bb   Thumb Code   222  stm32f4xx_rcc.o(.text)
    RCC_RTCCLKConfig                         0x08005499   Thumb Code    54  stm32f4xx_rcc.o(.text)
    RCC_RTCCLKCmd                            0x080054cf   Thumb Code     8  stm32f4xx_rcc.o(.text)
    RCC_BackupResetCmd                       0x080054d7   Thumb Code     8  stm32f4xx_rcc.o(.text)
    RCC_I2SCLKConfig                         0x080054df   Thumb Code     6  stm32f4xx_rcc.o(.text)
    RCC_SAIPLLI2SClkDivConfig                0x080054e5   Thumb Code    26  stm32f4xx_rcc.o(.text)
    RCC_SAIPLLSAIClkDivConfig                0x080054ff   Thumb Code    28  stm32f4xx_rcc.o(.text)
    RCC_SAIBlockACLKConfig                   0x0800551b   Thumb Code    20  stm32f4xx_rcc.o(.text)
    RCC_SAIBlockBCLKConfig                   0x0800552f   Thumb Code    20  stm32f4xx_rcc.o(.text)
    RCC_LTDCCLKDivConfig                     0x08005543   Thumb Code    20  stm32f4xx_rcc.o(.text)
    RCC_TIMCLKPresConfig                     0x08005557   Thumb Code     6  stm32f4xx_rcc.o(.text)
    RCC_AHB1PeriphClockCmd                   0x0800555d   Thumb Code    34  stm32f4xx_rcc.o(.text)
    RCC_AHB2PeriphClockCmd                   0x0800557f   Thumb Code    78  stm32f4xx_rcc.o(.text)
    RCC_AHB3PeriphClockCmd                   0x080055cd   Thumb Code    34  stm32f4xx_rcc.o(.text)
    RCC_APB1PeriphClockCmd                   0x080055ef   Thumb Code    34  stm32f4xx_rcc.o(.text)
    RCC_APB2PeriphClockCmd                   0x08005611   Thumb Code    34  stm32f4xx_rcc.o(.text)
    RCC_AHB1PeriphResetCmd                   0x08005633   Thumb Code    34  stm32f4xx_rcc.o(.text)
    RCC_AHB2PeriphResetCmd                   0x08005655   Thumb Code    34  stm32f4xx_rcc.o(.text)
    RCC_AHB3PeriphResetCmd                   0x08005677   Thumb Code    34  stm32f4xx_rcc.o(.text)
    RCC_APB1PeriphResetCmd                   0x08005699   Thumb Code    34  stm32f4xx_rcc.o(.text)
    RCC_APB2PeriphResetCmd                   0x080056bb   Thumb Code    34  stm32f4xx_rcc.o(.text)
    RCC_AHB1PeriphClockLPModeCmd             0x080056dd   Thumb Code    34  stm32f4xx_rcc.o(.text)
    RCC_AHB2PeriphClockLPModeCmd             0x080056ff   Thumb Code    34  stm32f4xx_rcc.o(.text)
    RCC_AHB3PeriphClockLPModeCmd             0x08005721   Thumb Code    34  stm32f4xx_rcc.o(.text)
    RCC_APB1PeriphClockLPModeCmd             0x08005743   Thumb Code    34  stm32f4xx_rcc.o(.text)
    RCC_APB2PeriphClockLPModeCmd             0x08005765   Thumb Code    34  stm32f4xx_rcc.o(.text)
    RCC_LSEModeConfig                        0x08005787   Thumb Code    40  stm32f4xx_rcc.o(.text)
    RCC_ITConfig                             0x080057af   Thumb Code    34  stm32f4xx_rcc.o(.text)
    RCC_ClearFlag                            0x080057d1   Thumb Code    18  stm32f4xx_rcc.o(.text)
    RCC_GetITStatus                          0x080057e3   Thumb Code    22  stm32f4xx_rcc.o(.text)
    RCC_ClearITPendingBit                    0x080057f9   Thumb Code     8  stm32f4xx_rcc.o(.text)
    SYSCFG_DeInit                            0x08005805   Thumb Code    22  stm32f4xx_syscfg.o(.text)
    SYSCFG_MemoryRemapConfig                 0x0800581b   Thumb Code     6  stm32f4xx_syscfg.o(.text)
    SYSCFG_MemorySwappingBank                0x08005821   Thumb Code     6  stm32f4xx_syscfg.o(.text)
    SYSCFG_EXTILineConfig                    0x08005827   Thumb Code    66  stm32f4xx_syscfg.o(.text)
    SYSCFG_ETH_MediaInterfaceConfig          0x08005869   Thumb Code     8  stm32f4xx_syscfg.o(.text)
    SYSCFG_CompensationCellCmd               0x08005871   Thumb Code     6  stm32f4xx_syscfg.o(.text)
    SYSCFG_GetCompensationCellStatus         0x08005877   Thumb Code    22  stm32f4xx_syscfg.o(.text)
    USART_DeInit                             0x08005899   Thumb Code   206  stm32f4xx_usart.o(.text)
    USART_Init                               0x08005967   Thumb Code   204  stm32f4xx_usart.o(.text)
    USART_StructInit                         0x08005a33   Thumb Code    24  stm32f4xx_usart.o(.text)
    USART_ClockInit                          0x08005a4b   Thumb Code    32  stm32f4xx_usart.o(.text)
    USART_ClockStructInit                    0x08005a6b   Thumb Code    12  stm32f4xx_usart.o(.text)
    USART_Cmd                                0x08005a77   Thumb Code    24  stm32f4xx_usart.o(.text)
    USART_SetPrescaler                       0x08005a8f   Thumb Code    16  stm32f4xx_usart.o(.text)
    USART_OverSampling8Cmd                   0x08005a9f   Thumb Code    22  stm32f4xx_usart.o(.text)
    USART_OneBitMethodCmd                    0x08005ab5   Thumb Code    24  stm32f4xx_usart.o(.text)
    USART_SendData                           0x08005acd   Thumb Code     8  stm32f4xx_usart.o(.text)
    USART_ReceiveData                        0x08005ad5   Thumb Code    10  stm32f4xx_usart.o(.text)
    USART_SetAddress                         0x08005adf   Thumb Code    18  stm32f4xx_usart.o(.text)
    USART_ReceiverWakeUpCmd                  0x08005af1   Thumb Code    24  stm32f4xx_usart.o(.text)
    USART_WakeUpConfig                       0x08005b09   Thumb Code    18  stm32f4xx_usart.o(.text)
    USART_LINBreakDetectLengthConfig         0x08005b1b   Thumb Code    18  stm32f4xx_usart.o(.text)
    USART_LINCmd                             0x08005b2d   Thumb Code    24  stm32f4xx_usart.o(.text)
    USART_SendBreak                          0x08005b45   Thumb Code    10  stm32f4xx_usart.o(.text)
    USART_HalfDuplexCmd                      0x08005b4f   Thumb Code    24  stm32f4xx_usart.o(.text)
    USART_SetGuardTime                       0x08005b67   Thumb Code    16  stm32f4xx_usart.o(.text)
    USART_SmartCardCmd                       0x08005b77   Thumb Code    24  stm32f4xx_usart.o(.text)
    USART_SmartCardNACKCmd                   0x08005b8f   Thumb Code    24  stm32f4xx_usart.o(.text)
    USART_IrDAConfig                         0x08005ba7   Thumb Code    18  stm32f4xx_usart.o(.text)
    USART_IrDACmd                            0x08005bb9   Thumb Code    24  stm32f4xx_usart.o(.text)
    USART_DMACmd                             0x08005bd1   Thumb Code    18  stm32f4xx_usart.o(.text)
    USART_ITConfig                           0x08005be3   Thumb Code    74  stm32f4xx_usart.o(.text)
    USART_GetFlagStatus                      0x08005c2d   Thumb Code    26  stm32f4xx_usart.o(.text)
    USART_ClearFlag                          0x08005c47   Thumb Code    18  stm32f4xx_usart.o(.text)
    USART_GetITStatus                        0x08005c59   Thumb Code   118  stm32f4xx_usart.o(.text)
    USART_ClearITPendingBit                  0x08005ccf   Thumb Code    30  stm32f4xx_usart.o(.text)
    DMA_DeInit                               0x08005ced   Thumb Code   324  stm32f4xx_dma.o(.text)
    DMA_Init                                 0x08005e31   Thumb Code    82  stm32f4xx_dma.o(.text)
    DMA_StructInit                           0x08005e83   Thumb Code    34  stm32f4xx_dma.o(.text)
    DMA_Cmd                                  0x08005ea5   Thumb Code    22  stm32f4xx_dma.o(.text)
    DMA_PeriphIncOffsetSizeConfig            0x08005ebb   Thumb Code    22  stm32f4xx_dma.o(.text)
    DMA_FlowControllerConfig                 0x08005ed1   Thumb Code    22  stm32f4xx_dma.o(.text)
    DMA_SetCurrDataCounter                   0x08005ee7   Thumb Code     4  stm32f4xx_dma.o(.text)
    DMA_GetCurrDataCounter                   0x08005eeb   Thumb Code     8  stm32f4xx_dma.o(.text)
    DMA_DoubleBufferModeConfig               0x08005ef3   Thumb Code    24  stm32f4xx_dma.o(.text)
    DMA_DoubleBufferModeCmd                  0x08005f0b   Thumb Code    22  stm32f4xx_dma.o(.text)
    DMA_MemoryTargetConfig                   0x08005f21   Thumb Code    10  stm32f4xx_dma.o(.text)
    DMA_GetCurrentMemoryTarget               0x08005f2b   Thumb Code    20  stm32f4xx_dma.o(.text)
    DMA_GetCmdStatus                         0x08005f3f   Thumb Code    20  stm32f4xx_dma.o(.text)
    DMA_GetFIFOStatus                        0x08005f53   Thumb Code    12  stm32f4xx_dma.o(.text)
    DMA_GetFlagStatus                        0x08005f5f   Thumb Code    56  stm32f4xx_dma.o(.text)
    DMA_ClearFlag                            0x08005f97   Thumb Code    40  stm32f4xx_dma.o(.text)
    DMA_ITConfig                             0x08005fbf   Thumb Code    58  stm32f4xx_dma.o(.text)
    DMA_GetITStatus                          0x08005ff9   Thumb Code    84  stm32f4xx_dma.o(.text)
    DMA_ClearITPendingBit                    0x0800604d   Thumb Code    40  stm32f4xx_dma.o(.text)
    EXTI_DeInit                              0x08006095   Thumb Code    28  stm32f4xx_exti.o(.text)
    EXTI_Init                                0x080060b1   Thumb Code   142  stm32f4xx_exti.o(.text)
    EXTI_StructInit                          0x0800613f   Thumb Code    16  stm32f4xx_exti.o(.text)
    EXTI_GenerateSWInterrupt                 0x0800614f   Thumb Code    16  stm32f4xx_exti.o(.text)
    EXTI_GetFlagStatus                       0x0800615f   Thumb Code    22  stm32f4xx_exti.o(.text)
    EXTI_ClearFlag                           0x08006175   Thumb Code     8  stm32f4xx_exti.o(.text)
    EXTI_GetITStatus                         0x0800617d   Thumb Code    22  stm32f4xx_exti.o(.text)
    EXTI_ClearITPendingBit                   0x08006193   Thumb Code     8  stm32f4xx_exti.o(.text)
    TIM_DeInit                               0x080061a5   Thumb Code   346  stm32f4xx_tim.o(.text)
    TIM_TimeBaseInit                         0x080062ff   Thumb Code   104  stm32f4xx_tim.o(.text)
    TIM_TimeBaseStructInit                   0x08006367   Thumb Code    18  stm32f4xx_tim.o(.text)
    TIM_PrescalerConfig                      0x08006379   Thumb Code     6  stm32f4xx_tim.o(.text)
    TIM_CounterModeConfig                    0x0800637f   Thumb Code    18  stm32f4xx_tim.o(.text)
    TIM_SetCounter                           0x08006391   Thumb Code     4  stm32f4xx_tim.o(.text)
    TIM_SetAutoreload                        0x08006395   Thumb Code     4  stm32f4xx_tim.o(.text)
    TIM_GetCounter                           0x08006399   Thumb Code     6  stm32f4xx_tim.o(.text)
    TIM_GetPrescaler                         0x0800639f   Thumb Code     6  stm32f4xx_tim.o(.text)
    TIM_UpdateDisableConfig                  0x080063a5   Thumb Code    24  stm32f4xx_tim.o(.text)
    TIM_UpdateRequestConfig                  0x080063bd   Thumb Code    24  stm32f4xx_tim.o(.text)
    TIM_ARRPreloadConfig                     0x080063d5   Thumb Code    24  stm32f4xx_tim.o(.text)
    TIM_SelectOnePulseMode                   0x080063ed   Thumb Code    18  stm32f4xx_tim.o(.text)
    TIM_SetClockDivision                     0x080063ff   Thumb Code    18  stm32f4xx_tim.o(.text)
    TIM_Cmd                                  0x08006411   Thumb Code    24  stm32f4xx_tim.o(.text)
    TIM_OC1Init                              0x08006429   Thumb Code   114  stm32f4xx_tim.o(.text)
    TIM_OC2Init                              0x0800649b   Thumb Code   154  stm32f4xx_tim.o(.text)
    TIM_OC3Init                              0x08006535   Thumb Code   204  stm32f4xx_tim.o(.text)
    TIM_OC4Init                              0x08006601   Thumb Code   112  stm32f4xx_tim.o(.text)
    TIM_OCStructInit                         0x08006671   Thumb Code    20  stm32f4xx_tim.o(.text)
    TIM_SelectOCxM                           0x08006685   Thumb Code    86  stm32f4xx_tim.o(.text)
    TIM_SetCompare1                          0x080066db   Thumb Code     4  stm32f4xx_tim.o(.text)
    TIM_SetCompare2                          0x080066df   Thumb Code     4  stm32f4xx_tim.o(.text)
    TIM_SetCompare3                          0x080066e3   Thumb Code     4  stm32f4xx_tim.o(.text)
    TIM_SetCompare4                          0x080066e7   Thumb Code     4  stm32f4xx_tim.o(.text)
    TIM_ForcedOC1Config                      0x080066eb   Thumb Code    18  stm32f4xx_tim.o(.text)
    TIM_ForcedOC2Config                      0x080066fd   Thumb Code    26  stm32f4xx_tim.o(.text)
    TIM_ForcedOC3Config                      0x08006717   Thumb Code    18  stm32f4xx_tim.o(.text)
    TIM_ForcedOC4Config                      0x08006729   Thumb Code    26  stm32f4xx_tim.o(.text)
    TIM_OC1PreloadConfig                     0x08006743   Thumb Code    18  stm32f4xx_tim.o(.text)
    TIM_OC2PreloadConfig                     0x08006755   Thumb Code    26  stm32f4xx_tim.o(.text)
    TIM_OC3PreloadConfig                     0x0800676f   Thumb Code    18  stm32f4xx_tim.o(.text)
    TIM_OC4PreloadConfig                     0x08006781   Thumb Code    26  stm32f4xx_tim.o(.text)
    TIM_OC1FastConfig                        0x0800679b   Thumb Code    18  stm32f4xx_tim.o(.text)
    TIM_OC2FastConfig                        0x080067ad   Thumb Code    26  stm32f4xx_tim.o(.text)
    TIM_OC3FastConfig                        0x080067c7   Thumb Code    18  stm32f4xx_tim.o(.text)
    TIM_OC4FastConfig                        0x080067d9   Thumb Code    26  stm32f4xx_tim.o(.text)
    TIM_ClearOC1Ref                          0x080067f3   Thumb Code    18  stm32f4xx_tim.o(.text)
    TIM_ClearOC2Ref                          0x08006805   Thumb Code    24  stm32f4xx_tim.o(.text)
    TIM_ClearOC3Ref                          0x0800681d   Thumb Code    18  stm32f4xx_tim.o(.text)
    TIM_ClearOC4Ref                          0x0800682f   Thumb Code    24  stm32f4xx_tim.o(.text)
    TIM_OC1PolarityConfig                    0x08006847   Thumb Code    18  stm32f4xx_tim.o(.text)
    TIM_OC1NPolarityConfig                   0x08006859   Thumb Code    18  stm32f4xx_tim.o(.text)
    TIM_OC2PolarityConfig                    0x0800686b   Thumb Code    26  stm32f4xx_tim.o(.text)
    TIM_OC2NPolarityConfig                   0x08006885   Thumb Code    26  stm32f4xx_tim.o(.text)
    TIM_OC3PolarityConfig                    0x0800689f   Thumb Code    26  stm32f4xx_tim.o(.text)
    TIM_OC3NPolarityConfig                   0x080068b9   Thumb Code    26  stm32f4xx_tim.o(.text)
    TIM_OC4PolarityConfig                    0x080068d3   Thumb Code    26  stm32f4xx_tim.o(.text)
    TIM_CCxCmd                               0x080068ed   Thumb Code    30  stm32f4xx_tim.o(.text)
    TIM_CCxNCmd                              0x0800690b   Thumb Code    30  stm32f4xx_tim.o(.text)
    TIM_SetIC4Prescaler                      0x08006929   Thumb Code    26  stm32f4xx_tim.o(.text)
    TIM_SetIC3Prescaler                      0x08006993   Thumb Code    18  stm32f4xx_tim.o(.text)
    TIM_SetIC2Prescaler                      0x080069ed   Thumb Code    26  stm32f4xx_tim.o(.text)
    TIM_SetIC1Prescaler                      0x08006a61   Thumb Code    18  stm32f4xx_tim.o(.text)
    TIM_ICInit                               0x08006aad   Thumb Code   110  stm32f4xx_tim.o(.text)
    TIM_ICStructInit                         0x08006b1b   Thumb Code    18  stm32f4xx_tim.o(.text)
    TIM_PWMIConfig                           0x08006b2d   Thumb Code   124  stm32f4xx_tim.o(.text)
    TIM_GetCapture1                          0x08006ba9   Thumb Code     6  stm32f4xx_tim.o(.text)
    TIM_GetCapture2                          0x08006baf   Thumb Code     6  stm32f4xx_tim.o(.text)
    TIM_GetCapture3                          0x08006bb5   Thumb Code     6  stm32f4xx_tim.o(.text)
    TIM_GetCapture4                          0x08006bbb   Thumb Code     6  stm32f4xx_tim.o(.text)
    TIM_BDTRConfig                           0x08006bc1   Thumb Code    32  stm32f4xx_tim.o(.text)
    TIM_BDTRStructInit                       0x08006be1   Thumb Code    18  stm32f4xx_tim.o(.text)
    TIM_CtrlPWMOutputs                       0x08006bf3   Thumb Code    30  stm32f4xx_tim.o(.text)
    TIM_SelectCOM                            0x08006c11   Thumb Code    24  stm32f4xx_tim.o(.text)
    TIM_CCPreloadControl                     0x08006c29   Thumb Code    24  stm32f4xx_tim.o(.text)
    TIM_ITConfig                             0x08006c41   Thumb Code    18  stm32f4xx_tim.o(.text)
    TIM_GenerateEvent                        0x08006c53   Thumb Code     4  stm32f4xx_tim.o(.text)
    TIM_GetFlagStatus                        0x08006c57   Thumb Code    18  stm32f4xx_tim.o(.text)
    TIM_ClearFlag                            0x08006c69   Thumb Code     6  stm32f4xx_tim.o(.text)
    TIM_GetITStatus                          0x08006c6f   Thumb Code    34  stm32f4xx_tim.o(.text)
    TIM_ClearITPendingBit                    0x08006c91   Thumb Code     6  stm32f4xx_tim.o(.text)
    TIM_DMAConfig                            0x08006c97   Thumb Code    10  stm32f4xx_tim.o(.text)
    TIM_DMACmd                               0x08006ca1   Thumb Code    18  stm32f4xx_tim.o(.text)
    TIM_SelectCCDMA                          0x08006cb3   Thumb Code    24  stm32f4xx_tim.o(.text)
    TIM_InternalClockConfig                  0x08006ccb   Thumb Code    12  stm32f4xx_tim.o(.text)
    TIM_SelectInputTrigger                   0x08006cd7   Thumb Code    18  stm32f4xx_tim.o(.text)
    TIM_ITRxExternalClockConfig              0x08006ce9   Thumb Code    24  stm32f4xx_tim.o(.text)
    TIM_TIxExternalClockConfig               0x08006d01   Thumb Code    62  stm32f4xx_tim.o(.text)
    TIM_ETRConfig                            0x08006d3f   Thumb Code    28  stm32f4xx_tim.o(.text)
    TIM_ETRClockMode1Config                  0x08006d5b   Thumb Code    54  stm32f4xx_tim.o(.text)
    TIM_ETRClockMode2Config                  0x08006d91   Thumb Code    32  stm32f4xx_tim.o(.text)
    TIM_SelectOutputTrigger                  0x08006db1   Thumb Code    18  stm32f4xx_tim.o(.text)
    TIM_SelectSlaveMode                      0x08006dc3   Thumb Code    18  stm32f4xx_tim.o(.text)
    TIM_SelectMasterSlaveMode                0x08006dd5   Thumb Code    18  stm32f4xx_tim.o(.text)
    TIM_EncoderInterfaceConfig               0x08006de7   Thumb Code    66  stm32f4xx_tim.o(.text)
    TIM_SelectHallSensor                     0x08006e29   Thumb Code    24  stm32f4xx_tim.o(.text)
    TIM_RemapConfig                          0x08006e41   Thumb Code     6  stm32f4xx_tim.o(.text)
    SPI_I2S_DeInit                           0x08006e49   Thumb Code   152  stm32f4xx_spi.o(.text)
    SPI_Init                                 0x08006ee1   Thumb Code    60  stm32f4xx_spi.o(.text)
    I2S_Init                                 0x08006f1d   Thumb Code   396  stm32f4xx_spi.o(.text)
    SPI_StructInit                           0x080070a9   Thumb Code    24  stm32f4xx_spi.o(.text)
    I2S_StructInit                           0x080070c1   Thumb Code    20  stm32f4xx_spi.o(.text)
    SPI_Cmd                                  0x080070d5   Thumb Code    24  stm32f4xx_spi.o(.text)
    I2S_Cmd                                  0x080070ed   Thumb Code    24  stm32f4xx_spi.o(.text)
    SPI_DataSizeConfig                       0x08007105   Thumb Code    18  stm32f4xx_spi.o(.text)
    SPI_BiDirectionalLineConfig              0x08007117   Thumb Code    28  stm32f4xx_spi.o(.text)
    SPI_NSSInternalSoftwareConfig            0x08007133   Thumb Code    30  stm32f4xx_spi.o(.text)
    SPI_SSOutputCmd                          0x08007151   Thumb Code    24  stm32f4xx_spi.o(.text)
    SPI_TIModeCmd                            0x08007169   Thumb Code    24  stm32f4xx_spi.o(.text)
    I2S_FullDuplexConfig                     0x08007181   Thumb Code    80  stm32f4xx_spi.o(.text)
    SPI_I2S_ReceiveData                      0x080071d1   Thumb Code     6  stm32f4xx_spi.o(.text)
    SPI_I2S_SendData                         0x080071d7   Thumb Code     4  stm32f4xx_spi.o(.text)
    SPI_CalculateCRC                         0x080071db   Thumb Code    24  stm32f4xx_spi.o(.text)
    SPI_TransmitCRC                          0x080071f3   Thumb Code    10  stm32f4xx_spi.o(.text)
    SPI_GetCRC                               0x080071fd   Thumb Code    16  stm32f4xx_spi.o(.text)
    SPI_GetCRCPolynomial                     0x0800720d   Thumb Code     6  stm32f4xx_spi.o(.text)
    SPI_I2S_DMACmd                           0x08007213   Thumb Code    18  stm32f4xx_spi.o(.text)
    SPI_I2S_ITConfig                         0x08007225   Thumb Code    68  stm32f4xx_spi.o(.text)
    SPI_I2S_GetFlagStatus                    0x08007269   Thumb Code    18  stm32f4xx_spi.o(.text)
    SPI_I2S_ClearFlag                        0x0800727b   Thumb Code     6  stm32f4xx_spi.o(.text)
    SPI_I2S_GetITStatus                      0x08007281   Thumb Code    52  stm32f4xx_spi.o(.text)
    SPI_I2S_ClearITPendingBit                0x080072b5   Thumb Code    20  stm32f4xx_spi.o(.text)
    ADC_DeInit                               0x080072c9   Thumb Code    22  stm32f4xx_adc.o(.text)
    ADC_Init                                 0x080072df   Thumb Code    74  stm32f4xx_adc.o(.text)
    ADC_StructInit                           0x08007329   Thumb Code    20  stm32f4xx_adc.o(.text)
    ADC_CommonInit                           0x0800733d   Thumb Code    34  stm32f4xx_adc.o(.text)
    ADC_CommonStructInit                     0x0800735f   Thumb Code    12  stm32f4xx_adc.o(.text)
    ADC_Cmd                                  0x0800736b   Thumb Code    22  stm32f4xx_adc.o(.text)
    ADC_AnalogWatchdogCmd                    0x08007381   Thumb Code    16  stm32f4xx_adc.o(.text)
    ADC_AnalogWatchdogThresholdsConfig       0x08007391   Thumb Code     6  stm32f4xx_adc.o(.text)
    ADC_AnalogWatchdogSingleChannelConfig    0x08007397   Thumb Code    16  stm32f4xx_adc.o(.text)
    ADC_TempSensorVrefintCmd                 0x080073a7   Thumb Code    34  stm32f4xx_adc.o(.text)
    ADC_VBATCmd                              0x080073c9   Thumb Code    34  stm32f4xx_adc.o(.text)
    ADC_RegularChannelConfig                 0x080073eb   Thumb Code   184  stm32f4xx_adc.o(.text)
    ADC_SoftwareStartConv                    0x080074a3   Thumb Code    10  stm32f4xx_adc.o(.text)
    ADC_GetSoftwareStartConvStatus           0x080074ad   Thumb Code    20  stm32f4xx_adc.o(.text)
    ADC_EOCOnEachRegularChannelCmd           0x080074c1   Thumb Code    22  stm32f4xx_adc.o(.text)
    ADC_ContinuousModeCmd                    0x080074d7   Thumb Code    22  stm32f4xx_adc.o(.text)
    ADC_DiscModeChannelCountConfig           0x080074ed   Thumb Code    24  stm32f4xx_adc.o(.text)
    ADC_DiscModeCmd                          0x08007505   Thumb Code    22  stm32f4xx_adc.o(.text)
    ADC_GetConversionValue                   0x0800751b   Thumb Code     8  stm32f4xx_adc.o(.text)
    ADC_GetMultiModeConversionValue          0x08007523   Thumb Code     8  stm32f4xx_adc.o(.text)
    ADC_DMACmd                               0x0800752b   Thumb Code    22  stm32f4xx_adc.o(.text)
    ADC_DMARequestAfterLastTransferCmd       0x08007541   Thumb Code    22  stm32f4xx_adc.o(.text)
    ADC_MultiModeDMARequestAfterLastTransferCmd 0x08007557   Thumb Code    34  stm32f4xx_adc.o(.text)
    ADC_InjectedChannelConfig                0x08007579   Thumb Code   130  stm32f4xx_adc.o(.text)
    ADC_InjectedSequencerLengthConfig        0x080075fb   Thumb Code    24  stm32f4xx_adc.o(.text)
    ADC_SetInjectedOffset                    0x08007613   Thumb Code    20  stm32f4xx_adc.o(.text)
    ADC_ExternalTrigInjectedConvConfig       0x08007627   Thumb Code    16  stm32f4xx_adc.o(.text)
    ADC_ExternalTrigInjectedConvEdgeConfig   0x08007637   Thumb Code    16  stm32f4xx_adc.o(.text)
    ADC_SoftwareStartInjectedConv            0x08007647   Thumb Code    10  stm32f4xx_adc.o(.text)
    ADC_GetSoftwareStartInjectedConvCmdStatus 0x08007651   Thumb Code    20  stm32f4xx_adc.o(.text)
    ADC_AutoInjectedConvCmd                  0x08007665   Thumb Code    22  stm32f4xx_adc.o(.text)
    ADC_InjectedDiscModeCmd                  0x0800767b   Thumb Code    22  stm32f4xx_adc.o(.text)
    ADC_GetInjectedConversionValue           0x08007691   Thumb Code    28  stm32f4xx_adc.o(.text)
    ADC_ITConfig                             0x080076ad   Thumb Code    56  stm32f4xx_adc.o(.text)
    ADC_GetFlagStatus                        0x080076e5   Thumb Code    18  stm32f4xx_adc.o(.text)
    ADC_ClearFlag                            0x080076f7   Thumb Code     6  stm32f4xx_adc.o(.text)
    ADC_GetITStatus                          0x080076fd   Thumb Code    38  stm32f4xx_adc.o(.text)
    ADC_ClearITPendingBit                    0x08007723   Thumb Code    10  stm32f4xx_adc.o(.text)
    Delay                                    0x0800772d   Thumb Code    26  devicevibration.o(.text)
    MovProcess                               0x08007747   Thumb Code  3008  devicevibration.o(.text)
    __use_no_semihosting                     0x0800833d   Thumb Code     2  use_no_semi_2.o(.text)
    __c89vsprintf                            0x08008341   Thumb Code    32  c89vsprintf.o(.text)
    __2printf                                0x08008365   Thumb Code    20  __2printf.o(.text)
    __2sprintf                               0x0800837d   Thumb Code    38  __2sprintf.o(.text)
    _printf_pre_padding                      0x080083a9   Thumb Code    44  _printf_pad.o(.text)
    _printf_post_padding                     0x080083d5   Thumb Code    34  _printf_pad.o(.text)
    _printf_str                              0x080083f7   Thumb Code    82  _printf_str.o(.text)
    _printf_int_dec                          0x08008449   Thumb Code   100  _printf_dec.o(.text)
    _printf_longlong_hex                     0x080084bd   Thumb Code    86  _printf_hex_int_ll_ptr.o(.text)
    _printf_int_hex                          0x08008513   Thumb Code    28  _printf_hex_int_ll_ptr.o(.text)
    _printf_ll_hex                           0x0800852f   Thumb Code    12  _printf_hex_int_ll_ptr.o(.text)
    _printf_hex_ptr                          0x0800853b   Thumb Code    18  _printf_hex_int_ll_ptr.o(.text)
    __printf                                 0x08008551   Thumb Code   388  __printf_flags_ss_wp.o(.text)
    strchr                                   0x080086d9   Thumb Code    20  strchr.o(.text)
    strncat                                  0x080086ed   Thumb Code    36  strncat.o(.text)
    strstr                                   0x08008711   Thumb Code    36  strstr.o(.text)
    strcpy                                   0x08008735   Thumb Code    72  strcpy.o(.text)
    strlen                                   0x0800877d   Thumb Code    62  strlen.o(.text)
    strcat                                   0x080087bb   Thumb Code    24  strcat.o(.text)
    __aeabi_memclr                           0x080087d3   Thumb Code     0  rt_memclr.o(.text)
    __rt_memclr                              0x080087d3   Thumb Code    68  rt_memclr.o(.text)
    _memset                                  0x080087d7   Thumb Code     0  rt_memclr.o(.text)
    __aeabi_memclr4                          0x08008817   Thumb Code     0  rt_memclr_w.o(.text)
    __aeabi_memclr8                          0x08008817   Thumb Code     0  rt_memclr_w.o(.text)
    __rt_memclr_w                            0x08008817   Thumb Code    78  rt_memclr_w.o(.text)
    _memset_w                                0x0800881b   Thumb Code     0  rt_memclr_w.o(.text)
    strcmp                                   0x08008865   Thumb Code   128  strcmpv7m.o(.text)
    __use_two_region_memory                  0x080088e5   Thumb Code     2  heapauxi.o(.text)
    __rt_heap_escrow$2region                 0x080088e7   Thumb Code     2  heapauxi.o(.text)
    __rt_heap_expand$2region                 0x080088e9   Thumb Code     2  heapauxi.o(.text)
    __I$use$semihosting                      0x080088eb   Thumb Code     0  use_no_semi.o(.text)
    __use_no_semihosting_swi                 0x080088eb   Thumb Code     2  use_no_semi.o(.text)
    _printf_truncate_signed                  0x080088ed   Thumb Code    18  _printf_truncate.o(.text)
    _printf_truncate_unsigned                0x080088ff   Thumb Code    18  _printf_truncate.o(.text)
    _printf_int_common                       0x08008911   Thumb Code   178  _printf_intcommon.o(.text)
    _printf_charcount                        0x080089c3   Thumb Code    40  _printf_charcount.o(.text)
    __lib_sel_fp_printf                      0x080089eb   Thumb Code     2  _printf_fp_dec.o(.text)
    _printf_fp_dec_real                      0x08008b99   Thumb Code   616  _printf_fp_dec.o(.text)
    _printf_char_common                      0x08008e0b   Thumb Code    32  _printf_char_common.o(.text)
    _sputc                                   0x08008e31   Thumb Code    10  _sputc.o(.text)
    _printf_cs_common                        0x08008e3b   Thumb Code    20  _printf_char.o(.text)
    _printf_char                             0x08008e4f   Thumb Code    16  _printf_char.o(.text)
    _printf_string                           0x08008e5f   Thumb Code     8  _printf_char.o(.text)
    _printf_char_file                        0x08008e69   Thumb Code    32  _printf_char_file.o(.text)
    _printf_wctomb                           0x08008e8d   Thumb Code   182  _printf_wctomb.o(.text)
    _printf_longlong_dec                     0x08008f49   Thumb Code   104  _printf_longlong_dec.o(.text)
    _printf_longlong_oct                     0x08008fc1   Thumb Code    68  _printf_oct_int_ll.o(.text)
    _printf_int_oct                          0x08009005   Thumb Code    24  _printf_oct_int_ll.o(.text)
    _printf_ll_oct                           0x0800901d   Thumb Code    12  _printf_oct_int_ll.o(.text)
    __rt_locale                              0x08009031   Thumb Code     8  rt_locale_intlibspace.o(.text)
    _ll_udiv10                               0x08009039   Thumb Code   138  lludiv10.o(.text)
    _printf_fp_infnan                        0x080090c5   Thumb Code   112  _printf_fp_infnan.o(.text)
    _printf_lcs_common                       0x08009145   Thumb Code    20  _printf_wchar.o(.text)
    _printf_wchar                            0x08009159   Thumb Code    16  _printf_wchar.o(.text)
    _printf_wstring                          0x08009169   Thumb Code     8  _printf_wchar.o(.text)
    _btod_etento                             0x08009171   Thumb Code   212  bigflt0.o(.text)
    ferror                                   0x08009249   Thumb Code     8  ferror.o(.text)
    _wcrtomb                                 0x08009251   Thumb Code    64  _wcrtomb.o(.text)
    __user_libspace                          0x08009291   Thumb Code     8  libspace.o(.text)
    __user_perproc_libspace                  0x08009291   Thumb Code     0  libspace.o(.text)
    __user_perthread_libspace                0x08009291   Thumb Code     0  libspace.o(.text)
    __user_setup_stackheap                   0x08009299   Thumb Code    74  sys_stackheap_outer.o(.text)
    __rt_ctype_table                         0x080092e5   Thumb Code    16  rt_ctype_table.o(.text)
    exit                                     0x080092f5   Thumb Code    12  exit.o(.text)
    _btod_d2e                                0x08009301   Thumb Code    62  btod.o(CL$$btod_d2e)
    _d2e_denorm_low                          0x0800933f   Thumb Code    70  btod.o(CL$$btod_d2e_denorm_low)
    _d2e_norm_op1                            0x08009385   Thumb Code    96  btod.o(CL$$btod_d2e_norm_op1)
    __btod_div_common                        0x080093e5   Thumb Code   696  btod.o(CL$$btod_div_common)
    _e2e                                     0x0800971d   Thumb Code   198  btod.o(CL$$btod_e2e)
    _btod_ediv                               0x080097e3   Thumb Code    40  btod.o(CL$$btod_ediv)
    _btod_emul                               0x0800980b   Thumb Code    40  btod.o(CL$$btod_emul)
    __btod_mult_common                       0x08009833   Thumb Code   580  btod.o(CL$$btod_mult_common)
    __ARM_fpclassify                         0x08009a77   Thumb Code    48  fpclassify.o(i.__ARM_fpclassify)
    __hardfp_floor                           0x08009aa9   Thumb Code   252  floor.o(i.__hardfp_floor)
    _is_digit                                0x08009bc1   Thumb Code    14  __printf_wp.o(i._is_digit)
    floor                                    0x08009bcf   Thumb Code    16  floor.o(i.floor)
    _get_lc_numeric                          0x08009be1   Thumb Code    44  lc_numeric_c.o(locale$$code)
    _get_lc_ctype                            0x08009c0d   Thumb Code    44  lc_ctype_c.o(locale$$code)
    __aeabi_dadd                             0x08009c39   Thumb Code     0  daddsub_clz.o(x$fpl$dadd)
    _dadd                                    0x08009c39   Thumb Code   332  daddsub_clz.o(x$fpl$dadd)
    __fpl_dcmp_Inf                           0x08009d89   Thumb Code    24  dcmpi.o(x$fpl$dcmpinf)
    __aeabi_d2uiz                            0x08009da1   Thumb Code     0  dfixu.o(x$fpl$dfixu)
    _dfixu                                   0x08009da1   Thumb Code    90  dfixu.o(x$fpl$dfixu)
    __aeabi_ui2d                             0x08009dfb   Thumb Code     0  dflt_clz.o(x$fpl$dfltu)
    _dfltu                                   0x08009dfb   Thumb Code    38  dflt_clz.o(x$fpl$dfltu)
    __aeabi_cdcmple                          0x08009e21   Thumb Code     0  dleqf.o(x$fpl$dleqf)
    _dcmple                                  0x08009e21   Thumb Code   120  dleqf.o(x$fpl$dleqf)
    __fpl_dcmple_InfNaN                      0x08009e83   Thumb Code     0  dleqf.o(x$fpl$dleqf)
    __aeabi_dmul                             0x08009e99   Thumb Code     0  dmul.o(x$fpl$dmul)
    _dmul                                    0x08009e99   Thumb Code   332  dmul.o(x$fpl$dmul)
    __fpl_dnaninf                            0x08009fed   Thumb Code   156  dnaninf.o(x$fpl$dnaninf)
    __fpl_dretinf                            0x0800a089   Thumb Code    12  dretinf.o(x$fpl$dretinf)
    __aeabi_cdrcmple                         0x0800a095   Thumb Code     0  drleqf.o(x$fpl$drleqf)
    _drcmple                                 0x0800a095   Thumb Code   108  drleqf.o(x$fpl$drleqf)
    __aeabi_drsub                            0x0800a101   Thumb Code     0  daddsub_clz.o(x$fpl$drsb)
    _drsb                                    0x0800a101   Thumb Code    22  daddsub_clz.o(x$fpl$drsb)
    __aeabi_dsub                             0x0800a119   Thumb Code     0  daddsub_clz.o(x$fpl$dsub)
    _dsub                                    0x0800a119   Thumb Code   464  daddsub_clz.o(x$fpl$dsub)
    __aeabi_f2d                              0x0800a2ed   Thumb Code     0  f2d.o(x$fpl$f2d)
    _f2d                                     0x0800a2ed   Thumb Code    86  f2d.o(x$fpl$f2d)
    __fpl_fnaninf                            0x0800a343   Thumb Code   140  fnaninf.o(x$fpl$fnaninf)
    _fp_init                                 0x0800a3cf   Thumb Code    10  fpinit.o(x$fpl$fpinit)
    __fplib_config_fpu_vfp                   0x0800a3d7   Thumb Code     0  fpinit.o(x$fpl$fpinit)
    __fplib_config_pureend_doubles           0x0800a3d7   Thumb Code     0  fpinit.o(x$fpl$fpinit)
    _printf_fp_dec                           0x0800a3d9   Thumb Code     4  printf1.o(x$fpl$printf1)
    __I$use$fp                               0x0800a3dc   Number         0  usenofp.o(x$fpl$usenofp)
    Region$$Table$$Base                      0x0800a4b4   Number         0  anon$$obj.o(Region$$Table)
    Region$$Table$$Limit                     0x0800a4d4   Number         0  anon$$obj.o(Region$$Table)
    __ctype                                  0x0800a4fd   Data           0  lc_ctype_c.o(locale$$data)
    Flag_run                                 0x20000000   Data           1  main.o(.data)
    read                                     0x20000001   Data           1  main.o(.data)
    fun_tim                                  0x20000002   Data           2  main.o(.data)
    SystemCoreClock                          0x20000004   Data           4  system_stm32f4xx.o(.data)
    AHBPrescTable                            0x20000008   Data          16  system_stm32f4xx.o(.data)
    AB_cnt                                   0x20000018   Data           4  exti.o(.data)
    Current_zcnt                             0x2000001c   Data           2  exti.o(.data)
    Z_cnt                                    0x2000001e   Data           2  exti.o(.data)
    TIM1_enable_door                         0x20000020   Data           1  exti.o(.data)
    TIM3_enable_door                         0x20000021   Data           1  exti.o(.data)
    TIM8_enable_door                         0x20000022   Data           1  exti.o(.data)
    suspend_vib_door                         0x20000023   Data           1  exti.o(.data)
    Flag_Hatch                               0x20000028   Data           1  timer.o(.data)
    Count_TIMER3_Interupter                  0x2000002c   Data           4  timer.o(.data)
    ADCFlag                                  0x20000030   Data           1  timer.o(.data)
    tim                                      0x20000031   Data           1  timer.o(.data)
    DialogBoxT1                              0x20000032   Data          17  timer.o(.data)
    DialogBoxT2                              0x20000043   Data          17  timer.o(.data)
    DialogBoxT3                              0x20000054   Data          17  timer.o(.data)
    DialogBoxT4                              0x20000065   Data          17  timer.o(.data)
    DialogBoxT5                              0x20000076   Data          17  timer.o(.data)
    DialogBoxT6                              0x20000087   Data          17  timer.o(.data)
    DialogBoxT7                              0x20000098   Data          17  timer.o(.data)
    DialogBoxT8                              0x200000a9   Data          17  timer.o(.data)
    PWMX_Num                                 0x200000bc   Data           4  pwm.o(.data)
    PWMY1_Num                                0x200000c0   Data           4  pwm.o(.data)
    PWMY2_Num                                0x200000c4   Data           4  pwm.o(.data)
    XACC                                     0x200000c8   Data         160  moto.o(.data)
    XACCReset                                0x20000168   Data         160  moto.o(.data)
    YACC                                     0x20000208   Data         144  moto.o(.data)
    Y1SFlag                                  0x20000298   Data           1  moto.o(.data)
    XResetFlag                               0x20000299   Data           1  moto.o(.data)
    Y1ResFlag                                0x2000029a   Data           1  moto.o(.data)
    Y2ResFlag                                0x2000029b   Data           1  moto.o(.data)
    Y1Y2ACC                                  0x2000029c   Data          12  moto.o(.data)
    Y1RSTOV                                  0x200002a8   Data           1  moto.o(.data)
    Y2RSTOV                                  0x200002a9   Data           1  moto.o(.data)
    X0RSTOV                                  0x200002aa   Data           1  moto.o(.data)
    Y1Y2RSTOV                                0x200002ab   Data           1  moto.o(.data)
    RSTALARM                                 0x200002ac   Data           1  moto.o(.data)
    door                                     0x200002ad   Data           1  moto.o(.data)
    Vib                                      0x200002ae   Data           1  moto.o(.data)
    XStopFlag                                0x200002af   Data           1  moto.o(.data)
    YStopFlag                                0x200002b0   Data           1  moto.o(.data)
    Y1Y2_state                               0x200002b1   Data           1  moto.o(.data)
    MotorY1Vib_t                             0x200002b2   Data           2  moto.o(.data)
    TableAdc                                 0x200002ba   Data        1152  adc.o(.data)
    TableDac                                 0x2000073a   Data        1152  adc.o(.data)
    TempLast                                 0x20000bba   Data           8  adc.o(.data)
    FlagDMA                                  0x20000bc2   Data           1  adc.o(.data)
    JRFlag                                   0x20000bc3   Data           1  adc.o(.data)
    JRTime                                   0x20000bc4   Data           2  adc.o(.data)
    USART3_RX_STA                            0x20000bc6   Data           2  usart3.o(.data)
    __stdout                                 0x20000bcc   Data           4  usart.o(.data)
    USART_RX_STA                             0x20000bd0   Data           2  usart.o(.data)
    Sending                                  0x20000bd2   Data           1  usart.o(.data)
    dat_ok                                   0x20000bd3   Data           1  usart.o(.data)
    HeadOk                                   0x20000bd4   Data           1  usart.o(.data)
    HeadPosition                             0x20000bd6   Data           2  usart.o(.data)
    HeaderOk                                 0x20000bd8   Data           1  usart.o(.data)
    reving                                   0x20000bd9   Data           1  usart.o(.data)
    WriteP                                   0x20000bda   Data           2  usart.o(.data)
    ReadP                                    0x20000bdc   Data           2  usart.o(.data)
    uart_lock_tim5                           0x20000bde   Data           1  usart.o(.data)
    t1k                                      0x20000bdf   Data           1  usart.o(.data)
    t2k                                      0x20000be0   Data           1  usart.o(.data)
    t3k                                      0x20000be1   Data           1  usart.o(.data)
    t4k                                      0x20000be2   Data           1  usart.o(.data)
    t5k                                      0x20000be3   Data           1  usart.o(.data)
    t6k                                      0x20000be4   Data           1  usart.o(.data)
    t7k                                      0x20000be5   Data           1  usart.o(.data)
    t0k                                      0x20000be6   Data           1  usart.o(.data)
    w0r                                      0x20000be7   Data           1  usart.o(.data)
    w1r                                      0x20000be8   Data           1  usart.o(.data)
    w2r                                      0x20000be9   Data           1  usart.o(.data)
    w3r                                      0x20000bea   Data           1  usart.o(.data)
    w4r                                      0x20000beb   Data           1  usart.o(.data)
    w5r                                      0x20000bec   Data           1  usart.o(.data)
    w6r                                      0x20000bed   Data           1  usart.o(.data)
    w7r                                      0x20000bee   Data           1  usart.o(.data)
    vibbottom0                               0x20000bef   Data           1  usart.o(.data)
    vibbottom1                               0x20000bf0   Data           1  usart.o(.data)
    vibbottom2                               0x20000bf1   Data           1  usart.o(.data)
    vibbottom3                               0x20000bf2   Data           1  usart.o(.data)
    vibbottom4                               0x20000bf3   Data           1  usart.o(.data)
    vibbottom5                               0x20000bf4   Data           1  usart.o(.data)
    vibbottom6                               0x20000bf5   Data           1  usart.o(.data)
    vibbottom7                               0x20000bf6   Data           1  usart.o(.data)
    vibbottom8                               0x20000bf7   Data           1  usart.o(.data)
    FrameLen                                 0x20000bf8   Data           2  usart.o(.data)
    sss                                      0x20000bfa   Data           1  usart.o(.data)
    ppp                                      0x20000bfb   Data           1  usart.o(.data)
    lll                                      0x20000bfc   Data           2  usart.o(.data)
    uuu                                      0x20000bfe   Data           2  usart.o(.data)
    tzw                                      0x20000c00   Data           2  usart.o(.data)
    s0p                                      0x20000c02   Data           2  usart.o(.data)
    s1p                                      0x20000c04   Data           2  usart.o(.data)
    s2p                                      0x20000c06   Data           2  usart.o(.data)
    s3p                                      0x20000c08   Data           2  usart.o(.data)
    s4p                                      0x20000c0a   Data           2  usart.o(.data)
    s5p                                      0x20000c0c   Data           2  usart.o(.data)
    usy                                      0x20000c0e   Data           2  usart.o(.data)
    xdelt                                    0x20000c10   Data           2  usart.o(.data)
    y1firstmov                               0x20000c12   Data           2  usart.o(.data)
    y2firstmov                               0x20000c14   Data           2  usart.o(.data)
    BufId                                    0x20000c16   Data           5  usart.o(.data)
    BufValue                                 0x20000c1b   Data           5  usart.o(.data)
    NumValue                                 0x20000c20   Data           2  usart.o(.data)
    WorkStatusBuf1                           0x20000c22   Data          15  usart.o(.data)
    WorkStatusBuf2                           0x20000c31   Data          15  usart.o(.data)
    WorkStatusBuf3                           0x20000c40   Data          15  usart.o(.data)
    WorkStatusBuf4                           0x20000c4f   Data          15  usart.o(.data)
    WorkStatusBuf5                           0x20000c5e   Data          15  usart.o(.data)
    WorkStatusBuf6                           0x20000c6d   Data          15  usart.o(.data)
    WorkStatusBuf7                           0x20000c7c   Data          15  usart.o(.data)
    WorkStatusBuf8                           0x20000c8b   Data          15  usart.o(.data)
    WorkStatusBuf9                           0x20000c9a   Data          15  usart.o(.data)
    WorkStatusBuf10                          0x20000ca9   Data          15  usart.o(.data)
    WorkStatusBuf11                          0x20000cb8   Data          18  usart.o(.data)
    WorkStatusBuf12                          0x20000cca   Data          15  usart.o(.data)
    RS232_RX_CNT                             0x20000cda   Data           2  usart.o(.data)
    Flag_Deal                                0x20000cdc   Data           2  usart.o(.data)
    Circle_Frame_REC                         0x20000cde   Data           2  usart.o(.data)
    Circle_Frame_Deal                        0x20000ce0   Data           2  usart.o(.data)
    SeqNum_Frame_REC                         0x20000ce2   Data           1  usart.o(.data)
    SeqNum_Frame_Deal                        0x20000ce3   Data           1  usart.o(.data)
    suspend_vib_command                      0x20000ce4   Data           1  usart.o(.data)
    TIM1_enable_usart                        0x20000ce5   Data           1  usart.o(.data)
    TIM3_enable_usart                        0x20000ce6   Data           1  usart.o(.data)
    TIM8_enable_usart                        0x20000ce7   Data           1  usart.o(.data)
    RunFlag                                  0x20000cf8   Data           1  devicevibration.o(.data)
    SendBackBuff                             0x20000cfc   Data          20  main.o(.bss)
    YACCReset                                0x20000d10   Data          24  moto.o(.bss)
    srdx                                     0x20000d28   Data          20  moto.o(.bss)
    srd1y                                    0x20000d3c   Data          20  moto.o(.bss)
    srd2y                                    0x20000d50   Data          20  moto.o(.bss)
    ad                                       0x20000d64   Data          32  adc.o(.bss)
    aADCDualConvertedValue                   0x20000d84   Data        1024  adc.o(.bss)
    TempNow                                  0x20001184   Data          32  adc.o(.bss)
    ConvertedValue                           0x200011a4   Data        1536  adc.o(.bss)
    BDDac                                    0x200017a4   Data          16  adc.o(.bss)
    BDAdc                                    0x200017b4   Data          16  adc.o(.bss)
    USART3_TX_BUF                            0x200017c8   Data         128  usart3.o(.bss)
    USART3_RX_BUF                            0x20001848   Data         128  usart3.o(.bss)
    USART_RX_BUF                             0x200018c8   Data         300  usart.o(.bss)
    EEprom                                   0x200019f4   Data         100  usart.o(.bss)
    FrameDeal                                0x20001a58   Data          16  usart.o(.bss)
    SendBackBuf                              0x20001a68   Data          20  usart.o(.bss)
    Frame_Store                              0x20001a7c   Data         768  usart.o(.bss)
    RS232_RX_BUF                             0x20001d7c   Data          16  usart.o(.bss)
    __libspace_start                         0x20001d8c   Data          96  libspace.o(.bss)
    __temporary_stack_top$libspace           0x20001dec   Data           0  libspace.o(.bss)



==============================================================================

Memory Map of the image

  Image Entry point : 0x08000189

  Load Region LR_IROM1 (Base: 0x08000000, Size: 0x0000b2fc, Max: 0x00100000, ABSOLUTE, COMPRESSED[0x0000b0ec])

    Execution Region ER_IROM1 (Base: 0x08000000, Size: 0x0000a600, Max: 0x00100000, ABSOLUTE)

    Base Addr    Size         Type   Attr      Idx    E Section Name        Object

    0x08000000   0x00000188   Data   RO          705    RESET               startup_stm32f40_41xxx.o
    0x08000188   0x00000008   Code   RO         1135  * !!!main             c_w.l(__main.o)
    0x08000190   0x00000034   Code   RO         1500    !!!scatter          c_w.l(__scatter.o)
    0x080001c4   0x00000064   Code   RO         1498    !!dclz77c           c_w.l(__dclz77c.o)
    0x08000228   0x0000001c   Code   RO         1502    !!handler_zi        c_w.l(__scatter_zi.o)
    0x08000244   0x00000000   Code   RO         1114    .ARM.Collect$$_printf_percent$$00000000  c_w.l(_printf_percent.o)
    0x08000244   0x00000006   Code   RO         1222    .ARM.Collect$$_printf_percent$$00000001  c_w.l(_printf_n.o)
    0x0800024a   0x00000006   Code   RO         1223    .ARM.Collect$$_printf_percent$$00000002  c_w.l(_printf_p.o)
    0x08000250   0x00000006   Code   RO         1113    .ARM.Collect$$_printf_percent$$00000003  c_w.l(_printf_f.o)
    0x08000256   0x00000006   Code   RO         1227    .ARM.Collect$$_printf_percent$$00000004  c_w.l(_printf_e.o)
    0x0800025c   0x00000006   Code   RO         1228    .ARM.Collect$$_printf_percent$$00000005  c_w.l(_printf_g.o)
    0x08000262   0x00000006   Code   RO         1229    .ARM.Collect$$_printf_percent$$00000006  c_w.l(_printf_a.o)
    0x08000268   0x0000000a   Code   RO         1234    .ARM.Collect$$_printf_percent$$00000007  c_w.l(_printf_ll.o)
    0x08000272   0x00000006   Code   RO         1225    .ARM.Collect$$_printf_percent$$00000008  c_w.l(_printf_i.o)
    0x08000278   0x00000006   Code   RO         1112    .ARM.Collect$$_printf_percent$$00000009  c_w.l(_printf_d.o)
    0x0800027e   0x00000006   Code   RO         1226    .ARM.Collect$$_printf_percent$$0000000A  c_w.l(_printf_u.o)
    0x08000284   0x00000006   Code   RO         1224    .ARM.Collect$$_printf_percent$$0000000B  c_w.l(_printf_o.o)
    0x0800028a   0x00000006   Code   RO         1111    .ARM.Collect$$_printf_percent$$0000000C  c_w.l(_printf_x.o)
    0x08000290   0x00000006   Code   RO         1231    .ARM.Collect$$_printf_percent$$0000000D  c_w.l(_printf_lli.o)
    0x08000296   0x00000006   Code   RO         1232    .ARM.Collect$$_printf_percent$$0000000E  c_w.l(_printf_lld.o)
    0x0800029c   0x00000006   Code   RO         1233    .ARM.Collect$$_printf_percent$$0000000F  c_w.l(_printf_llu.o)
    0x080002a2   0x00000006   Code   RO         1238    .ARM.Collect$$_printf_percent$$00000010  c_w.l(_printf_llo.o)
    0x080002a8   0x00000006   Code   RO         1239    .ARM.Collect$$_printf_percent$$00000011  c_w.l(_printf_llx.o)
    0x080002ae   0x0000000a   Code   RO         1235    .ARM.Collect$$_printf_percent$$00000012  c_w.l(_printf_l.o)
    0x080002b8   0x00000006   Code   RO         1221    .ARM.Collect$$_printf_percent$$00000013  c_w.l(_printf_c.o)
    0x080002be   0x00000006   Code   RO         1110    .ARM.Collect$$_printf_percent$$00000014  c_w.l(_printf_s.o)
    0x080002c4   0x00000006   Code   RO         1236    .ARM.Collect$$_printf_percent$$00000015  c_w.l(_printf_lc.o)
    0x080002ca   0x00000006   Code   RO         1237    .ARM.Collect$$_printf_percent$$00000016  c_w.l(_printf_ls.o)
    0x080002d0   0x00000004   Code   RO         1230    .ARM.Collect$$_printf_percent$$00000017  c_w.l(_printf_percent_end.o)
    0x080002d4   0x00000002   Code   RO         1369    .ARM.Collect$$libinit$$00000000  c_w.l(libinit.o)
    0x080002d6   0x00000004   Code   RO         1370    .ARM.Collect$$libinit$$00000001  c_w.l(libinit2.o)
    0x080002da   0x00000000   Code   RO         1374    .ARM.Collect$$libinit$$00000008  c_w.l(libinit2.o)
    0x080002da   0x00000000   Code   RO         1376    .ARM.Collect$$libinit$$0000000A  c_w.l(libinit2.o)
    0x080002da   0x00000000   Code   RO         1378    .ARM.Collect$$libinit$$0000000C  c_w.l(libinit2.o)
    0x080002da   0x00000006   Code   RO         1379    .ARM.Collect$$libinit$$0000000D  c_w.l(libinit2.o)
    0x080002e0   0x00000000   Code   RO         1381    .ARM.Collect$$libinit$$0000000F  c_w.l(libinit2.o)
    0x080002e0   0x0000000c   Code   RO         1382    .ARM.Collect$$libinit$$00000010  c_w.l(libinit2.o)
    0x080002ec   0x00000000   Code   RO         1383    .ARM.Collect$$libinit$$00000011  c_w.l(libinit2.o)
    0x080002ec   0x00000000   Code   RO         1385    .ARM.Collect$$libinit$$00000013  c_w.l(libinit2.o)
    0x080002ec   0x0000000a   Code   RO         1386    .ARM.Collect$$libinit$$00000014  c_w.l(libinit2.o)
    0x080002f6   0x00000000   Code   RO         1387    .ARM.Collect$$libinit$$00000015  c_w.l(libinit2.o)
    0x080002f6   0x00000000   Code   RO         1389    .ARM.Collect$$libinit$$00000017  c_w.l(libinit2.o)
    0x080002f6   0x00000000   Code   RO         1391    .ARM.Collect$$libinit$$00000019  c_w.l(libinit2.o)
    0x080002f6   0x00000000   Code   RO         1393    .ARM.Collect$$libinit$$0000001B  c_w.l(libinit2.o)
    0x080002f6   0x00000000   Code   RO         1395    .ARM.Collect$$libinit$$0000001D  c_w.l(libinit2.o)
    0x080002f6   0x00000000   Code   RO         1397    .ARM.Collect$$libinit$$0000001F  c_w.l(libinit2.o)
    0x080002f6   0x00000000   Code   RO         1399    .ARM.Collect$$libinit$$00000021  c_w.l(libinit2.o)
    0x080002f6   0x00000000   Code   RO         1401    .ARM.Collect$$libinit$$00000023  c_w.l(libinit2.o)
    0x080002f6   0x00000000   Code   RO         1405    .ARM.Collect$$libinit$$0000002A  c_w.l(libinit2.o)
    0x080002f6   0x00000000   Code   RO         1407    .ARM.Collect$$libinit$$0000002C  c_w.l(libinit2.o)
    0x080002f6   0x00000000   Code   RO         1409    .ARM.Collect$$libinit$$0000002E  c_w.l(libinit2.o)
    0x080002f6   0x00000000   Code   RO         1411    .ARM.Collect$$libinit$$00000030  c_w.l(libinit2.o)
    0x080002f6   0x00000002   Code   RO         1412    .ARM.Collect$$libinit$$00000031  c_w.l(libinit2.o)
    0x080002f8   0x00000002   Code   RO         1449    .ARM.Collect$$libshutdown$$00000000  c_w.l(libshutdown.o)
    0x080002fa   0x00000000   Code   RO         1459    .ARM.Collect$$libshutdown$$00000003  c_w.l(libshutdown2.o)
    0x080002fa   0x00000000   Code   RO         1462    .ARM.Collect$$libshutdown$$00000006  c_w.l(libshutdown2.o)
    0x080002fa   0x00000000   Code   RO         1465    .ARM.Collect$$libshutdown$$00000009  c_w.l(libshutdown2.o)
    0x080002fa   0x00000000   Code   RO         1467    .ARM.Collect$$libshutdown$$0000000B  c_w.l(libshutdown2.o)
    0x080002fa   0x00000000   Code   RO         1470    .ARM.Collect$$libshutdown$$0000000E  c_w.l(libshutdown2.o)
    0x080002fa   0x00000002   Code   RO         1471    .ARM.Collect$$libshutdown$$0000000F  c_w.l(libshutdown2.o)
    0x080002fc   0x00000000   Code   RO         1191    .ARM.Collect$$rtentry$$00000000  c_w.l(rtentry.o)
    0x080002fc   0x00000000   Code   RO         1281    .ARM.Collect$$rtentry$$00000002  c_w.l(rtentry2.o)
    0x080002fc   0x00000006   Code   RO         1293    .ARM.Collect$$rtentry$$00000004  c_w.l(rtentry4.o)
    0x08000302   0x00000000   Code   RO         1283    .ARM.Collect$$rtentry$$00000009  c_w.l(rtentry2.o)
    0x08000302   0x00000004   Code   RO         1284    .ARM.Collect$$rtentry$$0000000A  c_w.l(rtentry2.o)
    0x08000306   0x00000000   Code   RO         1286    .ARM.Collect$$rtentry$$0000000C  c_w.l(rtentry2.o)
    0x08000306   0x00000008   Code   RO         1287    .ARM.Collect$$rtentry$$0000000D  c_w.l(rtentry2.o)
    0x0800030e   0x00000002   Code   RO         1417    .ARM.Collect$$rtexit$$00000000  c_w.l(rtexit.o)
    0x08000310   0x00000000   Code   RO         1429    .ARM.Collect$$rtexit$$00000002  c_w.l(rtexit2.o)
    0x08000310   0x00000004   Code   RO         1430    .ARM.Collect$$rtexit$$00000003  c_w.l(rtexit2.o)
    0x08000314   0x00000006   Code   RO         1431    .ARM.Collect$$rtexit$$00000004  c_w.l(rtexit2.o)
    0x0800031a   0x00000002   PAD
    0x0800031c   0x00000aa0   Code   RO            3    .text               main.o
    0x08000dbc   0x0000001a   Code   RO          181    .text               stm32f4xx_it.o
    0x08000dd6   0x00000002   PAD
    0x08000dd8   0x00000210   Code   RO          233    .text               system_stm32f4xx.o
    0x08000fe8   0x00000324   Code   RO          259    .text               exti.o
    0x0800130c   0x00000544   Code   RO          317    .text               timer.o
    0x08001850   0x00000574   Code   RO          344    .text               pwm.o
    0x08001dc4   0x00000848   Code   RO          370    .text               moto.o
    0x0800260c   0x000005fc   Code   RO          444    .text               adc.o
    0x08002c08   0x0000027c   Code   RO          471    .text               usart3.o
    0x08002e84   0x00000204   Code   RO          505    .text               128s085.o
    0x08003088   0x00000104   Code   RO          525    .text               delay.o
    0x0800318c   0x00001c68   Code   RO          565    .text               usart.o
    0x08004df4   0x00000040   Code   RO          706    .text               startup_stm32f40_41xxx.o
    0x08004e34   0x000000e0   Code   RO          712    .text               misc.o
    0x08004f14   0x00000294   Code   RO          732    .text               stm32f4xx_gpio.o
    0x080051a8   0x0000065c   Code   RO          775    .text               stm32f4xx_rcc.o
    0x08005804   0x00000094   Code   RO          797    .text               stm32f4xx_syscfg.o
    0x08005898   0x00000454   Code   RO          817    .text               stm32f4xx_usart.o
    0x08005cec   0x000003a8   Code   RO          857    .text               stm32f4xx_dma.o
    0x08006094   0x00000110   Code   RO          877    .text               stm32f4xx_exti.o
    0x080061a4   0x00000ca2   Code   RO          937    .text               stm32f4xx_tim.o
    0x08006e46   0x00000002   PAD
    0x08006e48   0x00000480   Code   RO          957    .text               stm32f4xx_spi.o
    0x080072c8   0x00000464   Code   RO          977    .text               stm32f4xx_adc.o
    0x0800772c   0x00000c10   Code   RO         1017    .text               devicevibration.o
    0x0800833c   0x00000002   Code   RO         1049    .text               c_w.l(use_no_semi_2.o)
    0x0800833e   0x00000002   PAD
    0x08008340   0x00000024   Code   RO         1051    .text               c_w.l(c89vsprintf.o)
    0x08008364   0x00000018   Code   RO         1053    .text               c_w.l(__2printf.o)
    0x0800837c   0x0000002c   Code   RO         1055    .text               c_w.l(__2sprintf.o)
    0x080083a8   0x0000004e   Code   RO         1063    .text               c_w.l(_printf_pad.o)
    0x080083f6   0x00000052   Code   RO         1065    .text               c_w.l(_printf_str.o)
    0x08008448   0x00000074   Code   RO         1067    .text               c_w.l(_printf_dec.o)
    0x080084bc   0x00000094   Code   RO         1087    .text               c_w.l(_printf_hex_int_ll_ptr.o)
    0x08008550   0x00000188   Code   RO         1107    .text               c_w.l(__printf_flags_ss_wp.o)
    0x080086d8   0x00000014   Code   RO         1115    .text               c_w.l(strchr.o)
    0x080086ec   0x00000024   Code   RO         1117    .text               c_w.l(strncat.o)
    0x08008710   0x00000024   Code   RO         1119    .text               c_w.l(strstr.o)
    0x08008734   0x00000048   Code   RO         1121    .text               c_w.l(strcpy.o)
    0x0800877c   0x0000003e   Code   RO         1123    .text               c_w.l(strlen.o)
    0x080087ba   0x00000018   Code   RO         1125    .text               c_w.l(strcat.o)
    0x080087d2   0x00000044   Code   RO         1127    .text               c_w.l(rt_memclr.o)
    0x08008816   0x0000004e   Code   RO         1129    .text               c_w.l(rt_memclr_w.o)
    0x08008864   0x00000080   Code   RO         1131    .text               c_w.l(strcmpv7m.o)
    0x080088e4   0x00000006   Code   RO         1133    .text               c_w.l(heapauxi.o)
    0x080088ea   0x00000002   Code   RO         1189    .text               c_w.l(use_no_semi.o)
    0x080088ec   0x00000024   Code   RO         1194    .text               c_w.l(_printf_truncate.o)
    0x08008910   0x000000b2   Code   RO         1196    .text               c_w.l(_printf_intcommon.o)
    0x080089c2   0x00000028   Code   RO         1198    .text               c_w.l(_printf_charcount.o)
    0x080089ea   0x00000416   Code   RO         1200    .text               c_w.l(_printf_fp_dec.o)
    0x08008e00   0x00000030   Code   RO         1202    .text               c_w.l(_printf_char_common.o)
    0x08008e30   0x0000000a   Code   RO         1204    .text               c_w.l(_sputc.o)
    0x08008e3a   0x0000002c   Code   RO         1206    .text               c_w.l(_printf_char.o)
    0x08008e66   0x00000002   PAD
    0x08008e68   0x00000024   Code   RO         1208    .text               c_w.l(_printf_char_file.o)
    0x08008e8c   0x000000bc   Code   RO         1210    .text               c_w.l(_printf_wctomb.o)
    0x08008f48   0x00000078   Code   RO         1213    .text               c_w.l(_printf_longlong_dec.o)
    0x08008fc0   0x00000070   Code   RO         1219    .text               c_w.l(_printf_oct_int_ll.o)
    0x08009030   0x00000008   Code   RO         1298    .text               c_w.l(rt_locale_intlibspace.o)
    0x08009038   0x0000008a   Code   RO         1305    .text               c_w.l(lludiv10.o)
    0x080090c2   0x00000002   PAD
    0x080090c4   0x00000080   Code   RO         1307    .text               c_w.l(_printf_fp_infnan.o)
    0x08009144   0x0000002c   Code   RO         1311    .text               c_w.l(_printf_wchar.o)
    0x08009170   0x000000d8   Code   RO         1313    .text               c_w.l(bigflt0.o)
    0x08009248   0x00000008   Code   RO         1338    .text               c_w.l(ferror.o)
    0x08009250   0x00000040   Code   RO         1342    .text               c_w.l(_wcrtomb.o)
    0x08009290   0x00000008   Code   RO         1355    .text               c_w.l(libspace.o)
    0x08009298   0x0000004a   Code   RO         1358    .text               c_w.l(sys_stackheap_outer.o)
    0x080092e2   0x00000002   PAD
    0x080092e4   0x00000010   Code   RO         1360    .text               c_w.l(rt_ctype_table.o)
    0x080092f4   0x0000000c   Code   RO         1362    .text               c_w.l(exit.o)
    0x08009300   0x0000003e   Code   RO         1316    CL$$btod_d2e        c_w.l(btod.o)
    0x0800933e   0x00000046   Code   RO         1318    CL$$btod_d2e_denorm_low  c_w.l(btod.o)
    0x08009384   0x00000060   Code   RO         1317    CL$$btod_d2e_norm_op1  c_w.l(btod.o)
    0x080093e4   0x00000338   Code   RO         1326    CL$$btod_div_common  c_w.l(btod.o)
    0x0800971c   0x000000c6   Code   RO         1323    CL$$btod_e2e        c_w.l(btod.o)
    0x080097e2   0x00000028   Code   RO         1320    CL$$btod_ediv       c_w.l(btod.o)
    0x0800980a   0x00000028   Code   RO         1319    CL$$btod_emul       c_w.l(btod.o)
    0x08009832   0x00000244   Code   RO         1325    CL$$btod_mult_common  c_w.l(btod.o)
    0x08009a76   0x00000030   Code   RO         1263    i.__ARM_fpclassify  m_wm.l(fpclassify.o)
    0x08009aa6   0x00000002   PAD
    0x08009aa8   0x00000118   Code   RO         1169    i.__hardfp_floor    m_wm.l(floor.o)
    0x08009bc0   0x0000000e   Code   RO         1100    i._is_digit         c_w.l(__printf_wp.o)
    0x08009bce   0x00000010   Code   RO         1171    i.floor             m_wm.l(floor.o)
    0x08009bde   0x00000002   PAD
    0x08009be0   0x0000002c   Code   RO         1345    locale$$code        c_w.l(lc_numeric_c.o)
    0x08009c0c   0x0000002c   Code   RO         1420    locale$$code        c_w.l(lc_ctype_c.o)
    0x08009c38   0x00000150   Code   RO         1139    x$fpl$dadd          fz_wm.l(daddsub_clz.o)
    0x08009d88   0x00000018   Code   RO         1413    x$fpl$dcmpinf       fz_wm.l(dcmpi.o)
    0x08009da0   0x0000005a   Code   RO         1153    x$fpl$dfixu         fz_wm.l(dfixu.o)
    0x08009dfa   0x00000026   Code   RO         1157    x$fpl$dfltu         fz_wm.l(dflt_clz.o)
    0x08009e20   0x00000078   Code   RO         1349    x$fpl$dleqf         fz_wm.l(dleqf.o)
    0x08009e98   0x00000154   Code   RO         1163    x$fpl$dmul          fz_wm.l(dmul.o)
    0x08009fec   0x0000009c   Code   RO         1242    x$fpl$dnaninf       fz_wm.l(dnaninf.o)
    0x0800a088   0x0000000c   Code   RO         1244    x$fpl$dretinf       fz_wm.l(dretinf.o)
    0x0800a094   0x0000006c   Code   RO         1246    x$fpl$drleqf        fz_wm.l(drleqf.o)
    0x0800a100   0x00000016   Code   RO         1140    x$fpl$drsb          fz_wm.l(daddsub_clz.o)
    0x0800a116   0x00000002   PAD
    0x0800a118   0x000001d4   Code   RO         1141    x$fpl$dsub          fz_wm.l(daddsub_clz.o)
    0x0800a2ec   0x00000056   Code   RO         1165    x$fpl$f2d           fz_wm.l(f2d.o)
    0x0800a342   0x0000008c   Code   RO         1248    x$fpl$fnaninf       fz_wm.l(fnaninf.o)
    0x0800a3ce   0x0000000a   Code   RO         1424    x$fpl$fpinit        fz_wm.l(fpinit.o)
    0x0800a3d8   0x00000004   Code   RO         1167    x$fpl$printf1       fz_wm.l(printf1.o)
    0x0800a3dc   0x00000000   Code   RO         1254    x$fpl$usenofp       fz_wm.l(usenofp.o)
    0x0800a3dc   0x00000028   Data   RO         1088    .constdata          c_w.l(_printf_hex_int_ll_ptr.o)
    0x0800a404   0x00000011   Data   RO         1108    .constdata          c_w.l(__printf_flags_ss_wp.o)
    0x0800a415   0x00000003   PAD
    0x0800a418   0x00000008   Data   RO         1211    .constdata          c_w.l(_printf_wctomb.o)
    0x0800a420   0x00000094   Data   RO         1314    .constdata          c_w.l(bigflt0.o)
    0x0800a4b4   0x00000020   Data   RO         1496    Region$$Table       anon$$obj.o
    0x0800a4d4   0x0000001c   Data   RO         1344    locale$$data        c_w.l(lc_numeric_c.o)
    0x0800a4f0   0x00000110   Data   RO         1419    locale$$data        c_w.l(lc_ctype_c.o)


    Execution Region RW_IRAM1 (Base: 0x20000000, Size: 0x000023f0, Max: 0x00020000, ABSOLUTE, COMPRESSED[0x00000aec])

    Base Addr    Size         Type   Attr      Idx    E Section Name        Object

    0x20000000   0x00000004   Data   RW            5    .data               main.o
    0x20000004   0x00000014   Data   RW          234    .data               system_stm32f4xx.o
    0x20000018   0x0000000d   Data   RW          260    .data               exti.o
    0x20000025   0x00000003   PAD
    0x20000028   0x00000094   Data   RW          318    .data               timer.o
    0x200000bc   0x0000000c   Data   RW          345    .data               pwm.o
    0x200000c8   0x000001f1   Data   RW          372    .data               moto.o
    0x200002b9   0x00000001   PAD
    0x200002ba   0x0000090c   Data   RW          446    .data               adc.o
    0x20000bc6   0x00000002   Data   RW          473    .data               usart3.o
    0x20000bc8   0x00000004   Data   RW          526    .data               delay.o
    0x20000bcc   0x0000011c   Data   RW          567    .data               usart.o
    0x20000ce8   0x00000010   Data   RW          776    .data               stm32f4xx_rcc.o
    0x20000cf8   0x00000001   Data   RW         1019    .data               devicevibration.o
    0x20000cf9   0x00000003   PAD
    0x20000cfc   0x00000014   Zero   RW            4    .bss                main.o
    0x20000d10   0x00000054   Zero   RW          371    .bss                moto.o
    0x20000d64   0x00000a60   Zero   RW          445    .bss                adc.o
    0x200017c4   0x00000004   PAD
    0x200017c8   0x00000100   Zero   RW          472    .bss                usart3.o
    0x200018c8   0x000004c4   Zero   RW          566    .bss                usart.o
    0x20001d8c   0x00000060   Zero   RW         1356    .bss                c_w.l(libspace.o)
    0x20001dec   0x00000004   PAD
    0x20001df0   0x00000200   Zero   RW          704    HEAP                startup_stm32f40_41xxx.o
    0x20001ff0   0x00000400   Zero   RW          703    STACK               startup_stm32f40_41xxx.o


==============================================================================

Image component sizes


      Code (inc. data)   RO Data    RW Data    ZI Data      Debug   Object Name

       516         18          0          0          0       1842   128s085.o
      1532         50          0       2316       2656       5680   adc.o
       260          8          0          4          0       1673   delay.o
      3088        246          0          1          0       3336   devicevibration.o
       804         92          0         13          0       2434   exti.o
      2720        360          0          4         20     350559   main.o
       224         20          0          0          0       2053   misc.o
      2120        252          0        497         84       7395   moto.o
      1396         98          0         12          0       3078   pwm.o
        64         26        392          0       1536        896   startup_stm32f40_41xxx.o
      1124         24          0          0          0      10730   stm32f4xx_adc.o
       936         32          0          0          0       6529   stm32f4xx_dma.o
       272         10          0          0          0       2499   stm32f4xx_exti.o
       660         44          0          0          0       4329   stm32f4xx_gpio.o
        26          0          0          0          0       1342   stm32f4xx_it.o
      1628         52          0         16          0      13236   stm32f4xx_rcc.o
      1152         36          0          0          0       7081   stm32f4xx_spi.o
       148         12          0          0          0       1961   stm32f4xx_syscfg.o
      3234         60          0          0          0      22536   stm32f4xx_tim.o
      1108         34          0          0          0       8032   stm32f4xx_usart.o
       528         46          0         20          0       2131   system_stm32f4xx.o
      1348        154          0        148          0       3472   timer.o
      7272        970          0        284       1220     285431   usart.o
       636         30          0          2        256       4085   usart3.o

    ----------------------------------------------------------------------
     32800       2674        424       3324       5776     752340   Object Totals
         0          0         32          0          0          0   (incl. Generated)
         4          0          0          7          4          0   (incl. Padding)

    ----------------------------------------------------------------------

      Code (inc. data)   RO Data    RW Data    ZI Data      Debug   Library Member Name

        24          4          0          0          0         84   __2printf.o
        44          6          0          0          0         84   __2sprintf.o
       100          0          0          0          0          0   __dclz77c.o
         8          0          0          0          0         68   __main.o
       392          4         17          0          0         92   __printf_flags_ss_wp.o
        14          0          0          0          0         68   __printf_wp.o
        52          8          0          0          0          0   __scatter.o
        28          0          0          0          0          0   __scatter_zi.o
         6          0          0          0          0          0   _printf_a.o
         6          0          0          0          0          0   _printf_c.o
        44          0          0          0          0        108   _printf_char.o
        48          6          0          0          0         96   _printf_char_common.o
        36          4          0          0          0         80   _printf_char_file.o
        40          0          0          0          0         68   _printf_charcount.o
         6          0          0          0          0          0   _printf_d.o
       116         16          0          0          0         92   _printf_dec.o
         6          0          0          0          0          0   _printf_e.o
         6          0          0          0          0          0   _printf_f.o
      1046          0          0          0          0        216   _printf_fp_dec.o
       128         16          0          0          0         84   _printf_fp_infnan.o
         6          0          0          0          0          0   _printf_g.o
       148          4         40          0          0        160   _printf_hex_int_ll_ptr.o
         6          0          0          0          0          0   _printf_i.o
       178          0          0          0          0         88   _printf_intcommon.o
        10          0          0          0          0          0   _printf_l.o
         6          0          0          0          0          0   _printf_lc.o
        10          0          0          0          0          0   _printf_ll.o
         6          0          0          0          0          0   _printf_lld.o
         6          0          0          0          0          0   _printf_lli.o
         6          0          0          0          0          0   _printf_llo.o
         6          0          0          0          0          0   _printf_llu.o
         6          0          0          0          0          0   _printf_llx.o
       120         16          0          0          0         92   _printf_longlong_dec.o
         6          0          0          0          0          0   _printf_ls.o
         6          0          0          0          0          0   _printf_n.o
         6          0          0          0          0          0   _printf_o.o
       112          8          0          0          0        124   _printf_oct_int_ll.o
         6          0          0          0          0          0   _printf_p.o
        78          0          0          0          0        108   _printf_pad.o
         0          0          0          0          0          0   _printf_percent.o
         4          0          0          0          0          0   _printf_percent_end.o
         6          0          0          0          0          0   _printf_s.o
        82          0          0          0          0         80   _printf_str.o
        36          0          0          0          0         84   _printf_truncate.o
         6          0          0          0          0          0   _printf_u.o
        44          0          0          0          0        108   _printf_wchar.o
       188          6          8          0          0         92   _printf_wctomb.o
         6          0          0          0          0          0   _printf_x.o
        10          0          0          0          0         68   _sputc.o
        64          0          0          0          0         92   _wcrtomb.o
       216          4        148          0          0         96   bigflt0.o
      1910        128          0          0          0        672   btod.o
        36          4          0          0          0         76   c89vsprintf.o
        12          0          0          0          0         72   exit.o
         8          0          0          0          0         68   ferror.o
         6          0          0          0          0        152   heapauxi.o
        44         10        272          0          0         76   lc_ctype_c.o
        44         10         28          0          0         76   lc_numeric_c.o
         2          0          0          0          0          0   libinit.o
        34          0          0          0          0          0   libinit2.o
         2          0          0          0          0          0   libshutdown.o
         2          0          0          0          0          0   libshutdown2.o
         8          4          0          0         96         68   libspace.o
       138          0          0          0          0         80   lludiv10.o
        16          4          0          0          0         76   rt_ctype_table.o
         8          4          0          0          0         68   rt_locale_intlibspace.o
        68          0          0          0          0         68   rt_memclr.o
        78          0          0          0          0         80   rt_memclr_w.o
         0          0          0          0          0          0   rtentry.o
        12          0          0          0          0          0   rtentry2.o
         6          0          0          0          0          0   rtentry4.o
         2          0          0          0          0          0   rtexit.o
        10          0          0          0          0          0   rtexit2.o
        24          0          0          0          0         68   strcat.o
        20          0          0          0          0         68   strchr.o
       128          0          0          0          0         68   strcmpv7m.o
        72          0          0          0          0         80   strcpy.o
        62          0          0          0          0         76   strlen.o
        36          0          0          0          0         76   strncat.o
        36          0          0          0          0         80   strstr.o
        74          0          0          0          0         80   sys_stackheap_outer.o
         2          0          0          0          0         68   use_no_semi.o
         2          0          0          0          0         68   use_no_semi_2.o
       826         16          0          0          0        492   daddsub_clz.o
        24          0          0          0          0        116   dcmpi.o
        90          4          0          0          0        140   dfixu.o
        38          0          0          0          0        116   dflt_clz.o
       120          4          0          0          0        140   dleqf.o
       340         12          0          0          0        152   dmul.o
       156          4          0          0          0        140   dnaninf.o
        12          0          0          0          0        116   dretinf.o
       108          0          0          0          0        128   drleqf.o
        86          4          0          0          0        132   f2d.o
       140          4          0          0          0        132   fnaninf.o
        10          0          0          0          0        116   fpinit.o
         4          0          0          0          0        116   printf1.o
         0          0          0          0          0          0   usenofp.o
       296         28          0          0          0        280   floor.o
        48          0          0          0          0        124   fpclassify.o

    ----------------------------------------------------------------------
      8756        342        516          0        100       7136   Library Totals
        16          0          3          0          4          0   (incl. Padding)

    ----------------------------------------------------------------------

      Code (inc. data)   RO Data    RW Data    ZI Data      Debug   Library Name

      6442        266        513          0         96       4696   c_w.l
      1954         48          0          0          0       2036   fz_wm.l
       344         28          0          0          0        404   m_wm.l

    ----------------------------------------------------------------------
      8756        342        516          0        100       7136   Library Totals

    ----------------------------------------------------------------------

==============================================================================


      Code (inc. data)   RO Data    RW Data    ZI Data      Debug   

     41556       3016        940       3324       5876     749924   Grand Totals
     41556       3016        940       2796       5876     749924   ELF Image Totals (compressed)
     41556       3016        940       2796          0          0   ROM Totals

==============================================================================

    Total RO  Size (Code + RO Data)                42496 (  41.50kB)
    Total RW  Size (RW Data + ZI Data)              9200 (   8.98kB)
    Total ROM Size (Code + RO Data + RW Data)      45292 (  44.23kB)

==============================================================================

